{"event":"DB_INIT","level":"info","message":"MongoDB connected and SuperAdmin setup verified","status":"success","time":"2025-07-12T08:41:02.289Z","timestamp":"2025-07-12 14:26:02"}
{"event":"DB_INIT","level":"info","message":"MongoDB connected and SuperAdmin setup verified","status":"success","time":"2025-07-12T08:41:25.311Z","timestamp":"2025-07-12 14:26:25"}
{"event":"DB_INIT","level":"info","message":"MongoDB connected and SuperAdmin setup verified","status":"success","time":"2025-07-12T08:41:43.862Z","timestamp":"2025-07-12 14:26:43"}
{"event":"DB_INIT","level":"info","message":"MongoDB connected and SuperAdmin setup verified","status":"success","time":"2025-07-12T08:41:53.486Z","timestamp":"2025-07-12 14:26:53"}
{"event":"DB_INIT","level":"info","message":"MongoDB connected and SuperAdmin setup verified","status":"success","time":"2025-07-12T08:42:10.930Z","timestamp":"2025-07-12 14:27:10"}
{"event":"DB_INIT","level":"info","message":"MongoDB connected and SuperAdmin setup verified","status":"success","time":"2025-07-12T08:42:26.502Z","timestamp":"2025-07-12 14:27:26"}
{"event":"DB_INIT","level":"info","message":"MongoDB connected and SuperAdmin setup verified","status":"success","time":"2025-07-12T08:42:27.823Z","timestamp":"2025-07-12 14:27:27"}
{"event":"DB_INIT","level":"info","message":"MongoDB connected and SuperAdmin setup verified","status":"success","time":"2025-07-12T08:42:29.916Z","timestamp":"2025-07-12 14:27:29"}
{"email":"sagarcantretri@gmail.com","ip":"::1","level":"info","message":"User logged in","time":"2025-07-12T08:47:46.731Z","timestamp":"2025-07-12 14:32:46","userId":"687177acd3ea77516cc6da9c"}
{"event":"DB_INIT","level":"info","message":"MongoDB connected and SuperAdmin setup verified","status":"success","time":"2025-07-12T08:48:22.876Z","timestamp":"2025-07-12 14:33:22"}
{"email":"sagarcantretri@gmail.com","ip":"::1","level":"info","message":"User logged in","time":"2025-07-12T08:48:51.184Z","timestamp":"2025-07-12 14:33:51","userId":"687177acd3ea77516cc6da9c"}
{"event":"DB_INIT","level":"info","message":"MongoDB connected and SuperAdmin setup verified","status":"success","time":"2025-07-12T08:51:55.359Z","timestamp":"2025-07-12 14:36:55"}
{"event":"DB_INIT","level":"info","message":"MongoDB connected and SuperAdmin setup verified","status":"success","time":"2025-07-12T08:51:57.860Z","timestamp":"2025-07-12 14:36:57"}
{"event":"DB_INIT","level":"info","message":"MongoDB connected and SuperAdmin setup verified","status":"success","time":"2025-07-12T08:52:01.682Z","timestamp":"2025-07-12 14:37:01"}
{"event":"DB_INIT","level":"info","message":"MongoDB connected and SuperAdmin setup verified","status":"success","time":"2025-07-12T08:52:07.387Z","timestamp":"2025-07-12 14:37:07"}
{"event":"DB_INIT","level":"info","message":"MongoDB connected and SuperAdmin setup verified","status":"success","time":"2025-07-12T08:52:18.764Z","timestamp":"2025-07-12 14:37:18"}
{"event":"DB_INIT","level":"info","message":"MongoDB connected and SuperAdmin setup verified","status":"success","time":"2025-07-12T08:52:24.825Z","timestamp":"2025-07-12 14:37:24"}
{"event":"DB_INIT","level":"info","message":"MongoDB connected and SuperAdmin setup verified","status":"success","time":"2025-07-12T08:56:11.406Z","timestamp":"2025-07-12 14:41:11"}
{"event":"DB_INIT","level":"info","message":"MongoDB connected and SuperAdmin setup verified","status":"success","time":"2025-07-12T08:56:20.526Z","timestamp":"2025-07-12 14:41:20"}
{"event":"DB_INIT","level":"info","message":"MongoDB connected and SuperAdmin setup verified","status":"success","time":"2025-07-12T08:58:16.824Z","timestamp":"2025-07-12 14:43:16"}
{"event":"DB_INIT","level":"info","message":"MongoDB connected and SuperAdmin setup verified","status":"success","time":"2025-07-12T08:58:19.603Z","timestamp":"2025-07-12 14:43:19"}
{"event":"DB_INIT","level":"info","message":"MongoDB connected and SuperAdmin setup verified","status":"success","time":"2025-07-12T08:58:29.484Z","timestamp":"2025-07-12 14:43:29"}
{"event":"DB_INIT","level":"info","message":"MongoDB connected and SuperAdmin setup verified","status":"success","time":"2025-07-12T08:58:36.740Z","timestamp":"2025-07-12 14:43:36"}
{"event":"DB_INIT","level":"info","message":"MongoDB connected and SuperAdmin setup verified","status":"success","time":"2025-07-12T08:58:38.737Z","timestamp":"2025-07-12 14:43:38"}
{"event":"DB_INIT","level":"info","message":"MongoDB connected and SuperAdmin setup verified","status":"success","time":"2025-07-12T08:59:09.001Z","timestamp":"2025-07-12 14:44:09"}
{"email":"sagarcantretri@gmail.com","ip":"::1","level":"info","message":"User logged in","time":"2025-07-12T08:59:17.807Z","timestamp":"2025-07-12 14:44:17","userId":"687177acd3ea77516cc6da9c"}
{"email":"sagarcantretri@gmail.com","ip":"::1","level":"info","message":"User logged in","time":"2025-07-12T09:02:33.875Z","timestamp":"2025-07-12 14:47:33","userId":"687177acd3ea77516cc6da9c"}
{"email":"sagarcantretri@gmail.com","ip":"::1","level":"info","message":"User logged in","time":"2025-07-12T09:17:20.878Z","timestamp":"2025-07-12 15:02:20","userId":"687177acd3ea77516cc6da9c"}
{"email":"superadmin@gmail.com","ip":"::1","level":"info","message":"User logged in","time":"2025-07-12T09:22:19.158Z","timestamp":"2025-07-12 15:07:19","userId":"686fd53659e952e19b5d8516"}
{"email":"superadmin@gmail.com","ip":"::1","level":"info","message":"User logged in","time":"2025-07-12T09:42:33.743Z","timestamp":"2025-07-12 15:27:33","userId":"686fd53659e952e19b5d8516"}
{"event":"DB_INIT","level":"info","message":"MongoDB connected and SuperAdmin setup verified","status":"success","time":"2025-07-12T09:42:43.396Z","timestamp":"2025-07-12 15:27:43"}
{"email":"sagarcantretri@gmail.com","ip":"::1","level":"info","message":"User logged in","time":"2025-07-12T09:43:15.247Z","timestamp":"2025-07-12 15:28:15","userId":"687177acd3ea77516cc6da9c"}
{"email":"sagarcantretri@gmail.com","ip":"::1","level":"info","message":"User logged in","time":"2025-07-12T09:45:32.522Z","timestamp":"2025-07-12 15:30:32","userId":"687177acd3ea77516cc6da9c"}
{"email":"sagarcantretri@gmail.com","ip":"::1","level":"info","message":"User logged in","time":"2025-07-12T09:45:49.288Z","timestamp":"2025-07-12 15:30:49","userId":"687177acd3ea77516cc6da9c"}
{"email":"sagarcantretri@gmail.com","ip":"::1","level":"info","message":"User logged in","time":"2025-07-12T09:47:18.574Z","timestamp":"2025-07-12 15:32:18","userId":"687177acd3ea77516cc6da9c"}
{"event":"DB_INIT","level":"info","message":"MongoDB connected and SuperAdmin setup verified","status":"success","time":"2025-07-12T09:51:39.628Z","timestamp":"2025-07-12 15:36:39"}
{"event":"DB_INIT","level":"info","message":"MongoDB connected and SuperAdmin setup verified","status":"success","time":"2025-07-12T09:51:49.622Z","timestamp":"2025-07-12 15:36:49"}
{"event":"DB_INIT","level":"info","message":"MongoDB connected and SuperAdmin setup verified","status":"success","time":"2025-07-12T09:51:52.211Z","timestamp":"2025-07-12 15:36:52"}
{"event":"DB_INIT","level":"info","message":"MongoDB connected and SuperAdmin setup verified","status":"success","time":"2025-07-12T09:51:58.827Z","timestamp":"2025-07-12 15:36:58"}
{"event":"DB_INIT","level":"info","message":"MongoDB connected and SuperAdmin setup verified","status":"success","time":"2025-07-12T09:52:02.015Z","timestamp":"2025-07-12 15:37:02"}
{"event":"DB_INIT","level":"info","message":"MongoDB connected and SuperAdmin setup verified","status":"success","time":"2025-07-12T09:52:11.491Z","timestamp":"2025-07-12 15:37:11"}
{"event":"DB_INIT","level":"info","message":"MongoDB connected and SuperAdmin setup verified","status":"success","time":"2025-07-12T09:52:28.337Z","timestamp":"2025-07-12 15:37:28"}
{"event":"DB_INIT","level":"info","message":"MongoDB connected and SuperAdmin setup verified","status":"success","time":"2025-07-12T09:52:47.953Z","timestamp":"2025-07-12 15:37:47"}
{"event":"DB_INIT","level":"info","message":"MongoDB connected and SuperAdmin setup verified","status":"success","time":"2025-07-12T09:53:05.592Z","timestamp":"2025-07-12 15:38:05"}
{"event":"DB_INIT","level":"info","message":"MongoDB connected and SuperAdmin setup verified","status":"success","time":"2025-07-12T09:53:19.877Z","timestamp":"2025-07-12 15:38:19"}
{"event":"DB_INIT","level":"info","message":"MongoDB connected and SuperAdmin setup verified","status":"success","time":"2025-07-12T09:53:22.197Z","timestamp":"2025-07-12 15:38:22"}
{"event":"DB_INIT","level":"info","message":"MongoDB connected and SuperAdmin setup verified","status":"success","time":"2025-07-12T09:53:32.614Z","timestamp":"2025-07-12 15:38:32"}
{"event":"DB_INIT","level":"info","message":"MongoDB connected and SuperAdmin setup verified","status":"success","time":"2025-07-12T09:53:34.432Z","timestamp":"2025-07-12 15:38:34"}
{"event":"DB_INIT","level":"info","message":"MongoDB connected and SuperAdmin setup verified","status":"success","time":"2025-07-12T09:53:37.074Z","timestamp":"2025-07-12 15:38:37"}
{"event":"DB_INIT","level":"info","message":"MongoDB connected and SuperAdmin setup verified","status":"success","time":"2025-07-12T09:53:38.816Z","timestamp":"2025-07-12 15:38:38"}
{"event":"DB_INIT","level":"info","message":"MongoDB connected and SuperAdmin setup verified","status":"success","time":"2025-07-12T09:53:44.102Z","timestamp":"2025-07-12 15:38:44"}
{"event":"DB_INIT","level":"info","message":"MongoDB connected and SuperAdmin setup verified","status":"success","time":"2025-07-12T09:53:57.979Z","timestamp":"2025-07-12 15:38:57"}
{"event":"DB_INIT","level":"info","message":"MongoDB connected and SuperAdmin setup verified","status":"success","time":"2025-07-12T09:54:52.846Z","timestamp":"2025-07-12 15:39:52"}
{"event":"DB_INIT","level":"info","message":"MongoDB connected and SuperAdmin setup verified","status":"success","time":"2025-07-12T09:54:54.847Z","timestamp":"2025-07-12 15:39:54"}
{"email":"sagarcantretri@gmail.com","ip":"::1","level":"info","message":"User logged in","time":"2025-07-12T09:55:06.883Z","timestamp":"2025-07-12 15:40:06","userId":"687177acd3ea77516cc6da9c"}
{"ip":"::1","level":"info","message":"User logged out","time":"2025-07-12T09:56:02.913Z","timestamp":"2025-07-12 15:41:02","userId":"Unknown"}
{"email":"superadmin@gmail.com","ip":"::1","level":"info","message":"User logged in","time":"2025-07-12T09:56:29.451Z","timestamp":"2025-07-12 15:41:29","userId":"686fd53659e952e19b5d8516"}
{"email":"sagarcantretri@gmail.com","ip":"::1","level":"info","message":"User logged in","time":"2025-07-12T09:58:51.652Z","timestamp":"2025-07-12 15:43:51","userId":"687177acd3ea77516cc6da9c"}
{"ip":"::1","level":"info","message":"User logged out","time":"2025-07-12T09:59:26.227Z","timestamp":"2025-07-12 15:44:26","userId":"Unknown"}
{"email":"dhirajbalayar0@gmail.com","ip":"::1","level":"info","message":"User logged in","time":"2025-07-12T10:01:36.094Z","timestamp":"2025-07-12 15:46:36","userId":"6872323423e0d1c7affd6b84"}
{"ip":"::1","level":"info","message":"User logged out","time":"2025-07-12T10:02:23.227Z","timestamp":"2025-07-12 15:47:23","userId":"Unknown"}
{"email":"sagarcantretri@gmail.com","ip":"::1","level":"info","message":"User logged in","time":"2025-07-12T10:06:37.861Z","timestamp":"2025-07-12 15:51:37","userId":"687177acd3ea77516cc6da9c"}
{"ip":"::1","level":"info","message":"User logged out","time":"2025-07-12T10:06:43.457Z","timestamp":"2025-07-12 15:51:43","userId":"Unknown"}
{"email":"sagarcantretri@gmail.com","ip":"::1","level":"info","message":"User logged in","time":"2025-07-12T10:07:19.461Z","timestamp":"2025-07-12 15:52:19","userId":"687177acd3ea77516cc6da9c"}
{"ip":"::1","level":"info","message":"User logged out","time":"2025-07-12T10:07:22.973Z","timestamp":"2025-07-12 15:52:22","userId":"Unknown"}
{"email":"sagarcantretri@gmail.com","ip":"::1","level":"info","message":"User logged in","time":"2025-07-12T10:07:55.822Z","timestamp":"2025-07-12 15:52:55","userId":"687177acd3ea77516cc6da9c"}
{"ip":"::1","level":"info","message":"User logged out","time":"2025-07-12T10:08:21.992Z","timestamp":"2025-07-12 15:53:21","userId":"Unknown"}
{"email":"dhirajbalayar0@gmail.com","ip":"::1","level":"info","message":"User logged in","time":"2025-07-12T10:08:44.979Z","timestamp":"2025-07-12 15:53:44","userId":"6872323423e0d1c7affd6b84"}
{"event":"DB_INIT","level":"info","message":"MongoDB connected and SuperAdmin setup verified","status":"success","time":"2025-07-12T10:10:31.152Z","timestamp":"2025-07-12 15:55:31"}
{"event":"DB_INIT","level":"info","message":"MongoDB connected and SuperAdmin setup verified","status":"success","time":"2025-07-12T10:10:41.551Z","timestamp":"2025-07-12 15:55:41"}
{"event":"DB_INIT","level":"info","message":"MongoDB connected and SuperAdmin setup verified","status":"success","time":"2025-07-12T10:10:42.719Z","timestamp":"2025-07-12 15:55:42"}
{"event":"DB_INIT","level":"info","message":"MongoDB connected and SuperAdmin setup verified","status":"success","time":"2025-07-12T10:10:48.846Z","timestamp":"2025-07-12 15:55:48"}
{"event":"DB_INIT","level":"info","message":"MongoDB connected and SuperAdmin setup verified","status":"success","time":"2025-07-12T10:10:49.949Z","timestamp":"2025-07-12 15:55:49"}
{"event":"DB_INIT","level":"info","message":"MongoDB connected and SuperAdmin setup verified","status":"success","time":"2025-07-12T10:10:56.598Z","timestamp":"2025-07-12 15:55:56"}
{"event":"DB_INIT","level":"info","message":"MongoDB connected and SuperAdmin setup verified","status":"success","time":"2025-07-12T10:11:13.487Z","timestamp":"2025-07-12 15:56:13"}
{"event":"DB_INIT","level":"info","message":"MongoDB connected and SuperAdmin setup verified","status":"success","time":"2025-07-12T10:11:16.410Z","timestamp":"2025-07-12 15:56:16"}
{"event":"DB_INIT","level":"info","message":"MongoDB connected and SuperAdmin setup verified","status":"success","time":"2025-07-12T10:11:18.819Z","timestamp":"2025-07-12 15:56:18"}
{"event":"DB_INIT","level":"info","message":"MongoDB connected and SuperAdmin setup verified","status":"success","time":"2025-07-12T10:11:21.687Z","timestamp":"2025-07-12 15:56:21"}
{"event":"DB_INIT","level":"info","message":"MongoDB connected and SuperAdmin setup verified","status":"success","time":"2025-07-12T10:11:23.108Z","timestamp":"2025-07-12 15:56:23"}
{"event":"DB_INIT","level":"info","message":"MongoDB connected and SuperAdmin setup verified","status":"success","time":"2025-07-12T10:11:33.980Z","timestamp":"2025-07-12 15:56:33"}
{"event":"DB_INIT","level":"info","message":"MongoDB connected and SuperAdmin setup verified","status":"success","time":"2025-07-12T10:37:35.397Z","timestamp":"2025-07-12 16:22:35"}
{"event":"DB_INIT","level":"info","message":"MongoDB connected and SuperAdmin setup verified","status":"success","time":"2025-07-12T10:37:38.558Z","timestamp":"2025-07-12 16:22:38"}
{"event":"DB_INIT","level":"info","message":"MongoDB connected and SuperAdmin setup verified","status":"success","time":"2025-07-12T10:37:39.628Z","timestamp":"2025-07-12 16:22:39"}
{"event":"DB_INIT","level":"info","message":"MongoDB connected and SuperAdmin setup verified","status":"success","time":"2025-07-12T10:37:58.006Z","timestamp":"2025-07-12 16:22:58"}
{"event":"DB_INIT","level":"info","message":"MongoDB connected and SuperAdmin setup verified","status":"success","time":"2025-07-12T10:38:08.823Z","timestamp":"2025-07-12 16:23:08"}
{"event":"DB_INIT","level":"info","message":"MongoDB connected and SuperAdmin setup verified","status":"success","time":"2025-07-12T10:38:16.644Z","timestamp":"2025-07-12 16:23:16"}
{"event":"DB_INIT","level":"info","message":"MongoDB connected and SuperAdmin setup verified","status":"success","time":"2025-07-12T10:38:24.110Z","timestamp":"2025-07-12 16:23:24"}
{"event":"DB_INIT","level":"info","message":"MongoDB connected and SuperAdmin setup verified","status":"success","time":"2025-07-12T10:38:27.461Z","timestamp":"2025-07-12 16:23:27"}
{"event":"DB_INIT","level":"info","message":"MongoDB connected and SuperAdmin setup verified","status":"success","time":"2025-07-12T10:39:56.006Z","timestamp":"2025-07-12 16:24:56"}
{"event":"DB_INIT","level":"info","message":"MongoDB connected and SuperAdmin setup verified","status":"success","time":"2025-07-12T10:40:17.210Z","timestamp":"2025-07-12 16:25:17"}
{"event":"DB_INIT","level":"info","message":"MongoDB connected and SuperAdmin setup verified","status":"success","time":"2025-07-12T10:40:19.223Z","timestamp":"2025-07-12 16:25:19"}
{"event":"DB_INIT","level":"info","message":"MongoDB connected and SuperAdmin setup verified","status":"success","time":"2025-07-12T10:41:06.237Z","timestamp":"2025-07-12 16:26:06"}
{"event":"DB_INIT","level":"info","message":"MongoDB connected and SuperAdmin setup verified","status":"success","time":"2025-07-12T10:41:13.985Z","timestamp":"2025-07-12 16:26:13"}
{"event":"DB_INIT","level":"info","message":"MongoDB connected and SuperAdmin setup verified","status":"success","time":"2025-07-12T10:41:26.032Z","timestamp":"2025-07-12 16:26:26"}
{"event":"DB_INIT","level":"info","message":"MongoDB connected and SuperAdmin setup verified","status":"success","time":"2025-07-12T10:41:49.348Z","timestamp":"2025-07-12 16:26:49"}
{"event":"DB_INIT","level":"info","message":"MongoDB connected and SuperAdmin setup verified","status":"success","time":"2025-07-12T10:42:13.038Z","timestamp":"2025-07-12 16:27:13"}
{"event":"DB_INIT","level":"info","message":"MongoDB connected and SuperAdmin setup verified","status":"success","time":"2025-07-12T10:42:34.923Z","timestamp":"2025-07-12 16:27:34"}
{"event":"DB_INIT","level":"info","message":"MongoDB connected and SuperAdmin setup verified","status":"success","time":"2025-07-12T10:42:36.570Z","timestamp":"2025-07-12 16:27:36"}
{"event":"DB_INIT","level":"info","message":"MongoDB connected and SuperAdmin setup verified","status":"success","time":"2025-07-12T10:42:51.493Z","timestamp":"2025-07-12 16:27:51"}
{"event":"DB_INIT","level":"info","message":"MongoDB connected and SuperAdmin setup verified","status":"success","time":"2025-07-12T10:43:06.960Z","timestamp":"2025-07-12 16:28:06"}
{"event":"DB_INIT","level":"info","message":"MongoDB connected and SuperAdmin setup verified","status":"success","time":"2025-07-12T10:43:09.098Z","timestamp":"2025-07-12 16:28:09"}
{"event":"DB_INIT","level":"info","message":"MongoDB connected and SuperAdmin setup verified","status":"success","time":"2025-07-12T10:43:40.486Z","timestamp":"2025-07-12 16:28:40"}
{"event":"DB_INIT","level":"info","message":"MongoDB connected and SuperAdmin setup verified","status":"success","time":"2025-07-12T10:43:46.770Z","timestamp":"2025-07-12 16:28:46"}
{"event":"DB_INIT","level":"info","message":"MongoDB connected and SuperAdmin setup verified","status":"success","time":"2025-07-12T10:43:48.705Z","timestamp":"2025-07-12 16:28:48"}
{"event":"DB_INIT","level":"info","message":"MongoDB connected and SuperAdmin setup verified","status":"success","time":"2025-07-12T10:43:50.760Z","timestamp":"2025-07-12 16:28:50"}
{"event":"DB_INIT","level":"info","message":"MongoDB connected and SuperAdmin setup verified","status":"success","time":"2025-07-12T10:43:52.380Z","timestamp":"2025-07-12 16:28:52"}
{"event":"DB_INIT","level":"info","message":"MongoDB connected and SuperAdmin setup verified","status":"success","time":"2025-07-12T10:43:56.344Z","timestamp":"2025-07-12 16:28:56"}
{"event":"DB_INIT","level":"info","message":"MongoDB connected and SuperAdmin setup verified","status":"success","time":"2025-07-12T10:43:57.857Z","timestamp":"2025-07-12 16:28:57"}
{"event":"DB_INIT","level":"info","message":"MongoDB connected and SuperAdmin setup verified","status":"success","time":"2025-07-12T10:43:59.892Z","timestamp":"2025-07-12 16:28:59"}
{"event":"DB_INIT","level":"info","message":"MongoDB connected and SuperAdmin setup verified","status":"success","time":"2025-07-12T10:44:04.324Z","timestamp":"2025-07-12 16:29:04"}
{"event":"DB_INIT","level":"info","message":"MongoDB connected and SuperAdmin setup verified","status":"success","time":"2025-07-12T10:44:11.786Z","timestamp":"2025-07-12 16:29:11"}
{"event":"DB_INIT","level":"info","message":"MongoDB connected and SuperAdmin setup verified","status":"success","time":"2025-07-12T10:44:13.982Z","timestamp":"2025-07-12 16:29:13"}
{"event":"DB_INIT","level":"info","message":"MongoDB connected and SuperAdmin setup verified","status":"success","time":"2025-07-12T10:44:35.410Z","timestamp":"2025-07-12 16:29:35"}
{"event":"DB_INIT","level":"info","message":"MongoDB connected and SuperAdmin setup verified","status":"success","time":"2025-07-12T10:45:04.890Z","timestamp":"2025-07-12 16:30:04"}
{"event":"DB_INIT","level":"info","message":"MongoDB connected and SuperAdmin setup verified","status":"success","time":"2025-07-12T10:45:14.715Z","timestamp":"2025-07-12 16:30:14"}
{"event":"DB_INIT","level":"info","message":"MongoDB connected and SuperAdmin setup verified","status":"success","time":"2025-07-12T10:46:09.520Z","timestamp":"2025-07-12 16:31:09"}
{"event":"DB_INIT","level":"info","message":"MongoDB connected and SuperAdmin setup verified","status":"success","time":"2025-07-12T10:46:11.353Z","timestamp":"2025-07-12 16:31:11"}
{"event":"DB_INIT","level":"info","message":"MongoDB connected and SuperAdmin setup verified","status":"success","time":"2025-07-12T10:46:14.553Z","timestamp":"2025-07-12 16:31:14"}
{"event":"DB_INIT","level":"info","message":"MongoDB connected and SuperAdmin setup verified","status":"success","time":"2025-07-12T10:46:15.564Z","timestamp":"2025-07-12 16:31:15"}
{"event":"DB_INIT","level":"info","message":"MongoDB connected and SuperAdmin setup verified","status":"success","time":"2025-07-12T10:46:17.261Z","timestamp":"2025-07-12 16:31:17"}
{"ip":"::1","level":"info","message":"User logged out","time":"2025-07-12T10:46:32.688Z","timestamp":"2025-07-12 16:31:32","userId":"Unknown"}
{"email":"hello@gmail.com","ip":"::1","level":"warn","message":"Failed login attempt","reason":"User not found","time":"2025-07-12T10:47:00.343Z","timestamp":"2025-07-12 16:32:00"}
{"email":"sagarcantretri@gmail.com","ip":"::1","level":"info","message":"User logged in","time":"2025-07-12T10:48:15.998Z","timestamp":"2025-07-12 16:33:15","userId":"687177acd3ea77516cc6da9c"}
{"ip":"::1","level":"info","message":"User logged out","time":"2025-07-12T10:48:29.291Z","timestamp":"2025-07-12 16:33:29","userId":"Unknown"}
{"email":"superadmin@gmail.com","ip":"::1","level":"info","message":"User logged in","time":"2025-07-12T10:48:50.152Z","timestamp":"2025-07-12 16:33:50","userId":"686fd53659e952e19b5d8516"}
{"event":"DB_INIT","level":"info","message":"MongoDB connected and SuperAdmin setup verified","status":"success","time":"2025-07-12T13:34:09.030Z","timestamp":"2025-07-12 19:19:09"}
{"event":"DB_INIT","level":"info","message":"MongoDB connected and SuperAdmin setup verified","status":"success","time":"2025-07-12T13:50:27.813Z","timestamp":"2025-07-12 19:35:27"}
{"event":"DB_INIT","level":"info","message":"MongoDB connected and SuperAdmin setup verified","status":"success","time":"2025-07-12T13:59:47.742Z","timestamp":"2025-07-12 19:44:47"}
{"event":"DB_INIT","level":"info","message":"MongoDB connected and SuperAdmin setup verified","status":"success","time":"2025-07-12T14:06:18.611Z","timestamp":"2025-07-12 19:51:18"}
{"event":"DB_INIT","level":"info","message":"MongoDB connected and SuperAdmin setup verified","status":"success","time":"2025-07-12T14:07:20.962Z","timestamp":"2025-07-12 19:52:20"}
{"event":"DB_INIT","level":"info","message":"MongoDB connected and SuperAdmin setup verified","status":"success","time":"2025-07-12T14:07:46.443Z","timestamp":"2025-07-12 19:52:46"}
{"event":"DB_INIT","level":"info","message":"MongoDB connected and SuperAdmin setup verified","status":"success","time":"2025-07-12T14:36:12.269Z","timestamp":"2025-07-12 20:21:12"}
{"event":"DB_INIT","level":"info","message":"MongoDB connected and SuperAdmin setup verified","status":"success","time":"2025-07-12T14:36:20.271Z","timestamp":"2025-07-12 20:21:20"}
{"event":"DB_INIT","level":"info","message":"MongoDB connected and SuperAdmin setup verified","status":"success","time":"2025-07-12T14:36:21.403Z","timestamp":"2025-07-12 20:21:21"}
{"event":"DB_INIT","level":"info","message":"MongoDB connected and SuperAdmin setup verified","status":"success","time":"2025-07-12T14:36:22.422Z","timestamp":"2025-07-12 20:21:22"}
{"event":"DB_INIT","level":"info","message":"MongoDB connected and SuperAdmin setup verified","status":"success","time":"2025-07-12T14:36:47.054Z","timestamp":"2025-07-12 20:21:47"}
{"event":"DB_INIT","level":"info","message":"MongoDB connected and SuperAdmin setup verified","status":"success","time":"2025-07-12T14:36:49.785Z","timestamp":"2025-07-12 20:21:49"}
{"event":"DB_INIT","level":"info","message":"MongoDB connected and SuperAdmin setup verified","status":"success","time":"2025-07-12T14:56:23.324Z","timestamp":"2025-07-12 20:41:23"}
{"event":"DB_INIT","level":"info","message":"MongoDB connected and SuperAdmin setup verified","status":"success","time":"2025-07-12T14:56:24.670Z","timestamp":"2025-07-12 20:41:24"}
{"event":"DB_INIT","level":"info","message":"MongoDB connected and SuperAdmin setup verified","status":"success","time":"2025-07-12T14:56:41.906Z","timestamp":"2025-07-12 20:41:41"}
{"event":"DB_INIT","level":"info","message":"MongoDB connected and SuperAdmin setup verified","status":"success","time":"2025-07-12T14:56:43.936Z","timestamp":"2025-07-12 20:41:43"}
{"event":"DB_INIT","level":"info","message":"MongoDB connected and SuperAdmin setup verified","status":"success","time":"2025-07-12T14:58:43.288Z","timestamp":"2025-07-12 20:43:43"}
{"error":"User.exists is not a function","event":"DB_INIT","level":"error","message":"MongoDB connection failed","status":"failed","time":"2025-07-12T14:58:51.271Z","timestamp":"2025-07-12 20:43:51"}
{"event":"DB_INIT","level":"info","message":"MongoDB connected and SuperAdmin setup verified","status":"success","time":"2025-07-12T14:58:53.440Z","timestamp":"2025-07-12 20:43:53"}
{"email":"sagarkshetri0000@gmail.com","ip":"::1","level":"info","message":"User logged in","time":"2025-07-12T15:00:33.553Z","timestamp":"2025-07-12 20:45:33","userId":"687275b537621e708bcb1640"}
{"ip":"::1","level":"info","message":"User logged out","time":"2025-07-12T15:00:36.341Z","timestamp":"2025-07-12 20:45:36","userId":"Unknown"}
{"event":"DB_INIT","level":"info","message":"MongoDB connected and SuperAdmin setup verified","status":"success","time":"2025-07-12T15:02:30.326Z","timestamp":"2025-07-12 20:47:30"}
{"event":"DB_INIT","level":"info","message":"MongoDB connected and SuperAdmin setup verified","status":"success","time":"2025-07-12T15:02:32.962Z","timestamp":"2025-07-12 20:47:32"}
{"email":"sagarkshetri0000@gmail.com","ip":"::1","level":"info","message":"User logged in","time":"2025-07-12T15:10:27.595Z","timestamp":"2025-07-12 20:55:27","userId":"687275b537621e708bcb1640"}
{"ip":"::1","level":"info","message":"User logged out","time":"2025-07-12T15:10:30.723Z","timestamp":"2025-07-12 20:55:30","userId":"Unknown"}
{"event":"DB_INIT","level":"info","message":"MongoDB connected and SuperAdmin setup verified","status":"success","time":"2025-07-12T15:16:45.345Z","timestamp":"2025-07-12 21:01:45"}
{"event":"DB_INIT","level":"info","message":"MongoDB connected and SuperAdmin setup verified","status":"success","time":"2025-07-12T15:21:57.863Z","timestamp":"2025-07-12 21:06:57"}
{"event":"DB_INIT","level":"info","message":"MongoDB connected and SuperAdmin setup verified","status":"success","time":"2025-07-12T15:23:54.745Z","timestamp":"2025-07-12 21:08:54"}
{"event":"DB_INIT","level":"info","message":"MongoDB connected and SuperAdmin setup verified","status":"success","time":"2025-07-12T15:24:19.162Z","timestamp":"2025-07-12 21:09:19"}
{"event":"DB_INIT","level":"info","message":"MongoDB connected and SuperAdmin setup verified","status":"success","time":"2025-07-12T15:24:24.285Z","timestamp":"2025-07-12 21:09:24"}
{"event":"DB_INIT","level":"info","message":"MongoDB connected and SuperAdmin setup verified","status":"success","time":"2025-07-12T15:24:25.582Z","timestamp":"2025-07-12 21:09:25"}
{"event":"DB_INIT","level":"info","message":"MongoDB connected and SuperAdmin setup verified","status":"success","time":"2025-07-12T15:25:10.703Z","timestamp":"2025-07-12 21:10:10"}
{"event":"DB_INIT","level":"info","message":"MongoDB connected and SuperAdmin setup verified","status":"success","time":"2025-07-12T15:30:14.923Z","timestamp":"2025-07-12 21:15:14"}
{"event":"DB_INIT","level":"info","message":"MongoDB connected and SuperAdmin setup verified","status":"success","time":"2025-07-12T15:30:18.704Z","timestamp":"2025-07-12 21:15:18"}
{"event":"DB_INIT","level":"info","message":"MongoDB connected and SuperAdmin setup verified","status":"success","time":"2025-07-12T15:30:19.736Z","timestamp":"2025-07-12 21:15:19"}
{"event":"DB_INIT","level":"info","message":"MongoDB connected and SuperAdmin setup verified","status":"success","time":"2025-07-12T15:30:22.351Z","timestamp":"2025-07-12 21:15:22"}
{"event":"DB_INIT","level":"info","message":"MongoDB connected and SuperAdmin setup verified","status":"success","time":"2025-07-12T15:30:28.300Z","timestamp":"2025-07-12 21:15:28"}
{"event":"DB_INIT","level":"info","message":"MongoDB connected and SuperAdmin setup verified","status":"success","time":"2025-07-12T15:30:44.372Z","timestamp":"2025-07-12 21:15:44"}
{"event":"DB_INIT","level":"info","message":"MongoDB connected and SuperAdmin setup verified","status":"success","time":"2025-07-12T15:31:04.892Z","timestamp":"2025-07-12 21:16:04"}
{"event":"DB_INIT","level":"info","message":"MongoDB connected and SuperAdmin setup verified","status":"success","time":"2025-07-12T15:31:06.561Z","timestamp":"2025-07-12 21:16:06"}
{"event":"DB_INIT","level":"info","message":"MongoDB connected and SuperAdmin setup verified","status":"success","time":"2025-07-12T15:49:38.596Z","timestamp":"2025-07-12 21:34:38"}
{"email":"sagarkshetri0000@gmail.com","ip":"::1","level":"warn","message":"Failed login attempt","reason":"User not found","time":"2025-07-12T16:00:07.661Z","timestamp":"2025-07-12 21:45:07"}
{"email":"sagarkshetri0000@gmail.com","ip":"::1","level":"warn","message":"Failed login attempt","reason":"User not found","time":"2025-07-12T16:00:32.131Z","timestamp":"2025-07-12 21:45:32"}
{"email":"sagarkshetri0000@gmail.com","ip":"::1","level":"info","message":"User logged in","time":"2025-07-12T16:02:54.349Z","timestamp":"2025-07-12 21:47:54","userId":"687286eb2900e8b153fdcfcc"}
{"event":"DB_INIT","level":"info","message":"MongoDB connected and SuperAdmin setup verified","status":"success","time":"2025-07-12T16:10:20.511Z","timestamp":"2025-07-12 21:55:20"}
{"event":"DB_INIT","level":"info","message":"MongoDB connected and SuperAdmin setup verified","status":"success","time":"2025-07-12T16:10:22.907Z","timestamp":"2025-07-12 21:55:22"}
{"event":"DB_INIT","level":"info","message":"MongoDB connected and SuperAdmin setup verified","status":"success","time":"2025-07-12T16:10:34.890Z","timestamp":"2025-07-12 21:55:34"}
{"event":"DB_INIT","level":"info","message":"MongoDB connected and SuperAdmin setup verified","status":"success","time":"2025-07-12T16:10:36.593Z","timestamp":"2025-07-12 21:55:36"}
{"event":"DB_INIT","level":"info","message":"MongoDB connected and SuperAdmin setup verified","status":"success","time":"2025-07-12T16:10:44.178Z","timestamp":"2025-07-12 21:55:44"}
{"event":"DB_INIT","level":"info","message":"MongoDB connected and SuperAdmin setup verified","status":"success","time":"2025-07-12T16:10:45.693Z","timestamp":"2025-07-12 21:55:45"}
{"ip":"::1","level":"info","message":"User logged out","time":"2025-07-12T16:11:37.709Z","timestamp":"2025-07-12 21:56:37","userId":"Unknown"}
{"email":"superadmin@gmail.com","ip":"::1","level":"info","message":"User logged in","time":"2025-07-12T16:11:48.128Z","timestamp":"2025-07-12 21:56:48","userId":"686fd53659e952e19b5d8516"}
{"email":"sagarkshetri0000@gmail.com","ip":"::1","level":"info","message":"User logged in","time":"2025-07-12T16:17:47.534Z","timestamp":"2025-07-12 22:02:47","userId":"687286eb2900e8b153fdcfcc"}
{"event":"DB_INIT","level":"info","message":"MongoDB connected and SuperAdmin setup verified","status":"success","time":"2025-07-12T16:25:44.408Z","timestamp":"2025-07-12 22:10:44"}
{"event":"DB_INIT","level":"info","message":"MongoDB connected and SuperAdmin setup verified","status":"success","time":"2025-07-12T16:27:26.441Z","timestamp":"2025-07-12 22:12:26"}
{"ip":"::1","level":"info","message":"User logged out","time":"2025-07-12T16:27:41.802Z","timestamp":"2025-07-12 22:12:41","userId":"Unknown"}
{"email":"superadmin@gmail.com","ip":"::1","level":"info","message":"User logged in","time":"2025-07-12T16:31:19.857Z","timestamp":"2025-07-12 22:16:19","userId":"686fd53659e952e19b5d8516"}
{"event":"DB_INIT","level":"info","message":"MongoDB connected and SuperAdmin setup verified","status":"success","time":"2025-07-12T16:41:19.402Z","timestamp":"2025-07-12 22:26:19"}
{"event":"DB_INIT","level":"info","message":"MongoDB connected and SuperAdmin setup verified","status":"success","time":"2025-07-12T16:41:22.303Z","timestamp":"2025-07-12 22:26:22"}
{"event":"DB_INIT","level":"info","message":"MongoDB connected and SuperAdmin setup verified","status":"success","time":"2025-07-12T16:41:30.246Z","timestamp":"2025-07-12 22:26:30"}
{"event":"DB_INIT","level":"info","message":"MongoDB connected and SuperAdmin setup verified","status":"success","time":"2025-07-12T16:41:31.311Z","timestamp":"2025-07-12 22:26:31"}
{"event":"DB_INIT","level":"info","message":"MongoDB connected and SuperAdmin setup verified","status":"success","time":"2025-07-12T16:41:33.348Z","timestamp":"2025-07-12 22:26:33"}
{"event":"DB_INIT","level":"info","message":"MongoDB connected and SuperAdmin setup verified","status":"success","time":"2025-07-12T16:41:41.318Z","timestamp":"2025-07-12 22:26:41"}
{"event":"DB_INIT","level":"info","message":"MongoDB connected and SuperAdmin setup verified","status":"success","time":"2025-07-12T16:41:45.171Z","timestamp":"2025-07-12 22:26:45"}
{"event":"DB_INIT","level":"info","message":"MongoDB connected and SuperAdmin setup verified","status":"success","time":"2025-07-12T16:41:46.874Z","timestamp":"2025-07-12 22:26:46"}
{"event":"DB_INIT","level":"info","message":"MongoDB connected and SuperAdmin setup verified","status":"success","time":"2025-07-12T16:43:03.595Z","timestamp":"2025-07-12 22:28:03"}
{"event":"DB_INIT","level":"info","message":"MongoDB connected and SuperAdmin setup verified","status":"success","time":"2025-07-12T16:43:05.807Z","timestamp":"2025-07-12 22:28:05"}
{"event":"DB_INIT","level":"info","message":"MongoDB connected and SuperAdmin setup verified","status":"success","time":"2025-07-12T16:43:19.572Z","timestamp":"2025-07-12 22:28:19"}
{"event":"DB_INIT","level":"info","message":"MongoDB connected and SuperAdmin setup verified","status":"success","time":"2025-07-12T16:43:29.446Z","timestamp":"2025-07-12 22:28:29"}
{"event":"DB_INIT","level":"info","message":"MongoDB connected and SuperAdmin setup verified","status":"success","time":"2025-07-12T16:43:33.234Z","timestamp":"2025-07-12 22:28:33"}
{"event":"DB_INIT","level":"info","message":"MongoDB connected and SuperAdmin setup verified","status":"success","time":"2025-07-12T16:43:40.887Z","timestamp":"2025-07-12 22:28:40"}
{"event":"DB_INIT","level":"info","message":"MongoDB connected and SuperAdmin setup verified","status":"success","time":"2025-07-12T16:43:48.830Z","timestamp":"2025-07-12 22:28:48"}
{"event":"DB_INIT","level":"info","message":"MongoDB connected and SuperAdmin setup verified","status":"success","time":"2025-07-12T16:43:51.322Z","timestamp":"2025-07-12 22:28:51"}
{"event":"DB_INIT","level":"info","message":"MongoDB connected and SuperAdmin setup verified","status":"success","time":"2025-07-12T16:48:19.747Z","timestamp":"2025-07-12 22:33:19"}
{"event":"DB_INIT","level":"info","message":"MongoDB connected and SuperAdmin setup verified","status":"success","time":"2025-07-12T16:48:27.695Z","timestamp":"2025-07-12 22:33:27"}
{"event":"DB_INIT","level":"info","message":"MongoDB connected and SuperAdmin setup verified","status":"success","time":"2025-07-12T16:48:29.043Z","timestamp":"2025-07-12 22:33:29"}
{"event":"DB_INIT","level":"info","message":"MongoDB connected and SuperAdmin setup verified","status":"success","time":"2025-07-12T16:48:30.906Z","timestamp":"2025-07-12 22:33:30"}
{"event":"DB_INIT","level":"info","message":"MongoDB connected and SuperAdmin setup verified","status":"success","time":"2025-07-12T16:51:09.515Z","timestamp":"2025-07-12 22:36:09"}
{"event":"DB_INIT","level":"info","message":"MongoDB connected and SuperAdmin setup verified","status":"success","time":"2025-07-12T16:51:13.553Z","timestamp":"2025-07-12 22:36:13"}
{"event":"DB_INIT","level":"info","message":"MongoDB connected and SuperAdmin setup verified","status":"success","time":"2025-07-12T16:53:57.884Z","timestamp":"2025-07-12 22:38:57"}
{"event":"DB_INIT","level":"info","message":"MongoDB connected and SuperAdmin setup verified","status":"success","time":"2025-07-12T16:57:47.446Z","timestamp":"2025-07-12 22:42:47"}
{"event":"DB_INIT","level":"info","message":"MongoDB connected and SuperAdmin setup verified","status":"success","time":"2025-07-12T16:58:22.497Z","timestamp":"2025-07-12 22:43:22"}
{"event":"DB_INIT","level":"info","message":"MongoDB connected and SuperAdmin setup verified","status":"success","time":"2025-07-12T16:58:25.219Z","timestamp":"2025-07-12 22:43:25"}
{"event":"DB_INIT","level":"info","message":"MongoDB connected and SuperAdmin setup verified","status":"success","time":"2025-07-12T17:06:09.526Z","timestamp":"2025-07-12 22:51:09"}
{"event":"DB_INIT","level":"info","message":"MongoDB connected and SuperAdmin setup verified","status":"success","time":"2025-07-12T17:06:14.783Z","timestamp":"2025-07-12 22:51:14"}
{"event":"DB_INIT","level":"info","message":"MongoDB connected and SuperAdmin setup verified","status":"success","time":"2025-07-12T17:06:15.994Z","timestamp":"2025-07-12 22:51:15"}
{"event":"DB_INIT","level":"info","message":"MongoDB connected and SuperAdmin setup verified","status":"success","time":"2025-07-12T17:06:17.889Z","timestamp":"2025-07-12 22:51:17"}
{"event":"DB_INIT","level":"info","message":"MongoDB connected and SuperAdmin setup verified","status":"success","time":"2025-07-12T17:10:04.606Z","timestamp":"2025-07-12 22:55:04"}
{"event":"DB_INIT","level":"info","message":"MongoDB connected and SuperAdmin setup verified","status":"success","time":"2025-07-12T17:10:04.927Z","timestamp":"2025-07-12 22:55:04"}
{"event":"DB_INIT","level":"info","message":"MongoDB connected and SuperAdmin setup verified","status":"success","time":"2025-07-12T17:10:07.685Z","timestamp":"2025-07-12 22:55:07"}
{"event":"DB_INIT","level":"info","message":"MongoDB connected and SuperAdmin setup verified","status":"success","time":"2025-07-12T17:10:11.026Z","timestamp":"2025-07-12 22:55:11"}
{"event":"DB_INIT","level":"info","message":"MongoDB connected and SuperAdmin setup verified","status":"success","time":"2025-07-12T17:10:15.692Z","timestamp":"2025-07-12 22:55:15"}
{"event":"DB_INIT","level":"info","message":"MongoDB connected and SuperAdmin setup verified","status":"success","time":"2025-07-12T17:10:21.902Z","timestamp":"2025-07-12 22:55:21"}
{"event":"DB_INIT","level":"info","message":"MongoDB connected and SuperAdmin setup verified","status":"success","time":"2025-07-12T17:12:44.761Z","timestamp":"2025-07-12 22:57:44"}
{"event":"DB_INIT","level":"info","message":"MongoDB connected and SuperAdmin setup verified","status":"success","time":"2025-07-12T17:12:45.677Z","timestamp":"2025-07-12 22:57:45"}
{"email":"sagarkshetri0000@gmail.com","ip":"::1","level":"info","message":"User logged in","time":"2025-07-12T17:17:43.557Z","timestamp":"2025-07-12 23:02:43","userId":"687286eb2900e8b153fdcfcc"}
{"ip":"::1","level":"info","message":"User logged out","time":"2025-07-12T17:19:36.358Z","timestamp":"2025-07-12 23:04:36","userId":"Unknown"}
{"email":"sagarkshetri0000@gmail.com","ip":"::1","level":"info","message":"User logged in","time":"2025-07-12T17:22:06.235Z","timestamp":"2025-07-12 23:07:06","userId":"687286eb2900e8b153fdcfcc"}
{"event":"DB_INIT","level":"info","message":"MongoDB connected and SuperAdmin setup verified","status":"success","time":"2025-07-12T19:51:42.248Z","timestamp":"2025-07-13 01:36:42"}
{"event":"DB_INIT","level":"info","message":"MongoDB connected and SuperAdmin setup verified","status":"success","time":"2025-07-12T19:51:43.444Z","timestamp":"2025-07-13 01:36:43"}
{"event":"DB_INIT","level":"info","message":"MongoDB connected and SuperAdmin setup verified","status":"success","time":"2025-07-12T19:51:44.946Z","timestamp":"2025-07-13 01:36:44"}
{"event":"DB_INIT","level":"info","message":"MongoDB connected and SuperAdmin setup verified","status":"success","time":"2025-07-12T20:09:34.478Z","timestamp":"2025-07-13 01:54:34"}
{"event":"DB_INIT","level":"info","message":"MongoDB connected and SuperAdmin setup verified","status":"success","time":"2025-07-12T20:09:35.422Z","timestamp":"2025-07-13 01:54:35"}
{"event":"DB_INIT","level":"info","message":"MongoDB connected and SuperAdmin setup verified","status":"success","time":"2025-07-12T20:10:58.017Z","timestamp":"2025-07-13 01:55:58"}
{"event":"DB_INIT","level":"info","message":"MongoDB connected and SuperAdmin setup verified","status":"success","time":"2025-07-12T20:11:01.898Z","timestamp":"2025-07-13 01:56:01"}
{"event":"DB_INIT","level":"info","message":"MongoDB connected and SuperAdmin setup verified","status":"success","time":"2025-07-12T20:11:10.672Z","timestamp":"2025-07-13 01:56:10"}
{"event":"DB_INIT","level":"info","message":"MongoDB connected and SuperAdmin setup verified","status":"success","time":"2025-07-12T20:11:21.470Z","timestamp":"2025-07-13 01:56:21"}
{"event":"DB_INIT","level":"info","message":"MongoDB connected and SuperAdmin setup verified","status":"success","time":"2025-07-12T20:11:22.616Z","timestamp":"2025-07-13 01:56:22"}
{"event":"DB_INIT","level":"info","message":"MongoDB connected and SuperAdmin setup verified","status":"success","time":"2025-07-12T20:12:28.055Z","timestamp":"2025-07-13 01:57:28"}
{"event":"DB_INIT","level":"info","message":"MongoDB connected and SuperAdmin setup verified","status":"success","time":"2025-07-12T20:12:30.753Z","timestamp":"2025-07-13 01:57:30"}
{"event":"DB_INIT","level":"info","message":"MongoDB connected and SuperAdmin setup verified","status":"success","time":"2025-07-12T20:12:32.319Z","timestamp":"2025-07-13 01:57:32"}
{"event":"DB_INIT","level":"info","message":"MongoDB connected and SuperAdmin setup verified","status":"success","time":"2025-07-12T20:12:35.231Z","timestamp":"2025-07-13 01:57:35"}
{"event":"DB_INIT","level":"info","message":"MongoDB connected and SuperAdmin setup verified","status":"success","time":"2025-07-12T20:12:51.620Z","timestamp":"2025-07-13 01:57:51"}
{"event":"DB_INIT","level":"info","message":"MongoDB connected and SuperAdmin setup verified","status":"success","time":"2025-07-12T20:14:03.471Z","timestamp":"2025-07-13 01:59:03"}
{"event":"DB_INIT","level":"info","message":"MongoDB connected and SuperAdmin setup verified","status":"success","time":"2025-07-12T20:14:29.003Z","timestamp":"2025-07-13 01:59:29"}
{"event":"DB_INIT","level":"info","message":"MongoDB connected and SuperAdmin setup verified","status":"success","time":"2025-07-12T20:14:36.402Z","timestamp":"2025-07-13 01:59:36"}
{"event":"DB_INIT","level":"info","message":"MongoDB connected and SuperAdmin setup verified","status":"success","time":"2025-07-12T20:14:37.423Z","timestamp":"2025-07-13 01:59:37"}
{"event":"DB_INIT","level":"info","message":"MongoDB connected and SuperAdmin setup verified","status":"success","time":"2025-07-12T20:14:40.706Z","timestamp":"2025-07-13 01:59:40"}
{"event":"DB_INIT","level":"info","message":"MongoDB connected and SuperAdmin setup verified","status":"success","time":"2025-07-12T20:14:43.200Z","timestamp":"2025-07-13 01:59:43"}
{"event":"DB_INIT","level":"info","message":"MongoDB connected and SuperAdmin setup verified","status":"success","time":"2025-07-12T20:14:45.697Z","timestamp":"2025-07-13 01:59:45"}
{"event":"DB_INIT","level":"info","message":"MongoDB connected and SuperAdmin setup verified","status":"success","time":"2025-07-12T20:14:47.776Z","timestamp":"2025-07-13 01:59:47"}
{"event":"DB_INIT","level":"info","message":"MongoDB connected and SuperAdmin setup verified","status":"success","time":"2025-07-12T20:14:51.326Z","timestamp":"2025-07-13 01:59:51"}
{"event":"DB_INIT","level":"info","message":"MongoDB connected and SuperAdmin setup verified","status":"success","time":"2025-07-12T20:15:28.257Z","timestamp":"2025-07-13 02:00:28"}
{"event":"DB_INIT","level":"info","message":"MongoDB connected and SuperAdmin setup verified","status":"success","time":"2025-07-12T20:24:43.505Z","timestamp":"2025-07-13 02:09:43"}
{"event":"DB_INIT","level":"info","message":"MongoDB connected and SuperAdmin setup verified","status":"success","time":"2025-07-12T20:24:49.820Z","timestamp":"2025-07-13 02:09:49"}
{"event":"DB_INIT","level":"info","message":"MongoDB connected and SuperAdmin setup verified","status":"success","time":"2025-07-12T20:24:51.246Z","timestamp":"2025-07-13 02:09:51"}
{"event":"DB_INIT","level":"info","message":"MongoDB connected and SuperAdmin setup verified","status":"success","time":"2025-07-12T20:26:54.402Z","timestamp":"2025-07-13 02:11:54"}
{"event":"DB_INIT","level":"info","message":"MongoDB connected and SuperAdmin setup verified","status":"success","time":"2025-07-12T20:26:58.322Z","timestamp":"2025-07-13 02:11:58"}
{"event":"DB_INIT","level":"info","message":"MongoDB connected and SuperAdmin setup verified","status":"success","time":"2025-07-12T20:27:01.423Z","timestamp":"2025-07-13 02:12:01"}
{"event":"DB_INIT","level":"info","message":"MongoDB connected and SuperAdmin setup verified","status":"success","time":"2025-07-12T20:27:42.730Z","timestamp":"2025-07-13 02:12:42"}
{"event":"DB_INIT","level":"info","message":"MongoDB connected and SuperAdmin setup verified","status":"success","time":"2025-07-12T20:27:46.037Z","timestamp":"2025-07-13 02:12:46"}
{"event":"DB_INIT","level":"info","message":"MongoDB connected and SuperAdmin setup verified","status":"success","time":"2025-07-12T20:27:48.767Z","timestamp":"2025-07-13 02:12:48"}
{"ip":"::1","level":"info","message":"User logged out","time":"2025-07-12T20:39:05.748Z","timestamp":"2025-07-13 02:24:05","userId":"Unknown"}
{"email":"sagarcantretri@gmail.com","event":"user_register","ip":"::1","level":"info","message":"User registered","time":"2025-07-12T20:39:31.677Z","timestamp":"2025-07-13 02:24:31","userId":"6872c803bd1d4efe82d71484"}
{"email":"sagarcantretri@gmail.com","event":"otp_verified","ip":"::1","level":"info","message":"OTP verified","time":"2025-07-12T20:40:59.963Z","timestamp":"2025-07-13 02:25:59"}
{"email":"sagarcantretri@gmail.com","ip":"::1","level":"info","message":"User logged in","time":"2025-07-12T20:41:20.739Z","timestamp":"2025-07-13 02:26:20","userId":"6872c803bd1d4efe82d71484"}
{"event":"DB_INIT","level":"info","message":"MongoDB connected and SuperAdmin setup verified","status":"success","time":"2025-07-12T20:44:37.148Z","timestamp":"2025-07-13 02:29:37"}
{"event":"DB_INIT","level":"info","message":"MongoDB connected and SuperAdmin setup verified","status":"success","time":"2025-07-12T20:44:39.856Z","timestamp":"2025-07-13 02:29:39"}
{"event":"DB_INIT","level":"info","message":"MongoDB connected and SuperAdmin setup verified","status":"success","time":"2025-07-12T20:44:41.641Z","timestamp":"2025-07-13 02:29:41"}
{"ip":"::1","level":"info","message":"User logged out","time":"2025-07-12T20:45:53.093Z","timestamp":"2025-07-13 02:30:53","userId":"Unknown"}
{"email":"sagarcantretri@gmail.com","event":"captcha_failed","ip":"::1","level":"warn","message":"CAPTCHA failed","time":"2025-07-12T20:46:24.351Z","timestamp":"2025-07-13 02:31:24"}
{"email":"sagarcantretri@gmail.com","ip":"::1","level":"info","message":"User logged in","time":"2025-07-12T20:46:52.745Z","timestamp":"2025-07-13 02:31:52","userId":"6872c803bd1d4efe82d71484"}
{"event":"DB_INIT","level":"info","message":"MongoDB connected and SuperAdmin setup verified","status":"success","time":"2025-07-12T21:10:55.905Z","timestamp":"2025-07-13 02:55:55"}
{"event":"DB_INIT","level":"info","message":"MongoDB connected and SuperAdmin setup verified","status":"success","time":"2025-07-12T21:11:35.426Z","timestamp":"2025-07-13 02:56:35"}
{"event":"DB_INIT","level":"info","message":"MongoDB connected and SuperAdmin setup verified","status":"success","time":"2025-07-12T21:31:58.843Z","timestamp":"2025-07-13 03:16:58"}
{"event":"DB_INIT","level":"info","message":"MongoDB connected and SuperAdmin setup verified","status":"success","time":"2025-07-12T22:20:00.690Z","timestamp":"2025-07-13 04:05:00"}
{"event":"DB_INIT","level":"info","message":"MongoDB connected and SuperAdmin setup verified","status":"success","time":"2025-07-12T22:44:27.862Z","timestamp":"2025-07-13 04:29:27"}
{"event":"DB_INIT","level":"info","message":"MongoDB connected and SuperAdmin setup verified","status":"success","time":"2025-07-12T22:59:30.964Z","timestamp":"2025-07-13 04:44:30"}
{"event":"DB_INIT","level":"info","message":"MongoDB connected and SuperAdmin setup verified","status":"success","time":"2025-07-12T22:59:34.158Z","timestamp":"2025-07-13 04:44:34"}
{"event":"DB_INIT","level":"info","message":"MongoDB connected and SuperAdmin setup verified","status":"success","time":"2025-07-12T23:02:57.367Z","timestamp":"2025-07-13 04:47:57"}
{"event":"DB_INIT","level":"info","message":"MongoDB connected and SuperAdmin setup verified","status":"success","time":"2025-07-12T23:03:38.089Z","timestamp":"2025-07-13 04:48:38"}
{"event":"DB_INIT","level":"info","message":"MongoDB connected and SuperAdmin setup verified","status":"success","time":"2025-07-12T23:05:54.359Z","timestamp":"2025-07-13 04:50:54"}
{"event":"DB_INIT","level":"info","message":"MongoDB connected and SuperAdmin setup verified","status":"success","time":"2025-07-12T23:06:24.958Z","timestamp":"2025-07-13 04:51:24"}
{"event":"DB_INIT","level":"info","message":"MongoDB connected and SuperAdmin setup verified","status":"success","time":"2025-07-12T23:09:41.970Z","timestamp":"2025-07-13 04:54:41"}
{"event":"DB_INIT","level":"info","message":"MongoDB connected and SuperAdmin setup verified","status":"success","time":"2025-07-12T23:13:56.001Z","timestamp":"2025-07-13 04:58:56"}
{"email":"sagarcantretri@gmail.com","ip":"::1","level":"info","message":"User logged in","time":"2025-07-12T23:14:41.848Z","timestamp":"2025-07-13 04:59:41","userId":"6872c803bd1d4efe82d71484"}
{"event":"DB_INIT","level":"info","message":"MongoDB connected and SuperAdmin setup verified","status":"success","time":"2025-07-13T06:50:04.241Z","timestamp":"2025-07-13 12:35:04"}
{"event":"DB_INIT","level":"info","message":"MongoDB connected and SuperAdmin setup verified","status":"success","time":"2025-07-13T07:25:02.313Z","timestamp":"2025-07-13 13:10:02"}
{"event":"DB_INIT","level":"info","message":"MongoDB connected and SuperAdmin setup verified","status":"success","time":"2025-07-13T16:24:26.902Z","timestamp":"2025-07-13 22:09:26"}
{"event":"DB_INIT","level":"info","message":"MongoDB connected and SuperAdmin setup verified","status":"success","time":"2025-07-13T16:25:59.582Z","timestamp":"2025-07-13 22:10:59"}
{"event":"DB_INIT","level":"info","message":"MongoDB connected and SuperAdmin setup verified","status":"success","time":"2025-07-13T16:26:46.993Z","timestamp":"2025-07-13 22:11:46"}
{"event":"DB_INIT","level":"info","message":"MongoDB connected and SuperAdmin setup verified","status":"success","time":"2025-07-13T16:28:12.536Z","timestamp":"2025-07-13 22:13:12"}
{"event":"DB_INIT","level":"info","message":"MongoDB connected and SuperAdmin setup verified","status":"success","time":"2025-07-13T16:51:14.401Z","timestamp":"2025-07-13 22:36:14"}
{"event":"DB_INIT","level":"info","message":"MongoDB connected and SuperAdmin setup verified","status":"success","time":"2025-07-13T16:51:16.553Z","timestamp":"2025-07-13 22:36:16"}
{"event":"DB_INIT","level":"info","message":"MongoDB connected and SuperAdmin setup verified","status":"success","time":"2025-07-13T16:51:25.292Z","timestamp":"2025-07-13 22:36:25"}
{"event":"DB_INIT","level":"info","message":"MongoDB connected and SuperAdmin setup verified","status":"success","time":"2025-07-13T16:51:28.198Z","timestamp":"2025-07-13 22:36:28"}
{"event":"DB_INIT","level":"info","message":"MongoDB connected and SuperAdmin setup verified","status":"success","time":"2025-07-13T16:51:30.553Z","timestamp":"2025-07-13 22:36:30"}
{"event":"DB_INIT","level":"info","message":"MongoDB connected and SuperAdmin setup verified","status":"success","time":"2025-07-13T16:51:38.348Z","timestamp":"2025-07-13 22:36:38"}
{"event":"DB_INIT","level":"info","message":"MongoDB connected and SuperAdmin setup verified","status":"success","time":"2025-07-13T16:51:40.053Z","timestamp":"2025-07-13 22:36:40"}
{"event":"DB_INIT","level":"info","message":"MongoDB connected and SuperAdmin setup verified","status":"success","time":"2025-07-13T16:51:41.416Z","timestamp":"2025-07-13 22:36:41"}
{"event":"DB_INIT","level":"info","message":"MongoDB connected and SuperAdmin setup verified","status":"success","time":"2025-07-13T16:51:44.567Z","timestamp":"2025-07-13 22:36:44"}
{"event":"DB_INIT","level":"info","message":"MongoDB connected and SuperAdmin setup verified","status":"success","time":"2025-07-13T16:51:45.628Z","timestamp":"2025-07-13 22:36:45"}
{"event":"DB_INIT","level":"info","message":"MongoDB connected and SuperAdmin setup verified","status":"success","time":"2025-07-13T16:51:47.620Z","timestamp":"2025-07-13 22:36:47"}
{"event":"DB_INIT","level":"info","message":"MongoDB connected and SuperAdmin setup verified","status":"success","time":"2025-07-13T16:51:49.447Z","timestamp":"2025-07-13 22:36:49"}
{"event":"DB_INIT","level":"info","message":"MongoDB connected and SuperAdmin setup verified","status":"success","time":"2025-07-13T16:51:51.591Z","timestamp":"2025-07-13 22:36:51"}
{"event":"DB_INIT","level":"info","message":"MongoDB connected and SuperAdmin setup verified","status":"success","time":"2025-07-13T16:51:53.691Z","timestamp":"2025-07-13 22:36:53"}
{"event":"DB_INIT","level":"info","message":"MongoDB connected and SuperAdmin setup verified","status":"success","time":"2025-07-13T16:51:54.990Z","timestamp":"2025-07-13 22:36:54"}
{"event":"DB_INIT","level":"info","message":"MongoDB connected and SuperAdmin setup verified","status":"success","time":"2025-07-13T16:52:01.387Z","timestamp":"2025-07-13 22:37:01"}
{"event":"DB_INIT","level":"info","message":"MongoDB connected and SuperAdmin setup verified","status":"success","time":"2025-07-13T16:52:03.459Z","timestamp":"2025-07-13 22:37:03"}
{"event":"DB_INIT","level":"info","message":"MongoDB connected and SuperAdmin setup verified","status":"success","time":"2025-07-13T16:52:06.385Z","timestamp":"2025-07-13 22:37:06"}
{"event":"DB_INIT","level":"info","message":"MongoDB connected and SuperAdmin setup verified","status":"success","time":"2025-07-13T16:52:07.711Z","timestamp":"2025-07-13 22:37:07"}
{"event":"DB_INIT","level":"info","message":"MongoDB connected and SuperAdmin setup verified","status":"success","time":"2025-07-13T16:52:08.990Z","timestamp":"2025-07-13 22:37:08"}
{"event":"DB_INIT","level":"info","message":"MongoDB connected and SuperAdmin setup verified","status":"success","time":"2025-07-13T16:52:10.597Z","timestamp":"2025-07-13 22:37:10"}
{"event":"DB_INIT","level":"info","message":"MongoDB connected and SuperAdmin setup verified","status":"success","time":"2025-07-13T16:52:12.028Z","timestamp":"2025-07-13 22:37:12"}
{"event":"DB_INIT","level":"info","message":"MongoDB connected and SuperAdmin setup verified","status":"success","time":"2025-07-14T03:33:02.244Z","timestamp":"2025-07-14 09:18:02"}
{"event":"DB_INIT","level":"info","message":"MongoDB connected and SuperAdmin setup verified","status":"success","time":"2025-07-14T04:29:50.917Z","timestamp":"2025-07-14 10:14:50"}
{"event":"DB_INIT","level":"info","message":"MongoDB connected and SuperAdmin setup verified","status":"success","time":"2025-07-14T04:43:07.021Z","timestamp":"2025-07-14 10:28:07"}
{"event":"DB_INIT","level":"info","message":"MongoDB connected and SuperAdmin setup verified","status":"success","time":"2025-07-14T04:43:09.782Z","timestamp":"2025-07-14 10:28:09"}
{"event":"DB_INIT","level":"info","message":"MongoDB connected and SuperAdmin setup verified","status":"success","time":"2025-07-14T04:43:12.122Z","timestamp":"2025-07-14 10:28:12"}
{"event":"DB_INIT","level":"info","message":"MongoDB connected and SuperAdmin setup verified","status":"success","time":"2025-07-14T04:43:14.150Z","timestamp":"2025-07-14 10:28:14"}
{"event":"DB_INIT","level":"info","message":"MongoDB connected and SuperAdmin setup verified","status":"success","time":"2025-07-14T04:43:15.122Z","timestamp":"2025-07-14 10:28:15"}
{"event":"DB_INIT","level":"info","message":"MongoDB connected and SuperAdmin setup verified","status":"success","time":"2025-07-14T04:43:16.482Z","timestamp":"2025-07-14 10:28:16"}
{"event":"DB_INIT","level":"info","message":"MongoDB connected and SuperAdmin setup verified","status":"success","time":"2025-07-14T04:43:18.860Z","timestamp":"2025-07-14 10:28:18"}
{"event":"DB_INIT","level":"info","message":"MongoDB connected and SuperAdmin setup verified","status":"success","time":"2025-07-14T04:43:20.174Z","timestamp":"2025-07-14 10:28:20"}
{"event":"DB_INIT","level":"info","message":"MongoDB connected and SuperAdmin setup verified","status":"success","time":"2025-07-14T04:43:22.166Z","timestamp":"2025-07-14 10:28:22"}
{"event":"DB_INIT","level":"info","message":"MongoDB connected and SuperAdmin setup verified","status":"success","time":"2025-07-14T04:43:25.671Z","timestamp":"2025-07-14 10:28:25"}
{"event":"DB_INIT","level":"info","message":"MongoDB connected and SuperAdmin setup verified","status":"success","time":"2025-07-14T04:48:39.021Z","timestamp":"2025-07-14 10:33:39"}
{"event":"DB_INIT","level":"info","message":"MongoDB connected and SuperAdmin setup verified","status":"success","time":"2025-07-14T05:15:14.234Z","timestamp":"2025-07-14 11:00:14"}
{"event":"DB_INIT","level":"info","message":"MongoDB connected and SuperAdmin setup verified","status":"success","time":"2025-07-14T05:15:16.473Z","timestamp":"2025-07-14 11:00:16"}
{"event":"DB_INIT","level":"info","message":"MongoDB connected and SuperAdmin setup verified","status":"success","time":"2025-07-14T11:00:24.473Z","timestamp":"2025-07-14 16:45:24"}
{"event":"DB_INIT","level":"info","message":"MongoDB connected and SuperAdmin setup verified","status":"success","time":"2025-07-21T07:51:32.153Z","timestamp":"2025-07-21 13:36:32"}
{"event":"DB_INIT","level":"info","message":"MongoDB connected and SuperAdmin setup verified","status":"success","time":"2025-07-24T03:25:02.355Z","timestamp":"2025-07-24 09:10:02"}
{"event":"DB_INIT","level":"info","message":"MongoDB connected and SuperAdmin setup verified","status":"success","time":"2025-07-24T03:25:09.184Z","timestamp":"2025-07-24 09:10:09"}
{"event":"DB_INIT","level":"info","message":"MongoDB connected and SuperAdmin setup verified","status":"success","time":"2025-07-24T03:25:28.166Z","timestamp":"2025-07-24 09:10:28"}
{"event":"DB_INIT","level":"info","message":"MongoDB connected and SuperAdmin setup verified","status":"success","time":"2025-07-24T03:25:41.225Z","timestamp":"2025-07-24 09:10:41"}
{"event":"DB_INIT","level":"info","message":"MongoDB connected and SuperAdmin setup verified","status":"success","time":"2025-07-24T03:25:44.259Z","timestamp":"2025-07-24 09:10:44"}
{"event":"DB_INIT","level":"info","message":"MongoDB connected and SuperAdmin setup verified","status":"success","time":"2025-07-24T03:26:38.903Z","timestamp":"2025-07-24 09:11:38"}
{"event":"DB_INIT","level":"info","message":"MongoDB connected and SuperAdmin setup verified","status":"success","time":"2025-07-24T03:26:41.209Z","timestamp":"2025-07-24 09:11:41"}
{"event":"DB_INIT","level":"info","message":"MongoDB connected and SuperAdmin setup verified","status":"success","time":"2025-07-24T03:31:04.406Z","timestamp":"2025-07-24 09:16:04"}
{"event":"DB_INIT","level":"info","message":"MongoDB connected and SuperAdmin setup verified","status":"success","time":"2025-07-24T03:32:59.927Z","timestamp":"2025-07-24 09:17:59"}
{"event":"DB_INIT","level":"info","message":"MongoDB connected and SuperAdmin setup verified","status":"success","time":"2025-07-24T03:33:01.754Z","timestamp":"2025-07-24 09:18:01"}
{"event":"DB_INIT","level":"info","message":"MongoDB connected and SuperAdmin setup verified","status":"success","time":"2025-07-24T03:33:54.696Z","timestamp":"2025-07-24 09:18:54"}
{"event":"DB_INIT","level":"info","message":"MongoDB connected and SuperAdmin setup verified","status":"success","time":"2025-07-24T03:37:45.561Z","timestamp":"2025-07-24 09:22:45"}
{"event":"DB_INIT","level":"info","message":"MongoDB connected and SuperAdmin setup verified","status":"success","time":"2025-07-24T03:40:54.089Z","timestamp":"2025-07-24 09:25:54"}
{"event":"DB_INIT","level":"info","message":"MongoDB connected and SuperAdmin setup verified","status":"success","time":"2025-07-24T03:41:16.760Z","timestamp":"2025-07-24 09:26:16"}
{"event":"DB_INIT","level":"info","message":"MongoDB connected and SuperAdmin setup verified","status":"success","time":"2025-07-24T03:41:20.139Z","timestamp":"2025-07-24 09:26:20"}
{"event":"DB_INIT","level":"info","message":"MongoDB connected and SuperAdmin setup verified","status":"success","time":"2025-07-24T03:42:04.749Z","timestamp":"2025-07-24 09:27:04"}
{"event":"DB_INIT","level":"info","message":"MongoDB connected and SuperAdmin setup verified","status":"success","time":"2025-07-24T03:42:07.398Z","timestamp":"2025-07-24 09:27:07"}
{"event":"DB_INIT","level":"info","message":"MongoDB connected and SuperAdmin setup verified","status":"success","time":"2025-07-24T03:42:08.868Z","timestamp":"2025-07-24 09:27:08"}
{"event":"DB_INIT","level":"info","message":"MongoDB connected and SuperAdmin setup verified","status":"success","time":"2025-07-24T03:42:26.897Z","timestamp":"2025-07-24 09:27:26"}
{"event":"DB_INIT","level":"info","message":"MongoDB connected and SuperAdmin setup verified","status":"success","time":"2025-07-24T03:44:09.444Z","timestamp":"2025-07-24 09:29:09"}
{"event":"DB_INIT","level":"info","message":"MongoDB connected and SuperAdmin setup verified","status":"success","time":"2025-07-24T03:45:52.041Z","timestamp":"2025-07-24 09:30:52"}
{"event":"DB_INIT","level":"info","message":"MongoDB connected and SuperAdmin setup verified","status":"success","time":"2025-07-24T03:55:02.487Z","timestamp":"2025-07-24 09:40:02"}
{"event":"DB_INIT","level":"info","message":"MongoDB connected and SuperAdmin setup verified","status":"success","time":"2025-07-24T03:55:03.431Z","timestamp":"2025-07-24 09:40:03"}
{"event":"DB_INIT","level":"info","message":"MongoDB connected and SuperAdmin setup verified","status":"success","time":"2025-07-24T04:29:19.892Z","timestamp":"2025-07-24 10:14:19"}
