::1 - - [12/Jul/2025:08:46:43 +0000] "GET /category?search=&page=1&size=50 HTTP/1.1" 200 789 "http://localhost:3001/" "Mozilla/5.0 (Macintosh; Intel Mac OS X 10_15_7) AppleWebKit/605.1.15 (KHTML, like Gecko) Version/18.5 Safari/605.1.15"
::1 - - [12/Jul/2025:08:46:47 +0000] "GET /property/all?search=&page=1&size=10 HTTP/1.1" 304 - "http://localhost:3001/" "Mozilla/5.0 (Macintosh; Intel Mac OS X 10_15_7) AppleWebKit/605.1.15 (KHTML, like Gecko) Version/18.5 Safari/605.1.15"
::1 - - [12/Jul/2025:08:46:49 +0000] "GET /property/all?search=&page=1&size=10 HTTP/1.1" 304 - "http://localhost:3001/" "Mozilla/5.0 (Macintosh; Intel Mac OS X 10_15_7) AppleWebKit/605.1.15 (KHTML, like Gecko) Version/18.5 Safari/605.1.15"
::1 - - [12/Jul/2025:08:46:49 +0000] "GET /category?search=&page=1&size=10 HTTP/1.1" 200 789 "http://localhost:3001/" "Mozilla/5.0 (Macintosh; Intel Mac OS X 10_15_7) AppleWebKit/605.1.15 (KHTML, like Gecko) Version/18.5 Safari/605.1.15"
::1 - - [12/Jul/2025:08:46:49 +0000] "GET /carts/admin/order?search=&page=1&size=10 HTTP/1.1" 304 - "http://localhost:3001/" "Mozilla/5.0 (Macintosh; Intel Mac OS X 10_15_7) AppleWebKit/605.1.15 (KHTML, like Gecko) Version/18.5 Safari/605.1.15"
::1 - - [12/Jul/2025:08:47:13 +0000] "GET /users/all?search=&page=1&size=10 HTTP/1.1" - - "http://localhost:3001/" "Mozilla/5.0 (Macintosh; Intel Mac OS X 10_15_7) AppleWebKit/605.1.15 (KHTML, like Gecko) Version/18.5 Safari/605.1.15"
::1 - - [12/Jul/2025:08:47:13 +0000] "GET /category?search=&page=1&size=50 HTTP/1.1" 200 789 "http://localhost:3001/" "Mozilla/5.0 (Macintosh; Intel Mac OS X 10_15_7) AppleWebKit/605.1.15 (KHTML, like Gecko) Version/18.5 Safari/605.1.15"
::1 - - [12/Jul/2025:08:47:13 +0000] "GET /property/all?search=&page=1&size=10 HTTP/1.1" 304 - "http://localhost:3001/" "Mozilla/5.0 (Macintosh; Intel Mac OS X 10_15_7) AppleWebKit/605.1.15 (KHTML, like Gecko) Version/18.5 Safari/605.1.15"
::1 - - [12/Jul/2025:08:47:13 +0000] "GET /carts/admin/order?search=&page=1&size=10 HTTP/1.1" 304 - "http://localhost:3001/" "Mozilla/5.0 (Macintosh; Intel Mac OS X 10_15_7) AppleWebKit/605.1.15 (KHTML, like Gecko) Version/18.5 Safari/605.1.15"
::1 - - [12/Jul/2025:08:47:13 +0000] "GET /category?search=&page=1&size=10 HTTP/1.1" 200 789 "http://localhost:3001/" "Mozilla/5.0 (Macintosh; Intel Mac OS X 10_15_7) AppleWebKit/605.1.15 (KHTML, like Gecko) Version/18.5 Safari/605.1.15"
::1 - - [12/Jul/2025:08:47:28 +0000] "GET /users/all?search=&page=1&size=10 HTTP/1.1" - - "http://localhost:3001/" "Mozilla/5.0 (Macintosh; Intel Mac OS X 10_15_7) AppleWebKit/605.1.15 (KHTML, like Gecko) Version/18.5 Safari/605.1.15"
::1 - - [12/Jul/2025:08:47:29 +0000] "GET /category?search=&page=1&size=50 HTTP/1.1" 200 789 "http://localhost:3001/" "Mozilla/5.0 (Macintosh; Intel Mac OS X 10_15_7) AppleWebKit/605.1.15 (KHTML, like Gecko) Version/18.5 Safari/605.1.15"
::1 - - [12/Jul/2025:08:47:46 +0000] "POST /users/login HTTP/1.1" 500 45 "http://localhost:3001/" "Mozilla/5.0 (Macintosh; Intel Mac OS X 10_15_7) AppleWebKit/605.1.15 (KHTML, like Gecko) Version/18.5 Safari/605.1.15"
::1 - - [12/Jul/2025:08:48:51 +0000] "POST /users/login HTTP/1.1" 500 45 "http://localhost:3001/" "Mozilla/5.0 (Macintosh; Intel Mac OS X 10_15_7) AppleWebKit/605.1.15 (KHTML, like Gecko) Version/18.5 Safari/605.1.15"
::1 - - [12/Jul/2025:08:59:17 +0000] "POST /users/login HTTP/1.1" 500 45 "http://localhost:3001/" "Mozilla/5.0 (Macintosh; Intel Mac OS X 10_15_7) AppleWebKit/605.1.15 (KHTML, like Gecko) Version/18.5 Safari/605.1.15"
::1 - - [12/Jul/2025:09:02:33 +0000] "POST /users/login HTTP/1.1" 500 45 "http://localhost:3001/" "Mozilla/5.0 (Macintosh; Intel Mac OS X 10_15_7) AppleWebKit/605.1.15 (KHTML, like Gecko) Version/18.5 Safari/605.1.15"
::1 - - [12/Jul/2025:09:17:20 +0000] "POST /users/login HTTP/1.1" 500 45 "http://localhost:3001/" "Mozilla/5.0 (Macintosh; Intel Mac OS X 10_15_7) AppleWebKit/605.1.15 (KHTML, like Gecko) Version/18.5 Safari/605.1.15"
::1 - - [12/Jul/2025:09:22:19 +0000] "POST /users/login HTTP/1.1" 500 45 "http://localhost:3001/" "Mozilla/5.0 (Macintosh; Intel Mac OS X 10_15_7) AppleWebKit/605.1.15 (KHTML, like Gecko) Version/18.5 Safari/605.1.15"
::1 - - [12/Jul/2025:09:42:33 +0000] "POST /users/login HTTP/1.1" 500 45 "http://localhost:3001/" "Mozilla/5.0 (Macintosh; Intel Mac OS X 10_15_7) AppleWebKit/605.1.15 (KHTML, like Gecko) Version/18.5 Safari/605.1.15"
::1 - - [12/Jul/2025:09:42:46 +0000] "POST /users/login HTTP/1.1" 403 72 "http://localhost:3001/" "Mozilla/5.0 (Macintosh; Intel Mac OS X 10_15_7) AppleWebKit/605.1.15 (KHTML, like Gecko) Version/18.5 Safari/605.1.15"
::1 - - [12/Jul/2025:09:42:52 +0000] "GET /category?search=&page=1&size=50 HTTP/1.1" 200 789 "http://localhost:3001/" "Mozilla/5.0 (Macintosh; Intel Mac OS X 10_15_7) AppleWebKit/605.1.15 (KHTML, like Gecko) Version/18.5 Safari/605.1.15"
::1 - - [12/Jul/2025:09:43:15 +0000] "POST /users/login HTTP/1.1" 500 45 "http://localhost:3001/" "Mozilla/5.0 (Macintosh; Intel Mac OS X 10_15_7) AppleWebKit/605.1.15 (KHTML, like Gecko) Version/18.5 Safari/605.1.15"
::1 - - [12/Jul/2025:09:45:32 +0000] "POST /users/login HTTP/1.1" 500 45 "http://localhost:3001/" "Mozilla/5.0 (Macintosh; Intel Mac OS X 10_15_7) AppleWebKit/605.1.15 (KHTML, like Gecko) Version/18.5 Safari/605.1.15"
::1 - - [12/Jul/2025:09:45:36 +0000] "GET /category?search=&page=1&size=50 HTTP/1.1" 200 789 "http://localhost:3001/" "Mozilla/5.0 (Macintosh; Intel Mac OS X 10_15_7) AppleWebKit/605.1.15 (KHTML, like Gecko) Version/18.5 Safari/605.1.15"
::1 - - [12/Jul/2025:09:45:49 +0000] "POST /users/login HTTP/1.1" 500 45 "http://localhost:3001/" "Mozilla/5.0 (Macintosh; Intel Mac OS X 10_15_7) AppleWebKit/605.1.15 (KHTML, like Gecko) Version/18.5 Safari/605.1.15"
::1 - - [12/Jul/2025:09:46:59 +0000] "GET /property/all?search=&page=1&size=8&price=-1 HTTP/1.1" 200 100 "http://localhost:3001/" "Mozilla/5.0 (Macintosh; Intel Mac OS X 10_15_7) AppleWebKit/605.1.15 (KHTML, like Gecko) Version/18.5 Safari/605.1.15"
::1 - - [12/Jul/2025:09:46:59 +0000] "GET /category?search=&page=1&size=50 HTTP/1.1" 200 789 "http://localhost:3001/" "Mozilla/5.0 (Macintosh; Intel Mac OS X 10_15_7) AppleWebKit/605.1.15 (KHTML, like Gecko) Version/18.5 Safari/605.1.15"
::1 - - [12/Jul/2025:09:47:01 +0000] "GET /category?search=&page=1&size=50 HTTP/1.1" 200 789 "http://localhost:3001/" "Mozilla/5.0 (Macintosh; Intel Mac OS X 10_15_7) AppleWebKit/605.1.15 (KHTML, like Gecko) Version/18.5 Safari/605.1.15"
::1 - - [12/Jul/2025:09:47:04 +0000] "GET /category?search=&page=1&size=50 HTTP/1.1" 200 789 "http://localhost:3001/" "Mozilla/5.0 (Macintosh; Intel Mac OS X 10_15_7) AppleWebKit/605.1.15 (KHTML, like Gecko) Version/18.5 Safari/605.1.15"
::1 - - [12/Jul/2025:09:47:18 +0000] "POST /users/login HTTP/1.1" 500 45 "http://localhost:3001/" "Mozilla/5.0 (Macintosh; Intel Mac OS X 10_15_7) AppleWebKit/605.1.15 (KHTML, like Gecko) Version/18.5 Safari/605.1.15"
::1 - - [12/Jul/2025:09:48:07 +0000] "GET /users/login HTTP/1.1" 404 150 "-" "Mozilla/5.0 (Macintosh; Intel Mac OS X 10_15_7) AppleWebKit/605.1.15 (KHTML, like Gecko) Version/18.5 Safari/605.1.15"
::1 - - [12/Jul/2025:09:55:06 +0000] "POST /users/login HTTP/1.1" 200 622 "http://localhost:3001/" "Mozilla/5.0 (Macintosh; Intel Mac OS X 10_15_7) AppleWebKit/605.1.15 (KHTML, like Gecko) Version/18.5 Safari/605.1.15"
::1 - - [12/Jul/2025:09:55:06 +0000] "GET /category?search=&page=1&size=50 HTTP/1.1" 200 789 "http://localhost:3001/" "Mozilla/5.0 (Macintosh; Intel Mac OS X 10_15_7) AppleWebKit/605.1.15 (KHTML, like Gecko) Version/18.5 Safari/605.1.15"
::1 - - [12/Jul/2025:09:55:06 +0000] "GET /property/all?search=&page=1&size=8&price=-1 HTTP/1.1" 200 100 "http://localhost:3001/" "Mozilla/5.0 (Macintosh; Intel Mac OS X 10_15_7) AppleWebKit/605.1.15 (KHTML, like Gecko) Version/18.5 Safari/605.1.15"
::1 - - [12/Jul/2025:09:56:02 +0000] "POST /users/logout HTTP/1.1" 200 42 "http://localhost:3001/" "Mozilla/5.0 (Macintosh; Intel Mac OS X 10_15_7) AppleWebKit/605.1.15 (KHTML, like Gecko) Version/18.5 Safari/605.1.15"
::1 - - [12/Jul/2025:09:56:03 +0000] "GET /category?search=&page=1&size=50 HTTP/1.1" 200 789 "http://localhost:3001/" "Mozilla/5.0 (Macintosh; Intel Mac OS X 10_15_7) AppleWebKit/605.1.15 (KHTML, like Gecko) Version/18.5 Safari/605.1.15"
::1 - - [12/Jul/2025:09:56:12 +0000] "GET /category?search=&page=1&size=50 HTTP/1.1" 200 789 "http://localhost:3001/" "Mozilla/5.0 (Macintosh; Intel Mac OS X 10_15_7) AppleWebKit/605.1.15 (KHTML, like Gecko) Version/18.5 Safari/605.1.15"
::1 - - [12/Jul/2025:09:56:29 +0000] "POST /users/login HTTP/1.1" 200 475 "http://localhost:3001/" "Mozilla/5.0 (Macintosh; Intel Mac OS X 10_15_7) AppleWebKit/605.1.15 (KHTML, like Gecko) Version/18.5 Safari/605.1.15"
::1 - - [12/Jul/2025:09:56:29 +0000] "GET /property/all?search=&page=1&size=8&price=-1 HTTP/1.1" 200 100 "http://localhost:3001/" "Mozilla/5.0 (Macintosh; Intel Mac OS X 10_15_7) AppleWebKit/605.1.15 (KHTML, like Gecko) Version/18.5 Safari/605.1.15"
::1 - - [12/Jul/2025:09:56:29 +0000] "GET /category?search=&page=1&size=50 HTTP/1.1" 200 789 "http://localhost:3001/" "Mozilla/5.0 (Macintosh; Intel Mac OS X 10_15_7) AppleWebKit/605.1.15 (KHTML, like Gecko) Version/18.5 Safari/605.1.15"
::1 - - [12/Jul/2025:09:56:29 +0000] "GET /category?search=&page=1&size=10 HTTP/1.1" 200 789 "http://localhost:3001/" "Mozilla/5.0 (Macintosh; Intel Mac OS X 10_15_7) AppleWebKit/605.1.15 (KHTML, like Gecko) Version/18.5 Safari/605.1.15"
::1 - - [12/Jul/2025:09:56:29 +0000] "GET /property/all?search=&page=1&size=10 HTTP/1.1" 200 101 "http://localhost:3001/" "Mozilla/5.0 (Macintosh; Intel Mac OS X 10_15_7) AppleWebKit/605.1.15 (KHTML, like Gecko) Version/18.5 Safari/605.1.15"
::1 - - [12/Jul/2025:09:56:29 +0000] "GET /carts/admin/order?search=&page=1&size=10 HTTP/1.1" 200 79 "http://localhost:3001/" "Mozilla/5.0 (Macintosh; Intel Mac OS X 10_15_7) AppleWebKit/605.1.15 (KHTML, like Gecko) Version/18.5 Safari/605.1.15"
::1 - - [12/Jul/2025:09:56:31 +0000] "GET /property/all?search=&page=1&size=10 HTTP/1.1" 200 101 "http://localhost:3001/" "Mozilla/5.0 (Macintosh; Intel Mac OS X 10_15_7) AppleWebKit/605.1.15 (KHTML, like Gecko) Version/18.5 Safari/605.1.15"
::1 - - [12/Jul/2025:09:56:35 +0000] "GET /users/all?search=&page=1&size=10 HTTP/1.1" - - "http://localhost:3001/" "Mozilla/5.0 (Macintosh; Intel Mac OS X 10_15_7) AppleWebKit/605.1.15 (KHTML, like Gecko) Version/18.5 Safari/605.1.15"
::1 - - [12/Jul/2025:09:56:36 +0000] "GET /category?search=&page=1&size=50 HTTP/1.1" 200 789 "http://localhost:3001/" "Mozilla/5.0 (Macintosh; Intel Mac OS X 10_15_7) AppleWebKit/605.1.15 (KHTML, like Gecko) Version/18.5 Safari/605.1.15"
::1 - - [12/Jul/2025:09:58:06 +0000] "POST /users/register HTTP/1.1" 400 98 "http://localhost:3001/" "Mozilla/5.0 (Macintosh; Intel Mac OS X 10_15_7) AppleWebKit/605.1.15 (KHTML, like Gecko) Version/18.5 Safari/605.1.15"
::1 - - [12/Jul/2025:09:58:13 +0000] "GET /users/all?search=&page=1&size=10 HTTP/1.1" - - "http://localhost:3001/" "Mozilla/5.0 (Macintosh; Intel Mac OS X 10_15_7) AppleWebKit/605.1.15 (KHTML, like Gecko) Version/18.5 Safari/605.1.15"
::1 - - [12/Jul/2025:09:58:13 +0000] "GET /category?search=&page=1&size=50 HTTP/1.1" 200 789 "http://localhost:3001/" "Mozilla/5.0 (Macintosh; Intel Mac OS X 10_15_7) AppleWebKit/605.1.15 (KHTML, like Gecko) Version/18.5 Safari/605.1.15"
::1 - - [12/Jul/2025:09:58:15 +0000] "GET /property/all?search=&page=1&size=10 HTTP/1.1" 200 101 "http://localhost:3001/" "Mozilla/5.0 (Macintosh; Intel Mac OS X 10_15_7) AppleWebKit/605.1.15 (KHTML, like Gecko) Version/18.5 Safari/605.1.15"
::1 - - [12/Jul/2025:09:58:16 +0000] "GET /category?search=&page=1&size=10 HTTP/1.1" 200 789 "http://localhost:3001/" "Mozilla/5.0 (Macintosh; Intel Mac OS X 10_15_7) AppleWebKit/605.1.15 (KHTML, like Gecko) Version/18.5 Safari/605.1.15"
::1 - - [12/Jul/2025:09:58:18 +0000] "GET /property/all?search=&page=1&size=10 HTTP/1.1" 200 101 "http://localhost:3001/" "Mozilla/5.0 (Macintosh; Intel Mac OS X 10_15_7) AppleWebKit/605.1.15 (KHTML, like Gecko) Version/18.5 Safari/605.1.15"
::1 - - [12/Jul/2025:09:58:19 +0000] "GET /category HTTP/1.1" 200 785 "http://localhost:3001/" "Mozilla/5.0 (Macintosh; Intel Mac OS X 10_15_7) AppleWebKit/605.1.15 (KHTML, like Gecko) Version/18.5 Safari/605.1.15"
::1 - - [12/Jul/2025:09:58:32 +0000] "POST /property/add HTTP/1.1" 200 373 "http://localhost:3001/" "Mozilla/5.0 (Macintosh; Intel Mac OS X 10_15_7) AppleWebKit/605.1.15 (KHTML, like Gecko) Version/18.5 Safari/605.1.15"
::1 - - [12/Jul/2025:09:58:32 +0000] "GET /property/all?search=&page=1&size=10 HTTP/1.1" 200 485 "http://localhost:3001/" "Mozilla/5.0 (Macintosh; Intel Mac OS X 10_15_7) AppleWebKit/605.1.15 (KHTML, like Gecko) Version/18.5 Safari/605.1.15"
::1 - - [12/Jul/2025:09:58:32 +0000] "GET /public/uploads/1752314312295Screenshot%202025-07-12%20at%2014.27.18.png HTTP/1.1" 200 1031399 "http://localhost:3001/" "Mozilla/5.0 (Macintosh; Intel Mac OS X 10_15_7) AppleWebKit/605.1.15 (KHTML, like Gecko) Version/18.5 Safari/605.1.15"
::1 - - [12/Jul/2025:09:58:33 +0000] "GET /property/all?search=&page=1&size=10 HTTP/1.1" 200 485 "http://localhost:3001/" "Mozilla/5.0 (Macintosh; Intel Mac OS X 10_15_7) AppleWebKit/605.1.15 (KHTML, like Gecko) Version/18.5 Safari/605.1.15"
::1 - - [12/Jul/2025:09:58:33 +0000] "GET /carts/admin/order?search=&page=1&size=10 HTTP/1.1" 200 79 "http://localhost:3001/" "Mozilla/5.0 (Macintosh; Intel Mac OS X 10_15_7) AppleWebKit/605.1.15 (KHTML, like Gecko) Version/18.5 Safari/605.1.15"
::1 - - [12/Jul/2025:09:58:33 +0000] "GET /category?search=&page=1&size=10 HTTP/1.1" 200 789 "http://localhost:3001/" "Mozilla/5.0 (Macintosh; Intel Mac OS X 10_15_7) AppleWebKit/605.1.15 (KHTML, like Gecko) Version/18.5 Safari/605.1.15"
::1 - - [12/Jul/2025:09:58:37 +0000] "GET /users/all?search=&page=1&size=10 HTTP/1.1" - - "http://localhost:3001/" "Mozilla/5.0 (Macintosh; Intel Mac OS X 10_15_7) AppleWebKit/605.1.15 (KHTML, like Gecko) Version/18.5 Safari/605.1.15"
::1 - - [12/Jul/2025:09:58:37 +0000] "GET /category?search=&page=1&size=50 HTTP/1.1" 200 789 "http://localhost:3001/" "Mozilla/5.0 (Macintosh; Intel Mac OS X 10_15_7) AppleWebKit/605.1.15 (KHTML, like Gecko) Version/18.5 Safari/605.1.15"
::1 - - [12/Jul/2025:09:58:51 +0000] "POST /users/login HTTP/1.1" 200 622 "http://localhost:3001/" "Mozilla/5.0 (Macintosh; Intel Mac OS X 10_15_7) AppleWebKit/605.1.15 (KHTML, like Gecko) Version/18.5 Safari/605.1.15"
::1 - - [12/Jul/2025:09:58:51 +0000] "GET /category?search=&page=1&size=50 HTTP/1.1" 200 789 "http://localhost:3001/" "Mozilla/5.0 (Macintosh; Intel Mac OS X 10_15_7) AppleWebKit/605.1.15 (KHTML, like Gecko) Version/18.5 Safari/605.1.15"
::1 - - [12/Jul/2025:09:58:51 +0000] "GET /property/all?search=&page=1&size=8&price=-1 HTTP/1.1" 200 484 "http://localhost:3001/" "Mozilla/5.0 (Macintosh; Intel Mac OS X 10_15_7) AppleWebKit/605.1.15 (KHTML, like Gecko) Version/18.5 Safari/605.1.15"
::1 - - [12/Jul/2025:09:58:51 +0000] "GET /public/uploads/1752314312295Screenshot%202025-07-12%20at%2014.27.18.png HTTP/1.1" 200 1031399 "http://localhost:3001/" "Mozilla/5.0 (Macintosh; Intel Mac OS X 10_15_7) AppleWebKit/605.1.15 (KHTML, like Gecko) Version/18.5 Safari/605.1.15"
::1 - - [12/Jul/2025:09:58:53 +0000] "GET /category?search=&page=1&size=50 HTTP/1.1" 200 789 "http://localhost:3001/" "Mozilla/5.0 (Macintosh; Intel Mac OS X 10_15_7) AppleWebKit/605.1.15 (KHTML, like Gecko) Version/18.5 Safari/605.1.15"
::1 - - [12/Jul/2025:09:58:53 +0000] "GET /property/all?page=1&size=50&price=&category=686fe8918c1d21bde54c546a&date= HTTP/1.1" 200 485 "http://localhost:3001/" "Mozilla/5.0 (Macintosh; Intel Mac OS X 10_15_7) AppleWebKit/605.1.15 (KHTML, like Gecko) Version/18.5 Safari/605.1.15"
::1 - - [12/Jul/2025:09:58:53 +0000] "GET /public/uploads/1752314312295Screenshot%202025-07-12%20at%2014.27.18.png HTTP/1.1" 200 1031399 "http://localhost:3001/" "Mozilla/5.0 (Macintosh; Intel Mac OS X 10_15_7) AppleWebKit/605.1.15 (KHTML, like Gecko) Version/18.5 Safari/605.1.15"
::1 - - [12/Jul/2025:09:58:56 +0000] "GET /property/all?page=1&size=50&price=&date= HTTP/1.1" 200 485 "http://localhost:3001/" "Mozilla/5.0 (Macintosh; Intel Mac OS X 10_15_7) AppleWebKit/605.1.15 (KHTML, like Gecko) Version/18.5 Safari/605.1.15"
::1 - - [12/Jul/2025:09:59:03 +0000] "GET /property/all?search=Sgar&page=1&size=50&price=&date= HTTP/1.1" 200 101 "http://localhost:3001/" "Mozilla/5.0 (Macintosh; Intel Mac OS X 10_15_7) AppleWebKit/605.1.15 (KHTML, like Gecko) Version/18.5 Safari/605.1.15"
::1 - - [12/Jul/2025:09:59:08 +0000] "GET /property/all?page=1&size=50&price=&category=686fe8918c1d21bde54c546a&date= HTTP/1.1" 200 485 "http://localhost:3001/" "Mozilla/5.0 (Macintosh; Intel Mac OS X 10_15_7) AppleWebKit/605.1.15 (KHTML, like Gecko) Version/18.5 Safari/605.1.15"
::1 - - [12/Jul/2025:09:59:08 +0000] "GET /public/uploads/1752314312295Screenshot%202025-07-12%20at%2014.27.18.png HTTP/1.1" 200 1031399 "http://localhost:3001/" "Mozilla/5.0 (Macintosh; Intel Mac OS X 10_15_7) AppleWebKit/605.1.15 (KHTML, like Gecko) Version/18.5 Safari/605.1.15"
::1 - - [12/Jul/2025:09:59:13 +0000] "GET /property/all?search=Sgaar&page=1&size=50&price=&date= HTTP/1.1" 200 485 "http://localhost:3001/" "Mozilla/5.0 (Macintosh; Intel Mac OS X 10_15_7) AppleWebKit/605.1.15 (KHTML, like Gecko) Version/18.5 Safari/605.1.15"
::1 - - [12/Jul/2025:09:59:18 +0000] "GET /property/all?search=Starr&page=1&size=50&price=&date= HTTP/1.1" 200 101 "http://localhost:3001/" "Mozilla/5.0 (Macintosh; Intel Mac OS X 10_15_7) AppleWebKit/605.1.15 (KHTML, like Gecko) Version/18.5 Safari/605.1.15"
::1 - - [12/Jul/2025:09:59:20 +0000] "GET /property/all?page=1&size=50&price=&date= HTTP/1.1" 200 485 "http://localhost:3001/" "Mozilla/5.0 (Macintosh; Intel Mac OS X 10_15_7) AppleWebKit/605.1.15 (KHTML, like Gecko) Version/18.5 Safari/605.1.15"
::1 - - [12/Jul/2025:09:59:20 +0000] "GET /public/uploads/1752314312295Screenshot%202025-07-12%20at%2014.27.18.png HTTP/1.1" 200 1031399 "http://localhost:3001/" "Mozilla/5.0 (Macintosh; Intel Mac OS X 10_15_7) AppleWebKit/605.1.15 (KHTML, like Gecko) Version/18.5 Safari/605.1.15"
::1 - - [12/Jul/2025:09:59:21 +0000] "GET /category?search=&page=1&size=50 HTTP/1.1" 200 789 "http://localhost:3001/" "Mozilla/5.0 (Macintosh; Intel Mac OS X 10_15_7) AppleWebKit/605.1.15 (KHTML, like Gecko) Version/18.5 Safari/605.1.15"
::1 - - [12/Jul/2025:09:59:21 +0000] "GET /property/all?search=&page=1&size=8&price=-1 HTTP/1.1" 200 484 "http://localhost:3001/" "Mozilla/5.0 (Macintosh; Intel Mac OS X 10_15_7) AppleWebKit/605.1.15 (KHTML, like Gecko) Version/18.5 Safari/605.1.15"
::1 - - [12/Jul/2025:09:59:21 +0000] "GET /public/uploads/1752314312295Screenshot%202025-07-12%20at%2014.27.18.png HTTP/1.1" 200 1031399 "http://localhost:3001/" "Mozilla/5.0 (Macintosh; Intel Mac OS X 10_15_7) AppleWebKit/605.1.15 (KHTML, like Gecko) Version/18.5 Safari/605.1.15"
::1 - - [12/Jul/2025:09:59:26 +0000] "POST /users/logout HTTP/1.1" 200 42 "http://localhost:3001/" "Mozilla/5.0 (Macintosh; Intel Mac OS X 10_15_7) AppleWebKit/605.1.15 (KHTML, like Gecko) Version/18.5 Safari/605.1.15"
::1 - - [12/Jul/2025:09:59:26 +0000] "GET /category?search=&page=1&size=50 HTTP/1.1" 200 789 "http://localhost:3001/" "Mozilla/5.0 (Macintosh; Intel Mac OS X 10_15_7) AppleWebKit/605.1.15 (KHTML, like Gecko) Version/18.5 Safari/605.1.15"
::1 - - [12/Jul/2025:10:00:26 +0000] "POST /users/register HTTP/1.1" 200 46 "http://localhost:3001/" "Mozilla/5.0 (Macintosh; Intel Mac OS X 10_15_7) AppleWebKit/605.1.15 (KHTML, like Gecko) Version/18.5 Safari/605.1.15"
::1 - - [12/Jul/2025:10:00:51 +0000] "POST /users/verify-otp HTTP/1.1" 200 41 "http://localhost:3001/" "Mozilla/5.0 (Macintosh; Intel Mac OS X 10_15_7) AppleWebKit/605.1.15 (KHTML, like Gecko) Version/18.5 Safari/605.1.15"
::1 - - [12/Jul/2025:10:00:51 +0000] "GET /category?search=&page=1&size=50 HTTP/1.1" 200 789 "http://localhost:3001/" "Mozilla/5.0 (Macintosh; Intel Mac OS X 10_15_7) AppleWebKit/605.1.15 (KHTML, like Gecko) Version/18.5 Safari/605.1.15"
::1 - - [12/Jul/2025:10:01:36 +0000] "POST /users/login HTTP/1.1" 200 630 "http://localhost:3001/" "Mozilla/5.0 (Macintosh; Intel Mac OS X 10_15_7) AppleWebKit/605.1.15 (KHTML, like Gecko) Version/18.5 Safari/605.1.15"
::1 - - [12/Jul/2025:10:01:36 +0000] "GET /category?search=&page=1&size=50 HTTP/1.1" 200 789 "http://localhost:3001/" "Mozilla/5.0 (Macintosh; Intel Mac OS X 10_15_7) AppleWebKit/605.1.15 (KHTML, like Gecko) Version/18.5 Safari/605.1.15"
::1 - - [12/Jul/2025:10:01:36 +0000] "GET /property/all?search=&page=1&size=8&price=-1 HTTP/1.1" 200 484 "http://localhost:3001/" "Mozilla/5.0 (Macintosh; Intel Mac OS X 10_15_7) AppleWebKit/605.1.15 (KHTML, like Gecko) Version/18.5 Safari/605.1.15"
::1 - - [12/Jul/2025:10:01:36 +0000] "GET /public/uploads/1752314312295Screenshot%202025-07-12%20at%2014.27.18.png HTTP/1.1" 200 1031399 "http://localhost:3001/" "Mozilla/5.0 (Macintosh; Intel Mac OS X 10_15_7) AppleWebKit/605.1.15 (KHTML, like Gecko) Version/18.5 Safari/605.1.15"
::1 - - [12/Jul/2025:10:02:23 +0000] "POST /users/logout HTTP/1.1" 200 42 "http://localhost:3001/" "Mozilla/5.0 (Macintosh; Intel Mac OS X 10_15_7) AppleWebKit/605.1.15 (KHTML, like Gecko) Version/18.5 Safari/605.1.15"
::1 - - [12/Jul/2025:10:02:24 +0000] "GET /category?search=&page=1&size=50 HTTP/1.1" 200 789 "http://localhost:3001/" "Mozilla/5.0 (Macintosh; Intel Mac OS X 10_15_7) AppleWebKit/605.1.15 (KHTML, like Gecko) Version/18.5 Safari/605.1.15"
::1 - - [12/Jul/2025:10:02:31 +0000] "GET /category?search=&page=1&size=50 HTTP/1.1" 200 789 "http://localhost:3001/" "Mozilla/5.0 (Macintosh; Intel Mac OS X 10_15_7) AppleWebKit/605.1.15 (KHTML, like Gecko) Version/18.5 Safari/605.1.15"
::1 - - [12/Jul/2025:10:02:51 +0000] "POST /users/reset-password-request HTTP/1.1" 200 52 "http://localhost:3001/" "Mozilla/5.0 (Macintosh; Intel Mac OS X 10_15_7) AppleWebKit/605.1.15 (KHTML, like Gecko) Version/18.5 Safari/605.1.15"
::1 - - [12/Jul/2025:10:02:51 +0000] "GET /category?search=&page=1&size=50 HTTP/1.1" 200 789 "http://localhost:3001/" "Mozilla/5.0 (Macintosh; Intel Mac OS X 10_15_7) AppleWebKit/605.1.15 (KHTML, like Gecko) Version/18.5 Safari/605.1.15"
::1 - - [12/Jul/2025:10:04:18 +0000] "POST /users/reset-password-request HTTP/1.1" 200 52 "http://localhost:3001/" "Mozilla/5.0 (Macintosh; Intel Mac OS X 10_15_7) AppleWebKit/605.1.15 (KHTML, like Gecko) Version/18.5 Safari/605.1.15"
::1 - - [12/Jul/2025:10:04:18 +0000] "GET /category?search=&page=1&size=50 HTTP/1.1" 200 789 "http://localhost:3001/" "Mozilla/5.0 (Macintosh; Intel Mac OS X 10_15_7) AppleWebKit/605.1.15 (KHTML, like Gecko) Version/18.5 Safari/605.1.15"
::1 - - [12/Jul/2025:10:04:27 +0000] "GET /category?search=&page=1&size=50 HTTP/1.1" 200 789 "http://localhost:3001/" "Mozilla/5.0 (Macintosh; Intel Mac OS X 10_15_7) AppleWebKit/605.1.15 (KHTML, like Gecko) Version/18.5 Safari/605.1.15"
::1 - - [12/Jul/2025:10:04:33 +0000] "POST /users/reset-password HTTP/1.1" 400 52 "http://localhost:3001/" "Mozilla/5.0 (Macintosh; Intel Mac OS X 10_15_7) AppleWebKit/605.1.15 (KHTML, like Gecko) Version/18.5 Safari/605.1.15"
::1 - - [12/Jul/2025:10:04:38 +0000] "POST /users/reset-password HTTP/1.1" 200 41 "http://localhost:3001/" "Mozilla/5.0 (Macintosh; Intel Mac OS X 10_15_7) AppleWebKit/605.1.15 (KHTML, like Gecko) Version/18.5 Safari/605.1.15"
::1 - - [12/Jul/2025:10:04:38 +0000] "GET /category?search=&page=1&size=50 HTTP/1.1" 200 789 "http://localhost:3001/" "Mozilla/5.0 (Macintosh; Intel Mac OS X 10_15_7) AppleWebKit/605.1.15 (KHTML, like Gecko) Version/18.5 Safari/605.1.15"
::1 - - [12/Jul/2025:10:06:37 +0000] "POST /users/login HTTP/1.1" 200 685 "http://localhost:3001/" "Mozilla/5.0 (Macintosh; Intel Mac OS X 10_15_7) AppleWebKit/605.1.15 (KHTML, like Gecko) Version/18.5 Safari/605.1.15"
::1 - - [12/Jul/2025:10:06:37 +0000] "GET /category?search=&page=1&size=50 HTTP/1.1" 200 789 "http://localhost:3001/" "Mozilla/5.0 (Macintosh; Intel Mac OS X 10_15_7) AppleWebKit/605.1.15 (KHTML, like Gecko) Version/18.5 Safari/605.1.15"
::1 - - [12/Jul/2025:10:06:37 +0000] "GET /property/all?search=&page=1&size=8&price=-1 HTTP/1.1" 200 484 "http://localhost:3001/" "Mozilla/5.0 (Macintosh; Intel Mac OS X 10_15_7) AppleWebKit/605.1.15 (KHTML, like Gecko) Version/18.5 Safari/605.1.15"
::1 - - [12/Jul/2025:10:06:37 +0000] "GET /public/uploads/1752314312295Screenshot%202025-07-12%20at%2014.27.18.png HTTP/1.1" 200 1031399 "http://localhost:3001/" "Mozilla/5.0 (Macintosh; Intel Mac OS X 10_15_7) AppleWebKit/605.1.15 (KHTML, like Gecko) Version/18.5 Safari/605.1.15"
::1 - - [12/Jul/2025:10:06:43 +0000] "POST /users/logout HTTP/1.1" 200 42 "http://localhost:3001/" "Mozilla/5.0 (Macintosh; Intel Mac OS X 10_15_7) AppleWebKit/605.1.15 (KHTML, like Gecko) Version/18.5 Safari/605.1.15"
::1 - - [12/Jul/2025:10:06:43 +0000] "GET /category?search=&page=1&size=50 HTTP/1.1" 200 789 "http://localhost:3001/" "Mozilla/5.0 (Macintosh; Intel Mac OS X 10_15_7) AppleWebKit/605.1.15 (KHTML, like Gecko) Version/18.5 Safari/605.1.15"
::1 - - [12/Jul/2025:10:06:45 +0000] "GET /category?search=&page=1&size=50 HTTP/1.1" 200 789 "http://localhost:3001/" "Mozilla/5.0 (Macintosh; Intel Mac OS X 10_15_7) AppleWebKit/605.1.15 (KHTML, like Gecko) Version/18.5 Safari/605.1.15"
::1 - - [12/Jul/2025:10:07:19 +0000] "POST /users/login HTTP/1.1" 200 685 "http://localhost:3001/" "Mozilla/5.0 (Macintosh; Intel Mac OS X 10_15_7) AppleWebKit/605.1.15 (KHTML, like Gecko) Version/18.5 Safari/605.1.15"
::1 - - [12/Jul/2025:10:07:19 +0000] "GET /category?search=&page=1&size=50 HTTP/1.1" 200 789 "http://localhost:3001/" "Mozilla/5.0 (Macintosh; Intel Mac OS X 10_15_7) AppleWebKit/605.1.15 (KHTML, like Gecko) Version/18.5 Safari/605.1.15"
::1 - - [12/Jul/2025:10:07:19 +0000] "GET /property/all?search=&page=1&size=8&price=-1 HTTP/1.1" 200 484 "http://localhost:3001/" "Mozilla/5.0 (Macintosh; Intel Mac OS X 10_15_7) AppleWebKit/605.1.15 (KHTML, like Gecko) Version/18.5 Safari/605.1.15"
::1 - - [12/Jul/2025:10:07:19 +0000] "GET /public/uploads/1752314312295Screenshot%202025-07-12%20at%2014.27.18.png HTTP/1.1" 200 1031399 "http://localhost:3001/" "Mozilla/5.0 (Macintosh; Intel Mac OS X 10_15_7) AppleWebKit/605.1.15 (KHTML, like Gecko) Version/18.5 Safari/605.1.15"
::1 - - [12/Jul/2025:10:07:22 +0000] "POST /users/logout HTTP/1.1" 200 42 "http://localhost:3001/" "Mozilla/5.0 (Macintosh; Intel Mac OS X 10_15_7) AppleWebKit/605.1.15 (KHTML, like Gecko) Version/18.5 Safari/605.1.15"
::1 - - [12/Jul/2025:10:07:23 +0000] "GET /category?search=&page=1&size=50 HTTP/1.1" 200 789 "http://localhost:3001/" "Mozilla/5.0 (Macintosh; Intel Mac OS X 10_15_7) AppleWebKit/605.1.15 (KHTML, like Gecko) Version/18.5 Safari/605.1.15"
::1 - - [12/Jul/2025:10:07:24 +0000] "GET /category?search=&page=1&size=50 HTTP/1.1" 200 789 "http://localhost:3001/" "Mozilla/5.0 (Macintosh; Intel Mac OS X 10_15_7) AppleWebKit/605.1.15 (KHTML, like Gecko) Version/18.5 Safari/605.1.15"
::1 - - [12/Jul/2025:10:07:55 +0000] "POST /users/login HTTP/1.1" 200 685 "http://localhost:3001/" "Mozilla/5.0 (Macintosh; Intel Mac OS X 10_15_7) AppleWebKit/605.1.15 (KHTML, like Gecko) Version/18.5 Safari/605.1.15"
::1 - - [12/Jul/2025:10:07:55 +0000] "GET /category?search=&page=1&size=50 HTTP/1.1" 200 789 "http://localhost:3001/" "Mozilla/5.0 (Macintosh; Intel Mac OS X 10_15_7) AppleWebKit/605.1.15 (KHTML, like Gecko) Version/18.5 Safari/605.1.15"
::1 - - [12/Jul/2025:10:07:55 +0000] "GET /property/all?search=&page=1&size=8&price=-1 HTTP/1.1" 200 484 "http://localhost:3001/" "Mozilla/5.0 (Macintosh; Intel Mac OS X 10_15_7) AppleWebKit/605.1.15 (KHTML, like Gecko) Version/18.5 Safari/605.1.15"
::1 - - [12/Jul/2025:10:07:55 +0000] "GET /public/uploads/1752314312295Screenshot%202025-07-12%20at%2014.27.18.png HTTP/1.1" 200 1031399 "http://localhost:3001/" "Mozilla/5.0 (Macintosh; Intel Mac OS X 10_15_7) AppleWebKit/605.1.15 (KHTML, like Gecko) Version/18.5 Safari/605.1.15"
::1 - - [12/Jul/2025:10:08:21 +0000] "POST /users/logout HTTP/1.1" 200 42 "http://localhost:3001/" "Mozilla/5.0 (Macintosh; Intel Mac OS X 10_15_7) AppleWebKit/605.1.15 (KHTML, like Gecko) Version/18.5 Safari/605.1.15"
::1 - - [12/Jul/2025:10:08:22 +0000] "GET /category?search=&page=1&size=50 HTTP/1.1" 200 789 "http://localhost:3001/" "Mozilla/5.0 (Macintosh; Intel Mac OS X 10_15_7) AppleWebKit/605.1.15 (KHTML, like Gecko) Version/18.5 Safari/605.1.15"
::1 - - [12/Jul/2025:10:08:23 +0000] "GET /category?search=&page=1&size=50 HTTP/1.1" 200 789 "http://localhost:3001/" "Mozilla/5.0 (Macintosh; Intel Mac OS X 10_15_7) AppleWebKit/605.1.15 (KHTML, like Gecko) Version/18.5 Safari/605.1.15"
::1 - - [12/Jul/2025:10:08:44 +0000] "POST /users/login HTTP/1.1" 200 630 "http://localhost:3001/" "Mozilla/5.0 (Macintosh; Intel Mac OS X 10_15_7) AppleWebKit/605.1.15 (KHTML, like Gecko) Version/18.5 Safari/605.1.15"
::1 - - [12/Jul/2025:10:08:45 +0000] "GET /category?search=&page=1&size=50 HTTP/1.1" 200 789 "http://localhost:3001/" "Mozilla/5.0 (Macintosh; Intel Mac OS X 10_15_7) AppleWebKit/605.1.15 (KHTML, like Gecko) Version/18.5 Safari/605.1.15"
::1 - - [12/Jul/2025:10:08:45 +0000] "GET /property/all?search=&page=1&size=8&price=-1 HTTP/1.1" 200 484 "http://localhost:3001/" "Mozilla/5.0 (Macintosh; Intel Mac OS X 10_15_7) AppleWebKit/605.1.15 (KHTML, like Gecko) Version/18.5 Safari/605.1.15"
::1 - - [12/Jul/2025:10:08:45 +0000] "GET /public/uploads/1752314312295Screenshot%202025-07-12%20at%2014.27.18.png HTTP/1.1" 200 1031399 "http://localhost:3001/" "Mozilla/5.0 (Macintosh; Intel Mac OS X 10_15_7) AppleWebKit/605.1.15 (KHTML, like Gecko) Version/18.5 Safari/605.1.15"
::1 - - [12/Jul/2025:10:46:27 +0000] "GET /category?search=&page=1&size=50 HTTP/1.1" 200 789 "http://localhost:3001/" "Mozilla/5.0 (Macintosh; Intel Mac OS X 10_15_7) AppleWebKit/605.1.15 (KHTML, like Gecko) Version/18.5 Safari/605.1.15"
::1 - - [12/Jul/2025:10:46:27 +0000] "GET /property/all?search=&page=1&size=8&price=-1 HTTP/1.1" 200 484 "http://localhost:3001/" "Mozilla/5.0 (Macintosh; Intel Mac OS X 10_15_7) AppleWebKit/605.1.15 (KHTML, like Gecko) Version/18.5 Safari/605.1.15"
::1 - - [12/Jul/2025:10:46:27 +0000] "GET /public/uploads/1752314312295Screenshot%202025-07-12%20at%2014.27.18.png HTTP/1.1" 200 1031399 "http://localhost:3001/" "Mozilla/5.0 (Macintosh; Intel Mac OS X 10_15_7) AppleWebKit/605.1.15 (KHTML, like Gecko) Version/18.5 Safari/605.1.15"
::1 - - [12/Jul/2025:10:46:30 +0000] "GET /users/my-profile/ HTTP/1.1" 200 365 "http://localhost:3001/" "Mozilla/5.0 (Macintosh; Intel Mac OS X 10_15_7) AppleWebKit/605.1.15 (KHTML, like Gecko) Version/18.5 Safari/605.1.15"
::1 - - [12/Jul/2025:10:46:30 +0000] "GET /carts/my-order/ HTTP/1.1" 200 44 "http://localhost:3001/" "Mozilla/5.0 (Macintosh; Intel Mac OS X 10_15_7) AppleWebKit/605.1.15 (KHTML, like Gecko) Version/18.5 Safari/605.1.15"
::1 - - [12/Jul/2025:10:46:32 +0000] "POST /users/logout HTTP/1.1" 200 42 "http://localhost:3001/" "Mozilla/5.0 (Macintosh; Intel Mac OS X 10_15_7) AppleWebKit/605.1.15 (KHTML, like Gecko) Version/18.5 Safari/605.1.15"
::1 - - [12/Jul/2025:10:46:33 +0000] "GET /category?search=&page=1&size=50 HTTP/1.1" 200 789 "http://localhost:3001/" "Mozilla/5.0 (Macintosh; Intel Mac OS X 10_15_7) AppleWebKit/605.1.15 (KHTML, like Gecko) Version/18.5 Safari/605.1.15"
::1 - - [12/Jul/2025:10:46:34 +0000] "GET /category?search=&page=1&size=50 HTTP/1.1" 200 789 "http://localhost:3001/" "Mozilla/5.0 (Macintosh; Intel Mac OS X 10_15_7) AppleWebKit/605.1.15 (KHTML, like Gecko) Version/18.5 Safari/605.1.15"
::1 - - [12/Jul/2025:10:47:00 +0000] "POST /users/login HTTP/1.1" 401 47 "http://localhost:3001/" "Mozilla/5.0 (Macintosh; Intel Mac OS X 10_15_7) AppleWebKit/605.1.15 (KHTML, like Gecko) Version/18.5 Safari/605.1.15"
::1 - - [12/Jul/2025:10:47:18 +0000] "POST /users/login HTTP/1.1" 403 72 "http://localhost:3001/" "Mozilla/5.0 (Macintosh; Intel Mac OS X 10_15_7) AppleWebKit/605.1.15 (KHTML, like Gecko) Version/18.5 Safari/605.1.15"
::1 - - [12/Jul/2025:10:47:23 +0000] "GET /category?search=&page=1&size=50 HTTP/1.1" 200 789 "http://localhost:3001/" "Mozilla/5.0 (Macintosh; Intel Mac OS X 10_15_7) AppleWebKit/605.1.15 (KHTML, like Gecko) Version/18.5 Safari/605.1.15"
::1 - - [12/Jul/2025:10:47:48 +0000] "POST /users/login HTTP/1.1" 401 44 "http://localhost:3001/" "Mozilla/5.0 (Macintosh; Intel Mac OS X 10_15_7) AppleWebKit/605.1.15 (KHTML, like Gecko) Version/18.5 Safari/605.1.15"
::1 - - [12/Jul/2025:10:47:51 +0000] "POST /users/login HTTP/1.1" 403 72 "http://localhost:3001/" "Mozilla/5.0 (Macintosh; Intel Mac OS X 10_15_7) AppleWebKit/605.1.15 (KHTML, like Gecko) Version/18.5 Safari/605.1.15"
::1 - - [12/Jul/2025:10:47:56 +0000] "GET /category?search=&page=1&size=50 HTTP/1.1" 200 789 "http://localhost:3001/" "Mozilla/5.0 (Macintosh; Intel Mac OS X 10_15_7) AppleWebKit/605.1.15 (KHTML, like Gecko) Version/18.5 Safari/605.1.15"
::1 - - [12/Jul/2025:10:48:16 +0000] "POST /users/login HTTP/1.1" 200 685 "http://localhost:3001/" "Mozilla/5.0 (Macintosh; Intel Mac OS X 10_15_7) AppleWebKit/605.1.15 (KHTML, like Gecko) Version/18.5 Safari/605.1.15"
::1 - - [12/Jul/2025:10:48:16 +0000] "GET /category?search=&page=1&size=50 HTTP/1.1" 200 789 "http://localhost:3001/" "Mozilla/5.0 (Macintosh; Intel Mac OS X 10_15_7) AppleWebKit/605.1.15 (KHTML, like Gecko) Version/18.5 Safari/605.1.15"
::1 - - [12/Jul/2025:10:48:16 +0000] "GET /property/all?search=&page=1&size=8&price=-1 HTTP/1.1" 200 484 "http://localhost:3001/" "Mozilla/5.0 (Macintosh; Intel Mac OS X 10_15_7) AppleWebKit/605.1.15 (KHTML, like Gecko) Version/18.5 Safari/605.1.15"
::1 - - [12/Jul/2025:10:48:16 +0000] "GET /public/uploads/1752314312295Screenshot%202025-07-12%20at%2014.27.18.png HTTP/1.1" 200 1031399 "http://localhost:3001/" "Mozilla/5.0 (Macintosh; Intel Mac OS X 10_15_7) AppleWebKit/605.1.15 (KHTML, like Gecko) Version/18.5 Safari/605.1.15"
::1 - - [12/Jul/2025:10:48:29 +0000] "POST /users/logout HTTP/1.1" 200 42 "http://localhost:3001/" "Mozilla/5.0 (Macintosh; Intel Mac OS X 10_15_7) AppleWebKit/605.1.15 (KHTML, like Gecko) Version/18.5 Safari/605.1.15"
::1 - - [12/Jul/2025:10:48:29 +0000] "GET /category?search=&page=1&size=50 HTTP/1.1" 200 789 "http://localhost:3001/" "Mozilla/5.0 (Macintosh; Intel Mac OS X 10_15_7) AppleWebKit/605.1.15 (KHTML, like Gecko) Version/18.5 Safari/605.1.15"
::1 - - [12/Jul/2025:10:48:31 +0000] "GET /category?search=&page=1&size=50 HTTP/1.1" 200 789 "http://localhost:3001/" "Mozilla/5.0 (Macintosh; Intel Mac OS X 10_15_7) AppleWebKit/605.1.15 (KHTML, like Gecko) Version/18.5 Safari/605.1.15"
::1 - - [12/Jul/2025:10:48:50 +0000] "POST /users/login HTTP/1.1" 200 475 "http://localhost:3001/" "Mozilla/5.0 (Macintosh; Intel Mac OS X 10_15_7) AppleWebKit/605.1.15 (KHTML, like Gecko) Version/18.5 Safari/605.1.15"
::1 - - [12/Jul/2025:10:48:50 +0000] "GET /category?search=&page=1&size=50 HTTP/1.1" 200 789 "http://localhost:3001/" "Mozilla/5.0 (Macintosh; Intel Mac OS X 10_15_7) AppleWebKit/605.1.15 (KHTML, like Gecko) Version/18.5 Safari/605.1.15"
::1 - - [12/Jul/2025:10:48:50 +0000] "GET /property/all?search=&page=1&size=8&price=-1 HTTP/1.1" 200 484 "http://localhost:3001/" "Mozilla/5.0 (Macintosh; Intel Mac OS X 10_15_7) AppleWebKit/605.1.15 (KHTML, like Gecko) Version/18.5 Safari/605.1.15"
::1 - - [12/Jul/2025:10:48:50 +0000] "GET /public/uploads/1752314312295Screenshot%202025-07-12%20at%2014.27.18.png HTTP/1.1" 200 1031399 "http://localhost:3001/" "Mozilla/5.0 (Macintosh; Intel Mac OS X 10_15_7) AppleWebKit/605.1.15 (KHTML, like Gecko) Version/18.5 Safari/605.1.15"
::1 - - [12/Jul/2025:10:48:50 +0000] "GET /category?search=&page=1&size=10 HTTP/1.1" 200 789 "http://localhost:3001/" "Mozilla/5.0 (Macintosh; Intel Mac OS X 10_15_7) AppleWebKit/605.1.15 (KHTML, like Gecko) Version/18.5 Safari/605.1.15"
::1 - - [12/Jul/2025:10:48:50 +0000] "GET /carts/admin/order?search=&page=1&size=10 HTTP/1.1" 200 79 "http://localhost:3001/" "Mozilla/5.0 (Macintosh; Intel Mac OS X 10_15_7) AppleWebKit/605.1.15 (KHTML, like Gecko) Version/18.5 Safari/605.1.15"
::1 - - [12/Jul/2025:10:48:50 +0000] "GET /property/all?search=&page=1&size=10 HTTP/1.1" 200 485 "http://localhost:3001/" "Mozilla/5.0 (Macintosh; Intel Mac OS X 10_15_7) AppleWebKit/605.1.15 (KHTML, like Gecko) Version/18.5 Safari/605.1.15"
::1 - - [12/Jul/2025:10:48:54 +0000] "GET /users/all?search=&page=1&size=10 HTTP/1.1" - - "http://localhost:3001/" "Mozilla/5.0 (Macintosh; Intel Mac OS X 10_15_7) AppleWebKit/605.1.15 (KHTML, like Gecko) Version/18.5 Safari/605.1.15"
::1 - - [12/Jul/2025:10:48:54 +0000] "GET /category?search=&page=1&size=50 HTTP/1.1" 200 789 "http://localhost:3001/" "Mozilla/5.0 (Macintosh; Intel Mac OS X 10_15_7) AppleWebKit/605.1.15 (KHTML, like Gecko) Version/18.5 Safari/605.1.15"
::1 - - [12/Jul/2025:13:28:30 +0000] "GET /users/all?search=&page=1&size=10 HTTP/1.1" - - "http://localhost:3001/" "Mozilla/5.0 (Macintosh; Intel Mac OS X 10_15_7) AppleWebKit/605.1.15 (KHTML, like Gecko) Version/18.5 Safari/605.1.15"
::1 - - [12/Jul/2025:13:28:30 +0000] "GET /category?search=&page=1&size=50 HTTP/1.1" 200 789 "http://localhost:3001/" "Mozilla/5.0 (Macintosh; Intel Mac OS X 10_15_7) AppleWebKit/605.1.15 (KHTML, like Gecko) Version/18.5 Safari/605.1.15"
::1 - - [12/Jul/2025:13:28:33 +0000] "GET /category?search=&page=1&size=50 HTTP/1.1" 200 789 "http://localhost:3001/" "Mozilla/5.0 (Macintosh; Intel Mac OS X 10_15_7) AppleWebKit/605.1.15 (KHTML, like Gecko) Version/18.5 Safari/605.1.15"
::1 - - [12/Jul/2025:13:28:35 +0000] "GET /category?search=&page=1&size=50 HTTP/1.1" 200 789 "http://localhost:3001/" "Mozilla/5.0 (Macintosh; Intel Mac OS X 10_15_7) AppleWebKit/605.1.15 (KHTML, like Gecko) Version/18.5 Safari/605.1.15"
::1 - - [12/Jul/2025:13:28:38 +0000] "GET /category?search=&page=1&size=50 HTTP/1.1" 200 789 "http://localhost:3001/" "Mozilla/5.0 (Macintosh; Intel Mac OS X 10_15_7) AppleWebKit/605.1.15 (KHTML, like Gecko) Version/18.5 Safari/605.1.15"
::1 - - [12/Jul/2025:13:47:02 +0000] "GET /category?search=&page=1&size=50 HTTP/1.1" 200 789 "http://localhost:3001/" "Mozilla/5.0 (Macintosh; Intel Mac OS X 10_15_7) AppleWebKit/605.1.15 (KHTML, like Gecko) Version/18.5 Safari/605.1.15"
::1 - - [12/Jul/2025:13:56:06 +0000] "GET /category?search=&page=1&size=50 HTTP/1.1" 200 789 "http://localhost:3001/" "Mozilla/5.0 (Macintosh; Intel Mac OS X 10_15_7) AppleWebKit/605.1.15 (KHTML, like Gecko) Version/18.5 Safari/605.1.15"
::1 - - [12/Jul/2025:13:56:32 +0000] "POST /users/reset-password-request HTTP/1.1" 200 52 "http://localhost:3001/" "Mozilla/5.0 (Macintosh; Intel Mac OS X 10_15_7) AppleWebKit/605.1.15 (KHTML, like Gecko) Version/18.5 Safari/605.1.15"
::1 - - [12/Jul/2025:13:56:32 +0000] "GET /category?search=&page=1&size=50 HTTP/1.1" 200 789 "http://localhost:3001/" "Mozilla/5.0 (Macintosh; Intel Mac OS X 10_15_7) AppleWebKit/605.1.15 (KHTML, like Gecko) Version/18.5 Safari/605.1.15"
::1 - - [12/Jul/2025:13:57:24 +0000] "GET /category?search=&page=1&size=50 HTTP/1.1" 200 789 "http://localhost:3001/" "Mozilla/5.0 (Macintosh; Intel Mac OS X 10_15_7) AppleWebKit/605.1.15 (KHTML, like Gecko) Version/18.5 Safari/605.1.15"
::1 - - [12/Jul/2025:13:57:38 +0000] "POST /users/reset-password HTTP/1.1" 400 52 "http://localhost:3001/" "Mozilla/5.0 (Macintosh; Intel Mac OS X 10_15_7) AppleWebKit/605.1.15 (KHTML, like Gecko) Version/18.5 Safari/605.1.15"
::1 - - [12/Jul/2025:14:00:21 +0000] "GET /category?search=&page=1&size=50 HTTP/1.1" 200 789 "http://localhost:3001/" "Mozilla/5.0 (Macintosh; Intel Mac OS X 10_15_7) AppleWebKit/605.1.15 (KHTML, like Gecko) Version/18.5 Safari/605.1.15"
::1 - - [12/Jul/2025:14:00:33 +0000] "POST /users/reset-password HTTP/1.1" 200 41 "http://localhost:3001/" "Mozilla/5.0 (Macintosh; Intel Mac OS X 10_15_7) AppleWebKit/605.1.15 (KHTML, like Gecko) Version/18.5 Safari/605.1.15"
::1 - - [12/Jul/2025:14:00:33 +0000] "GET /category?search=&page=1&size=50 HTTP/1.1" 200 789 "http://localhost:3001/" "Mozilla/5.0 (Macintosh; Intel Mac OS X 10_15_7) AppleWebKit/605.1.15 (KHTML, like Gecko) Version/18.5 Safari/605.1.15"
::1 - - [12/Jul/2025:14:00:48 +0000] "POST /users/reset-password-request HTTP/1.1" 200 52 "http://localhost:3001/" "Mozilla/5.0 (Macintosh; Intel Mac OS X 10_15_7) AppleWebKit/605.1.15 (KHTML, like Gecko) Version/18.5 Safari/605.1.15"
::1 - - [12/Jul/2025:14:00:48 +0000] "GET /category?search=&page=1&size=50 HTTP/1.1" 200 789 "http://localhost:3001/" "Mozilla/5.0 (Macintosh; Intel Mac OS X 10_15_7) AppleWebKit/605.1.15 (KHTML, like Gecko) Version/18.5 Safari/605.1.15"
::1 - - [12/Jul/2025:14:01:00 +0000] "GET /category?search=&page=1&size=50 HTTP/1.1" 200 789 "http://localhost:3001/" "Mozilla/5.0 (Macintosh; Intel Mac OS X 10_15_7) AppleWebKit/605.1.15 (KHTML, like Gecko) Version/18.5 Safari/605.1.15"
::1 - - [12/Jul/2025:14:01:07 +0000] "POST /users/reset-password HTTP/1.1" 200 41 "http://localhost:3001/" "Mozilla/5.0 (Macintosh; Intel Mac OS X 10_15_7) AppleWebKit/605.1.15 (KHTML, like Gecko) Version/18.5 Safari/605.1.15"
::1 - - [12/Jul/2025:14:01:07 +0000] "GET /category?search=&page=1&size=50 HTTP/1.1" 200 789 "http://localhost:3001/" "Mozilla/5.0 (Macintosh; Intel Mac OS X 10_15_7) AppleWebKit/605.1.15 (KHTML, like Gecko) Version/18.5 Safari/605.1.15"
::1 - - [12/Jul/2025:14:06:43 +0000] "POST /users/reset-password-request HTTP/1.1" 404 28 "http://localhost:3001/" "Mozilla/5.0 (Macintosh; Intel Mac OS X 10_15_7) AppleWebKit/605.1.15 (KHTML, like Gecko) Version/18.5 Safari/605.1.15"
::1 - - [12/Jul/2025:14:06:45 +0000] "GET /category?search=&page=1&size=50 HTTP/1.1" 200 789 "http://localhost:3001/" "Mozilla/5.0 (Macintosh; Intel Mac OS X 10_15_7) AppleWebKit/605.1.15 (KHTML, like Gecko) Version/18.5 Safari/605.1.15"
::1 - - [12/Jul/2025:14:07:59 +0000] "GET /property/all?search=&page=1&size=8&price=-1 HTTP/1.1" 200 484 "http://localhost:3001/" "Mozilla/5.0 (Macintosh; Intel Mac OS X 10_15_7) AppleWebKit/605.1.15 (KHTML, like Gecko) Version/18.5 Safari/605.1.15"
::1 - - [12/Jul/2025:14:07:59 +0000] "GET /category?search=&page=1&size=50 HTTP/1.1" 200 789 "http://localhost:3001/" "Mozilla/5.0 (Macintosh; Intel Mac OS X 10_15_7) AppleWebKit/605.1.15 (KHTML, like Gecko) Version/18.5 Safari/605.1.15"
::1 - - [12/Jul/2025:14:07:59 +0000] "GET /public/uploads/1752314312295Screenshot%202025-07-12%20at%2014.27.18.png HTTP/1.1" 200 1031399 "http://localhost:3001/" "Mozilla/5.0 (Macintosh; Intel Mac OS X 10_15_7) AppleWebKit/605.1.15 (KHTML, like Gecko) Version/18.5 Safari/605.1.15"
::1 - - [12/Jul/2025:14:08:01 +0000] "GET /category?search=&page=1&size=50 HTTP/1.1" 200 789 "http://localhost:3001/" "Mozilla/5.0 (Macintosh; Intel Mac OS X 10_15_7) AppleWebKit/605.1.15 (KHTML, like Gecko) Version/18.5 Safari/605.1.15"
::1 - - [12/Jul/2025:14:08:52 +0000] "GET /category?search=&page=1&size=50 HTTP/1.1" 200 789 "http://localhost:3001/" "Mozilla/5.0 (Macintosh; Intel Mac OS X 10_15_7) AppleWebKit/605.1.15 (KHTML, like Gecko) Version/18.5 Safari/605.1.15"
::1 - - [12/Jul/2025:14:08:59 +0000] "GET /category?search=&page=1&size=50 HTTP/1.1" 200 789 "http://localhost:3001/" "Mozilla/5.0 (Macintosh; Intel Mac OS X 10_15_7) AppleWebKit/605.1.15 (KHTML, like Gecko) Version/18.5 Safari/605.1.15"
::1 - - [12/Jul/2025:14:08:59 +0000] "GET /property/all?search=&page=1&size=8&price=-1 HTTP/1.1" 200 484 "http://localhost:3001/" "Mozilla/5.0 (Macintosh; Intel Mac OS X 10_15_7) AppleWebKit/605.1.15 (KHTML, like Gecko) Version/18.5 Safari/605.1.15"
::1 - - [12/Jul/2025:14:09:01 +0000] "GET /category?search=&page=1&size=50 HTTP/1.1" 200 789 "http://localhost:3001/" "Mozilla/5.0 (Macintosh; Intel Mac OS X 10_15_7) AppleWebKit/605.1.15 (KHTML, like Gecko) Version/18.5 Safari/605.1.15"
::1 - - [12/Jul/2025:14:09:01 +0000] "GET /public/uploads/1752314312295Screenshot%202025-07-12%20at%2014.27.18.png HTTP/1.1" 200 1031399 "http://localhost:3001/" "Mozilla/5.0 (Macintosh; Intel Mac OS X 10_15_7) AppleWebKit/605.1.15 (KHTML, like Gecko) Version/18.5 Safari/605.1.15"
::1 - - [12/Jul/2025:14:09:02 +0000] "GET /category?search=&page=1&size=50 HTTP/1.1" 200 789 "http://localhost:3001/" "Mozilla/5.0 (Macintosh; Intel Mac OS X 10_15_7) AppleWebKit/605.1.15 (KHTML, like Gecko) Version/18.5 Safari/605.1.15"
::1 - - [12/Jul/2025:14:09:09 +0000] "GET /category?search=&page=1&size=50 HTTP/1.1" 200 789 "http://localhost:3001/" "Mozilla/5.0 (Macintosh; Intel Mac OS X 10_15_7) AppleWebKit/605.1.15 (KHTML, like Gecko) Version/18.5 Safari/605.1.15"
::1 - - [12/Jul/2025:14:09:10 +0000] "GET /category?search=&page=1&size=50 HTTP/1.1" 200 789 "http://localhost:3001/" "Mozilla/5.0 (Macintosh; Intel Mac OS X 10_15_7) AppleWebKit/605.1.15 (KHTML, like Gecko) Version/18.5 Safari/605.1.15"
::1 - - [12/Jul/2025:14:17:57 +0000] "GET /category?search=&page=1&size=50 HTTP/1.1" 200 789 "http://localhost:3001/" "Mozilla/5.0 (Macintosh; Intel Mac OS X 10_15_7) AppleWebKit/605.1.15 (KHTML, like Gecko) Version/18.5 Safari/605.1.15"
::1 - - [12/Jul/2025:14:17:57 +0000] "GET /property/all?search=&page=1&size=8&price=-1 HTTP/1.1" 200 484 "http://localhost:3001/" "Mozilla/5.0 (Macintosh; Intel Mac OS X 10_15_7) AppleWebKit/605.1.15 (KHTML, like Gecko) Version/18.5 Safari/605.1.15"
::1 - - [12/Jul/2025:14:17:57 +0000] "GET /public/uploads/1752314312295Screenshot%202025-07-12%20at%2014.27.18.png HTTP/1.1" 200 1031399 "http://localhost:3001/" "Mozilla/5.0 (Macintosh; Intel Mac OS X 10_15_7) AppleWebKit/605.1.15 (KHTML, like Gecko) Version/18.5 Safari/605.1.15"
::1 - - [12/Jul/2025:14:17:59 +0000] "GET /category?search=&page=1&size=50 HTTP/1.1" 200 789 "http://localhost:3001/" "Mozilla/5.0 (Macintosh; Intel Mac OS X 10_15_7) AppleWebKit/605.1.15 (KHTML, like Gecko) Version/18.5 Safari/605.1.15"
::1 - - [12/Jul/2025:14:18:00 +0000] "GET /category?search=&page=1&size=50 HTTP/1.1" 200 789 "http://localhost:3001/" "Mozilla/5.0 (Macintosh; Intel Mac OS X 10_15_7) AppleWebKit/605.1.15 (KHTML, like Gecko) Version/18.5 Safari/605.1.15"
::1 - - [12/Jul/2025:14:18:16 +0000] "POST /users/reset-password-request HTTP/1.1" 200 52 "http://localhost:3001/" "Mozilla/5.0 (Macintosh; Intel Mac OS X 10_15_7) AppleWebKit/605.1.15 (KHTML, like Gecko) Version/18.5 Safari/605.1.15"
::1 - - [12/Jul/2025:14:18:16 +0000] "GET /category?search=&page=1&size=50 HTTP/1.1" 200 789 "http://localhost:3001/" "Mozilla/5.0 (Macintosh; Intel Mac OS X 10_15_7) AppleWebKit/605.1.15 (KHTML, like Gecko) Version/18.5 Safari/605.1.15"
::1 - - [12/Jul/2025:14:18:35 +0000] "GET /category?search=&page=1&size=50 HTTP/1.1" 200 789 "http://localhost:3001/" "Mozilla/5.0 (Macintosh; Intel Mac OS X 10_15_7) AppleWebKit/605.1.15 (KHTML, like Gecko) Version/18.5 Safari/605.1.15"
::1 - - [12/Jul/2025:14:18:42 +0000] "POST /users/reset-password HTTP/1.1" 200 41 "http://localhost:3001/" "Mozilla/5.0 (Macintosh; Intel Mac OS X 10_15_7) AppleWebKit/605.1.15 (KHTML, like Gecko) Version/18.5 Safari/605.1.15"
::1 - - [12/Jul/2025:14:18:42 +0000] "GET /category?search=&page=1&size=50 HTTP/1.1" 200 789 "http://localhost:3001/" "Mozilla/5.0 (Macintosh; Intel Mac OS X 10_15_7) AppleWebKit/605.1.15 (KHTML, like Gecko) Version/18.5 Safari/605.1.15"
::1 - - [12/Jul/2025:14:18:58 +0000] "POST /users/reset-password-request HTTP/1.1" 200 52 "http://localhost:3001/" "Mozilla/5.0 (Macintosh; Intel Mac OS X 10_15_7) AppleWebKit/605.1.15 (KHTML, like Gecko) Version/18.5 Safari/605.1.15"
::1 - - [12/Jul/2025:14:18:58 +0000] "GET /category?search=&page=1&size=50 HTTP/1.1" 200 789 "http://localhost:3001/" "Mozilla/5.0 (Macintosh; Intel Mac OS X 10_15_7) AppleWebKit/605.1.15 (KHTML, like Gecko) Version/18.5 Safari/605.1.15"
::1 - - [12/Jul/2025:14:19:12 +0000] "GET /category?search=&page=1&size=50 HTTP/1.1" 200 789 "http://localhost:3001/" "Mozilla/5.0 (Macintosh; Intel Mac OS X 10_15_7) AppleWebKit/605.1.15 (KHTML, like Gecko) Version/18.5 Safari/605.1.15"
::1 - - [12/Jul/2025:14:19:19 +0000] "POST /users/reset-password HTTP/1.1" 200 41 "http://localhost:3001/" "Mozilla/5.0 (Macintosh; Intel Mac OS X 10_15_7) AppleWebKit/605.1.15 (KHTML, like Gecko) Version/18.5 Safari/605.1.15"
::1 - - [12/Jul/2025:14:19:19 +0000] "GET /category?search=&page=1&size=50 HTTP/1.1" 200 789 "http://localhost:3001/" "Mozilla/5.0 (Macintosh; Intel Mac OS X 10_15_7) AppleWebKit/605.1.15 (KHTML, like Gecko) Version/18.5 Safari/605.1.15"
::1 - - [12/Jul/2025:14:22:16 +0000] "POST /users/login HTTP/1.1" 401 44 "http://localhost:3001/" "Mozilla/5.0 (Macintosh; Intel Mac OS X 10_15_7) AppleWebKit/605.1.15 (KHTML, like Gecko) Version/18.5 Safari/605.1.15"
::1 - - [12/Jul/2025:14:22:33 +0000] "POST /users/login HTTP/1.1" 403 72 "http://localhost:3001/" "Mozilla/5.0 (Macintosh; Intel Mac OS X 10_15_7) AppleWebKit/605.1.15 (KHTML, like Gecko) Version/18.5 Safari/605.1.15"
::1 - - [12/Jul/2025:14:37:12 +0000] "GET /category?search=&page=1&size=50 HTTP/1.1" 200 789 "http://localhost:3001/" "Mozilla/5.0 (Macintosh; Intel Mac OS X 10_15_7) AppleWebKit/605.1.15 (KHTML, like Gecko) Version/18.5 Safari/605.1.15"
::1 - - [12/Jul/2025:14:37:37 +0000] "POST /users/login HTTP/1.1" 401 44 "http://localhost:3001/" "Mozilla/5.0 (Macintosh; Intel Mac OS X 10_15_7) AppleWebKit/605.1.15 (KHTML, like Gecko) Version/18.5 Safari/605.1.15"
::1 - - [12/Jul/2025:14:37:43 +0000] "POST /users/login HTTP/1.1" 403 72 "http://localhost:3001/" "Mozilla/5.0 (Macintosh; Intel Mac OS X 10_15_7) AppleWebKit/605.1.15 (KHTML, like Gecko) Version/18.5 Safari/605.1.15"
::1 - - [12/Jul/2025:14:37:48 +0000] "GET /category?search=&page=1&size=50 HTTP/1.1" 200 789 "http://localhost:3001/" "Mozilla/5.0 (Macintosh; Intel Mac OS X 10_15_7) AppleWebKit/605.1.15 (KHTML, like Gecko) Version/18.5 Safari/605.1.15"
::1 - - [12/Jul/2025:14:37:53 +0000] "GET /category?search=&page=1&size=50 HTTP/1.1" 200 789 "http://localhost:3001/" "Mozilla/5.0 (Macintosh; Intel Mac OS X 10_15_7) AppleWebKit/605.1.15 (KHTML, like Gecko) Version/18.5 Safari/605.1.15"
::1 - - [12/Jul/2025:14:38:11 +0000] "POST /users/login HTTP/1.1" 401 44 "http://localhost:3001/" "Mozilla/5.0 (Macintosh; Intel Mac OS X 10_15_7) AppleWebKit/605.1.15 (KHTML, like Gecko) Version/18.5 Safari/605.1.15"
::1 - - [12/Jul/2025:14:38:32 +0000] "POST /users/reset-password-request HTTP/1.1" 200 52 "http://localhost:3001/" "Mozilla/5.0 (Macintosh; Intel Mac OS X 10_15_7) AppleWebKit/605.1.15 (KHTML, like Gecko) Version/18.5 Safari/605.1.15"
::1 - - [12/Jul/2025:14:38:32 +0000] "GET /category?search=&page=1&size=50 HTTP/1.1" 200 789 "http://localhost:3001/" "Mozilla/5.0 (Macintosh; Intel Mac OS X 10_15_7) AppleWebKit/605.1.15 (KHTML, like Gecko) Version/18.5 Safari/605.1.15"
::1 - - [12/Jul/2025:14:38:52 +0000] "GET /category?search=&page=1&size=50 HTTP/1.1" 200 789 "http://localhost:3001/" "Mozilla/5.0 (Macintosh; Intel Mac OS X 10_15_7) AppleWebKit/605.1.15 (KHTML, like Gecko) Version/18.5 Safari/605.1.15"
::1 - - [12/Jul/2025:14:39:00 +0000] "POST /users/reset-password HTTP/1.1" 200 41 "http://localhost:3001/" "Mozilla/5.0 (Macintosh; Intel Mac OS X 10_15_7) AppleWebKit/605.1.15 (KHTML, like Gecko) Version/18.5 Safari/605.1.15"
::1 - - [12/Jul/2025:14:39:00 +0000] "GET /category?search=&page=1&size=50 HTTP/1.1" 200 789 "http://localhost:3001/" "Mozilla/5.0 (Macintosh; Intel Mac OS X 10_15_7) AppleWebKit/605.1.15 (KHTML, like Gecko) Version/18.5 Safari/605.1.15"
::1 - - [12/Jul/2025:14:39:38 +0000] "POST /users/login HTTP/1.1" 429 95 "http://localhost:3001/" "Mozilla/5.0 (Macintosh; Intel Mac OS X 10_15_7) AppleWebKit/605.1.15 (KHTML, like Gecko) Version/18.5 Safari/605.1.15"
::1 - - [12/Jul/2025:14:40:26 +0000] "GET /category?search=&page=1&size=50 HTTP/1.1" 200 789 "http://localhost:3001/" "Mozilla/5.0 (Macintosh; Intel Mac OS X 10_15_7) AppleWebKit/605.1.15 (KHTML, like Gecko) Version/18.5 Safari/605.1.15"
::1 - - [12/Jul/2025:14:41:06 +0000] "POST /users/register HTTP/1.1" 200 46 "http://localhost:3001/" "Mozilla/5.0 (Macintosh; Intel Mac OS X 10_15_7) AppleWebKit/605.1.15 (KHTML, like Gecko) Version/18.5 Safari/605.1.15"
::1 - - [12/Jul/2025:14:41:21 +0000] "GET /category?search=&page=1&size=50 HTTP/1.1" 200 789 "http://localhost:3001/" "Mozilla/5.0 (Macintosh; Intel Mac OS X 10_15_7) AppleWebKit/605.1.15 (KHTML, like Gecko) Version/18.5 Safari/605.1.15"
::1 - - [12/Jul/2025:14:41:48 +0000] "POST /users/register HTTP/1.1" 200 46 "http://localhost:3001/" "Mozilla/5.0 (Macintosh; Intel Mac OS X 10_15_7) AppleWebKit/605.1.15 (KHTML, like Gecko) Version/18.5 Safari/605.1.15"
::1 - - [12/Jul/2025:14:42:01 +0000] "POST /users/verify-otp HTTP/1.1" 200 41 "http://localhost:3001/" "Mozilla/5.0 (Macintosh; Intel Mac OS X 10_15_7) AppleWebKit/605.1.15 (KHTML, like Gecko) Version/18.5 Safari/605.1.15"
::1 - - [12/Jul/2025:14:42:01 +0000] "GET /category?search=&page=1&size=50 HTTP/1.1" 200 789 "http://localhost:3001/" "Mozilla/5.0 (Macintosh; Intel Mac OS X 10_15_7) AppleWebKit/605.1.15 (KHTML, like Gecko) Version/18.5 Safari/605.1.15"
::1 - - [12/Jul/2025:14:42:21 +0000] "POST /users/login HTTP/1.1" 429 95 "http://localhost:3001/" "Mozilla/5.0 (Macintosh; Intel Mac OS X 10_15_7) AppleWebKit/605.1.15 (KHTML, like Gecko) Version/18.5 Safari/605.1.15"
::1 - - [12/Jul/2025:14:47:54 +0000] "GET /category?search=&page=1&size=50 HTTP/1.1" 200 789 "http://localhost:3001/" "Mozilla/5.0 (Macintosh; Intel Mac OS X 10_15_7) AppleWebKit/605.1.15 (KHTML, like Gecko) Version/18.5 Safari/605.1.15"
::1 - - [12/Jul/2025:14:48:27 +0000] "POST /users/register HTTP/1.1" 200 46 "http://localhost:3001/" "Mozilla/5.0 (Macintosh; Intel Mac OS X 10_15_7) AppleWebKit/605.1.15 (KHTML, like Gecko) Version/18.5 Safari/605.1.15"
::1 - - [12/Jul/2025:14:48:39 +0000] "POST /users/verify-otp HTTP/1.1" 200 41 "http://localhost:3001/" "Mozilla/5.0 (Macintosh; Intel Mac OS X 10_15_7) AppleWebKit/605.1.15 (KHTML, like Gecko) Version/18.5 Safari/605.1.15"
::1 - - [12/Jul/2025:14:48:39 +0000] "GET /category?search=&page=1&size=50 HTTP/1.1" 200 789 "http://localhost:3001/" "Mozilla/5.0 (Macintosh; Intel Mac OS X 10_15_7) AppleWebKit/605.1.15 (KHTML, like Gecko) Version/18.5 Safari/605.1.15"
::1 - - [12/Jul/2025:14:48:53 +0000] "POST /users/reset-password-request HTTP/1.1" 200 52 "http://localhost:3001/" "Mozilla/5.0 (Macintosh; Intel Mac OS X 10_15_7) AppleWebKit/605.1.15 (KHTML, like Gecko) Version/18.5 Safari/605.1.15"
::1 - - [12/Jul/2025:14:48:53 +0000] "GET /category?search=&page=1&size=50 HTTP/1.1" 200 789 "http://localhost:3001/" "Mozilla/5.0 (Macintosh; Intel Mac OS X 10_15_7) AppleWebKit/605.1.15 (KHTML, like Gecko) Version/18.5 Safari/605.1.15"
::1 - - [12/Jul/2025:14:49:02 +0000] "GET /category?search=&page=1&size=50 HTTP/1.1" 200 789 "http://localhost:3001/" "Mozilla/5.0 (Macintosh; Intel Mac OS X 10_15_7) AppleWebKit/605.1.15 (KHTML, like Gecko) Version/18.5 Safari/605.1.15"
::1 - - [12/Jul/2025:14:49:11 +0000] "POST /users/reset-password HTTP/1.1" 400 52 "http://localhost:3001/" "Mozilla/5.0 (Macintosh; Intel Mac OS X 10_15_7) AppleWebKit/605.1.15 (KHTML, like Gecko) Version/18.5 Safari/605.1.15"
::1 - - [12/Jul/2025:14:49:20 +0000] "POST /users/reset-password HTTP/1.1" 200 41 "http://localhost:3001/" "Mozilla/5.0 (Macintosh; Intel Mac OS X 10_15_7) AppleWebKit/605.1.15 (KHTML, like Gecko) Version/18.5 Safari/605.1.15"
::1 - - [12/Jul/2025:14:49:20 +0000] "GET /category?search=&page=1&size=50 HTTP/1.1" 200 789 "http://localhost:3001/" "Mozilla/5.0 (Macintosh; Intel Mac OS X 10_15_7) AppleWebKit/605.1.15 (KHTML, like Gecko) Version/18.5 Safari/605.1.15"
::1 - - [12/Jul/2025:14:57:01 +0000] "POST /users/reset-password-request HTTP/1.1" 200 52 "http://localhost:3001/" "Mozilla/5.0 (Macintosh; Intel Mac OS X 10_15_7) AppleWebKit/605.1.15 (KHTML, like Gecko) Version/18.5 Safari/605.1.15"
::1 - - [12/Jul/2025:14:57:01 +0000] "GET /category?search=&page=1&size=50 HTTP/1.1" 200 789 "http://localhost:3001/" "Mozilla/5.0 (Macintosh; Intel Mac OS X 10_15_7) AppleWebKit/605.1.15 (KHTML, like Gecko) Version/18.5 Safari/605.1.15"
::1 - - [12/Jul/2025:14:57:16 +0000] "GET /category?search=&page=1&size=50 HTTP/1.1" 200 789 "http://localhost:3001/" "Mozilla/5.0 (Macintosh; Intel Mac OS X 10_15_7) AppleWebKit/605.1.15 (KHTML, like Gecko) Version/18.5 Safari/605.1.15"
::1 - - [12/Jul/2025:14:57:23 +0000] "POST /users/reset-password HTTP/1.1" 400 52 "http://localhost:3001/" "Mozilla/5.0 (Macintosh; Intel Mac OS X 10_15_7) AppleWebKit/605.1.15 (KHTML, like Gecko) Version/18.5 Safari/605.1.15"
::1 - - [12/Jul/2025:14:57:28 +0000] "POST /users/reset-password HTTP/1.1" 400 52 "http://localhost:3001/" "Mozilla/5.0 (Macintosh; Intel Mac OS X 10_15_7) AppleWebKit/605.1.15 (KHTML, like Gecko) Version/18.5 Safari/605.1.15"
::1 - - [12/Jul/2025:14:57:34 +0000] "POST /users/reset-password HTTP/1.1" 200 41 "http://localhost:3001/" "Mozilla/5.0 (Macintosh; Intel Mac OS X 10_15_7) AppleWebKit/605.1.15 (KHTML, like Gecko) Version/18.5 Safari/605.1.15"
::1 - - [12/Jul/2025:14:57:34 +0000] "GET /category?search=&page=1&size=50 HTTP/1.1" 200 789 "http://localhost:3001/" "Mozilla/5.0 (Macintosh; Intel Mac OS X 10_15_7) AppleWebKit/605.1.15 (KHTML, like Gecko) Version/18.5 Safari/605.1.15"
::1 - - [12/Jul/2025:14:59:21 +0000] "POST /users/reset-password-request HTTP/1.1" 200 52 "http://localhost:3001/" "Mozilla/5.0 (Macintosh; Intel Mac OS X 10_15_7) AppleWebKit/605.1.15 (KHTML, like Gecko) Version/18.5 Safari/605.1.15"
::1 - - [12/Jul/2025:14:59:21 +0000] "GET /category?search=&page=1&size=50 HTTP/1.1" 200 789 "http://localhost:3001/" "Mozilla/5.0 (Macintosh; Intel Mac OS X 10_15_7) AppleWebKit/605.1.15 (KHTML, like Gecko) Version/18.5 Safari/605.1.15"
::1 - - [12/Jul/2025:14:59:28 +0000] "GET /category?search=&page=1&size=50 HTTP/1.1" 200 789 "http://localhost:3001/" "Mozilla/5.0 (Macintosh; Intel Mac OS X 10_15_7) AppleWebKit/605.1.15 (KHTML, like Gecko) Version/18.5 Safari/605.1.15"
::1 - - [12/Jul/2025:14:59:34 +0000] "POST /users/reset-password HTTP/1.1" 400 52 "http://localhost:3001/" "Mozilla/5.0 (Macintosh; Intel Mac OS X 10_15_7) AppleWebKit/605.1.15 (KHTML, like Gecko) Version/18.5 Safari/605.1.15"
::1 - - [12/Jul/2025:14:59:39 +0000] "POST /users/reset-password HTTP/1.1" 400 52 "http://localhost:3001/" "Mozilla/5.0 (Macintosh; Intel Mac OS X 10_15_7) AppleWebKit/605.1.15 (KHTML, like Gecko) Version/18.5 Safari/605.1.15"
::1 - - [12/Jul/2025:14:59:45 +0000] "POST /users/reset-password HTTP/1.1" 200 41 "http://localhost:3001/" "Mozilla/5.0 (Macintosh; Intel Mac OS X 10_15_7) AppleWebKit/605.1.15 (KHTML, like Gecko) Version/18.5 Safari/605.1.15"
::1 - - [12/Jul/2025:14:59:45 +0000] "GET /category?search=&page=1&size=50 HTTP/1.1" 200 789 "http://localhost:3001/" "Mozilla/5.0 (Macintosh; Intel Mac OS X 10_15_7) AppleWebKit/605.1.15 (KHTML, like Gecko) Version/18.5 Safari/605.1.15"
::1 - - [12/Jul/2025:14:59:59 +0000] "GET /category?search=&page=1&size=50 HTTP/1.1" 200 789 "http://localhost:3001/" "Mozilla/5.0 (Macintosh; Intel Mac OS X 10_15_7) AppleWebKit/605.1.15 (KHTML, like Gecko) Version/18.5 Safari/605.1.15"
::1 - - [12/Jul/2025:15:00:33 +0000] "POST /users/login HTTP/1.1" 200 843 "http://localhost:3001/" "Mozilla/5.0 (Macintosh; Intel Mac OS X 10_15_7) AppleWebKit/605.1.15 (KHTML, like Gecko) Version/18.5 Safari/605.1.15"
::1 - - [12/Jul/2025:15:00:33 +0000] "GET /category?search=&page=1&size=50 HTTP/1.1" 200 789 "http://localhost:3001/" "Mozilla/5.0 (Macintosh; Intel Mac OS X 10_15_7) AppleWebKit/605.1.15 (KHTML, like Gecko) Version/18.5 Safari/605.1.15"
::1 - - [12/Jul/2025:15:00:33 +0000] "GET /property/all?search=&page=1&size=8&price=-1 HTTP/1.1" 200 484 "http://localhost:3001/" "Mozilla/5.0 (Macintosh; Intel Mac OS X 10_15_7) AppleWebKit/605.1.15 (KHTML, like Gecko) Version/18.5 Safari/605.1.15"
::1 - - [12/Jul/2025:15:00:33 +0000] "GET /public/uploads/1752314312295Screenshot%202025-07-12%20at%2014.27.18.png HTTP/1.1" 200 1031399 "http://localhost:3001/" "Mozilla/5.0 (Macintosh; Intel Mac OS X 10_15_7) AppleWebKit/605.1.15 (KHTML, like Gecko) Version/18.5 Safari/605.1.15"
::1 - - [12/Jul/2025:15:00:36 +0000] "POST /users/logout HTTP/1.1" 200 42 "http://localhost:3001/" "Mozilla/5.0 (Macintosh; Intel Mac OS X 10_15_7) AppleWebKit/605.1.15 (KHTML, like Gecko) Version/18.5 Safari/605.1.15"
::1 - - [12/Jul/2025:15:00:36 +0000] "GET /category?search=&page=1&size=50 HTTP/1.1" 200 789 "http://localhost:3001/" "Mozilla/5.0 (Macintosh; Intel Mac OS X 10_15_7) AppleWebKit/605.1.15 (KHTML, like Gecko) Version/18.5 Safari/605.1.15"
::1 - - [12/Jul/2025:15:00:39 +0000] "GET /category?search=&page=1&size=50 HTTP/1.1" 200 789 "http://localhost:3001/" "Mozilla/5.0 (Macintosh; Intel Mac OS X 10_15_7) AppleWebKit/605.1.15 (KHTML, like Gecko) Version/18.5 Safari/605.1.15"
::1 - - [12/Jul/2025:15:00:51 +0000] "POST /users/reset-password-request HTTP/1.1" 200 52 "http://localhost:3001/" "Mozilla/5.0 (Macintosh; Intel Mac OS X 10_15_7) AppleWebKit/605.1.15 (KHTML, like Gecko) Version/18.5 Safari/605.1.15"
::1 - - [12/Jul/2025:15:00:51 +0000] "GET /category?search=&page=1&size=50 HTTP/1.1" 200 789 "http://localhost:3001/" "Mozilla/5.0 (Macintosh; Intel Mac OS X 10_15_7) AppleWebKit/605.1.15 (KHTML, like Gecko) Version/18.5 Safari/605.1.15"
::1 - - [12/Jul/2025:15:00:53 +0000] "POST /users/reset-password-request HTTP/1.1" 200 52 "http://localhost:3001/" "Mozilla/5.0 (Macintosh; Intel Mac OS X 10_15_7) AppleWebKit/605.1.15 (KHTML, like Gecko) Version/18.5 Safari/605.1.15"
::1 - - [12/Jul/2025:15:00:57 +0000] "GET /category?search=&page=1&size=50 HTTP/1.1" 200 789 "http://localhost:3001/" "Mozilla/5.0 (Macintosh; Intel Mac OS X 10_15_7) AppleWebKit/605.1.15 (KHTML, like Gecko) Version/18.5 Safari/605.1.15"
::1 - - [12/Jul/2025:15:01:02 +0000] "POST /users/reset-password HTTP/1.1" 400 52 "http://localhost:3001/" "Mozilla/5.0 (Macintosh; Intel Mac OS X 10_15_7) AppleWebKit/605.1.15 (KHTML, like Gecko) Version/18.5 Safari/605.1.15"
::1 - - [12/Jul/2025:15:01:09 +0000] "POST /users/reset-password HTTP/1.1" 400 63 "http://localhost:3001/" "Mozilla/5.0 (Macintosh; Intel Mac OS X 10_15_7) AppleWebKit/605.1.15 (KHTML, like Gecko) Version/18.5 Safari/605.1.15"
::1 - - [12/Jul/2025:15:09:49 +0000] "GET /category?search=&page=1&size=50 HTTP/1.1" 200 789 "http://localhost:3001/" "Mozilla/5.0 (Macintosh; Intel Mac OS X 10_15_7) AppleWebKit/605.1.15 (KHTML, like Gecko) Version/18.5 Safari/605.1.15"
::1 - - [12/Jul/2025:15:10:27 +0000] "POST /users/login HTTP/1.1" 200 843 "http://localhost:3001/" "Mozilla/5.0 (Macintosh; Intel Mac OS X 10_15_7) AppleWebKit/605.1.15 (KHTML, like Gecko) Version/18.5 Safari/605.1.15"
::1 - - [12/Jul/2025:15:10:27 +0000] "GET /category?search=&page=1&size=50 HTTP/1.1" 200 789 "http://localhost:3001/" "Mozilla/5.0 (Macintosh; Intel Mac OS X 10_15_7) AppleWebKit/605.1.15 (KHTML, like Gecko) Version/18.5 Safari/605.1.15"
::1 - - [12/Jul/2025:15:10:27 +0000] "GET /property/all?search=&page=1&size=8&price=-1 HTTP/1.1" 200 484 "http://localhost:3001/" "Mozilla/5.0 (Macintosh; Intel Mac OS X 10_15_7) AppleWebKit/605.1.15 (KHTML, like Gecko) Version/18.5 Safari/605.1.15"
::1 - - [12/Jul/2025:15:10:27 +0000] "GET /public/uploads/1752314312295Screenshot%202025-07-12%20at%2014.27.18.png HTTP/1.1" 200 1031399 "http://localhost:3001/" "Mozilla/5.0 (Macintosh; Intel Mac OS X 10_15_7) AppleWebKit/605.1.15 (KHTML, like Gecko) Version/18.5 Safari/605.1.15"
::1 - - [12/Jul/2025:15:10:30 +0000] "POST /users/logout HTTP/1.1" 200 42 "http://localhost:3001/" "Mozilla/5.0 (Macintosh; Intel Mac OS X 10_15_7) AppleWebKit/605.1.15 (KHTML, like Gecko) Version/18.5 Safari/605.1.15"
::1 - - [12/Jul/2025:15:10:31 +0000] "GET /category?search=&page=1&size=50 HTTP/1.1" 200 789 "http://localhost:3001/" "Mozilla/5.0 (Macintosh; Intel Mac OS X 10_15_7) AppleWebKit/605.1.15 (KHTML, like Gecko) Version/18.5 Safari/605.1.15"
::1 - - [12/Jul/2025:15:10:32 +0000] "GET /category?search=&page=1&size=50 HTTP/1.1" 200 789 "http://localhost:3001/" "Mozilla/5.0 (Macintosh; Intel Mac OS X 10_15_7) AppleWebKit/605.1.15 (KHTML, like Gecko) Version/18.5 Safari/605.1.15"
::1 - - [12/Jul/2025:15:10:49 +0000] "POST /users/login HTTP/1.1" 401 44 "http://localhost:3001/" "Mozilla/5.0 (Macintosh; Intel Mac OS X 10_15_7) AppleWebKit/605.1.15 (KHTML, like Gecko) Version/18.5 Safari/605.1.15"
::1 - - [12/Jul/2025:15:10:50 +0000] "POST /users/login HTTP/1.1" 403 72 "http://localhost:3001/" "Mozilla/5.0 (Macintosh; Intel Mac OS X 10_15_7) AppleWebKit/605.1.15 (KHTML, like Gecko) Version/18.5 Safari/605.1.15"
::1 - - [12/Jul/2025:15:10:54 +0000] "POST /users/login HTTP/1.1" 429 95 "http://localhost:3001/" "Mozilla/5.0 (Macintosh; Intel Mac OS X 10_15_7) AppleWebKit/605.1.15 (KHTML, like Gecko) Version/18.5 Safari/605.1.15"
::1 - - [12/Jul/2025:15:10:54 +0000] "POST /users/login HTTP/1.1" 429 95 "http://localhost:3001/" "Mozilla/5.0 (Macintosh; Intel Mac OS X 10_15_7) AppleWebKit/605.1.15 (KHTML, like Gecko) Version/18.5 Safari/605.1.15"
::1 - - [12/Jul/2025:15:10:55 +0000] "POST /users/login HTTP/1.1" 429 95 "http://localhost:3001/" "Mozilla/5.0 (Macintosh; Intel Mac OS X 10_15_7) AppleWebKit/605.1.15 (KHTML, like Gecko) Version/18.5 Safari/605.1.15"
::1 - - [12/Jul/2025:15:10:56 +0000] "POST /users/login HTTP/1.1" 429 95 "http://localhost:3001/" "Mozilla/5.0 (Macintosh; Intel Mac OS X 10_15_7) AppleWebKit/605.1.15 (KHTML, like Gecko) Version/18.5 Safari/605.1.15"
::1 - - [12/Jul/2025:15:10:56 +0000] "POST /users/login HTTP/1.1" 429 95 "http://localhost:3001/" "Mozilla/5.0 (Macintosh; Intel Mac OS X 10_15_7) AppleWebKit/605.1.15 (KHTML, like Gecko) Version/18.5 Safari/605.1.15"
::1 - - [12/Jul/2025:15:10:57 +0000] "POST /users/login HTTP/1.1" 429 95 "http://localhost:3001/" "Mozilla/5.0 (Macintosh; Intel Mac OS X 10_15_7) AppleWebKit/605.1.15 (KHTML, like Gecko) Version/18.5 Safari/605.1.15"
::1 - - [12/Jul/2025:15:10:58 +0000] "POST /users/login HTTP/1.1" 429 95 "http://localhost:3001/" "Mozilla/5.0 (Macintosh; Intel Mac OS X 10_15_7) AppleWebKit/605.1.15 (KHTML, like Gecko) Version/18.5 Safari/605.1.15"
::1 - - [12/Jul/2025:15:11:37 +0000] "POST /users/login HTTP/1.1" 429 95 "http://localhost:3001/" "Mozilla/5.0 (Macintosh; Intel Mac OS X 10_15_7) AppleWebKit/605.1.15 (KHTML, like Gecko) Version/18.5 Safari/605.1.15"
::1 - - [12/Jul/2025:15:25:34 +0000] "GET /category?search=&page=1&size=50 HTTP/1.1" 200 789 "http://localhost:3001/" "Mozilla/5.0 (Macintosh; Intel Mac OS X 10_15_7) AppleWebKit/605.1.15 (KHTML, like Gecko) Version/18.5 Safari/605.1.15"
::1 - - [12/Jul/2025:15:26:07 +0000] "POST /users/register HTTP/1.1" 200 46 "http://localhost:3001/" "Mozilla/5.0 (Macintosh; Intel Mac OS X 10_15_7) AppleWebKit/605.1.15 (KHTML, like Gecko) Version/18.5 Safari/605.1.15"
::1 - - [12/Jul/2025:15:26:15 +0000] "POST /users/verify-otp HTTP/1.1" 200 41 "http://localhost:3001/" "Mozilla/5.0 (Macintosh; Intel Mac OS X 10_15_7) AppleWebKit/605.1.15 (KHTML, like Gecko) Version/18.5 Safari/605.1.15"
::1 - - [12/Jul/2025:15:26:15 +0000] "GET /category?search=&page=1&size=50 HTTP/1.1" 200 789 "http://localhost:3001/" "Mozilla/5.0 (Macintosh; Intel Mac OS X 10_15_7) AppleWebKit/605.1.15 (KHTML, like Gecko) Version/18.5 Safari/605.1.15"
::1 - - [12/Jul/2025:15:26:32 +0000] "POST /users/login HTTP/1.1" 401 44 "http://localhost:3001/" "Mozilla/5.0 (Macintosh; Intel Mac OS X 10_15_7) AppleWebKit/605.1.15 (KHTML, like Gecko) Version/18.5 Safari/605.1.15"
::1 - - [12/Jul/2025:15:26:33 +0000] "POST /users/login HTTP/1.1" 403 72 "http://localhost:3001/" "Mozilla/5.0 (Macintosh; Intel Mac OS X 10_15_7) AppleWebKit/605.1.15 (KHTML, like Gecko) Version/18.5 Safari/605.1.15"
::1 - - [12/Jul/2025:15:26:34 +0000] "POST /users/login HTTP/1.1" 403 72 "http://localhost:3001/" "Mozilla/5.0 (Macintosh; Intel Mac OS X 10_15_7) AppleWebKit/605.1.15 (KHTML, like Gecko) Version/18.5 Safari/605.1.15"
::1 - - [12/Jul/2025:15:26:37 +0000] "POST /users/login HTTP/1.1" 429 95 "http://localhost:3001/" "Mozilla/5.0 (Macintosh; Intel Mac OS X 10_15_7) AppleWebKit/605.1.15 (KHTML, like Gecko) Version/18.5 Safari/605.1.15"
::1 - - [12/Jul/2025:15:26:40 +0000] "POST /users/login HTTP/1.1" 429 95 "http://localhost:3001/" "Mozilla/5.0 (Macintosh; Intel Mac OS X 10_15_7) AppleWebKit/605.1.15 (KHTML, like Gecko) Version/18.5 Safari/605.1.15"
::1 - - [12/Jul/2025:15:26:41 +0000] "POST /users/login HTTP/1.1" 429 95 "http://localhost:3001/" "Mozilla/5.0 (Macintosh; Intel Mac OS X 10_15_7) AppleWebKit/605.1.15 (KHTML, like Gecko) Version/18.5 Safari/605.1.15"
::1 - - [12/Jul/2025:16:00:07 +0000] "POST /users/login HTTP/1.1" 500 78 "http://localhost:3001/" "Mozilla/5.0 (Macintosh; Intel Mac OS X 10_15_7) AppleWebKit/605.1.15 (KHTML, like Gecko) Version/18.5 Safari/605.1.15"
::1 - - [12/Jul/2025:16:00:16 +0000] "GET /category?search=&page=1&size=50 HTTP/1.1" 200 789 "http://localhost:3001/" "Mozilla/5.0 (Macintosh; Intel Mac OS X 10_15_7) AppleWebKit/605.1.15 (KHTML, like Gecko) Version/18.5 Safari/605.1.15"
::1 - - [12/Jul/2025:16:00:32 +0000] "POST /users/login HTTP/1.1" 500 78 "http://localhost:3001/" "Mozilla/5.0 (Macintosh; Intel Mac OS X 10_15_7) AppleWebKit/605.1.15 (KHTML, like Gecko) Version/18.5 Safari/605.1.15"
::1 - - [12/Jul/2025:16:01:13 +0000] "GET /category?search=&page=1&size=50 HTTP/1.1" 200 789 "http://localhost:3001/" "Mozilla/5.0 (Macintosh; Intel Mac OS X 10_15_7) AppleWebKit/605.1.15 (KHTML, like Gecko) Version/18.5 Safari/605.1.15"
::1 - - [12/Jul/2025:16:01:54 +0000] "POST /users/register HTTP/1.1" 200 46 "http://localhost:3001/" "Mozilla/5.0 (Macintosh; Intel Mac OS X 10_15_7) AppleWebKit/605.1.15 (KHTML, like Gecko) Version/18.5 Safari/605.1.15"
::1 - - [12/Jul/2025:16:02:21 +0000] "POST /users/verify-otp HTTP/1.1" 200 41 "http://localhost:3001/" "Mozilla/5.0 (Macintosh; Intel Mac OS X 10_15_7) AppleWebKit/605.1.15 (KHTML, like Gecko) Version/18.5 Safari/605.1.15"
::1 - - [12/Jul/2025:16:02:21 +0000] "GET /category?search=&page=1&size=50 HTTP/1.1" 200 789 "http://localhost:3001/" "Mozilla/5.0 (Macintosh; Intel Mac OS X 10_15_7) AppleWebKit/605.1.15 (KHTML, like Gecko) Version/18.5 Safari/605.1.15"
::1 - - [12/Jul/2025:16:02:54 +0000] "POST /users/login HTTP/1.1" 200 623 "http://localhost:3001/" "Mozilla/5.0 (Macintosh; Intel Mac OS X 10_15_7) AppleWebKit/605.1.15 (KHTML, like Gecko) Version/18.5 Safari/605.1.15"
::1 - - [12/Jul/2025:16:02:54 +0000] "GET /category?search=&page=1&size=50 HTTP/1.1" 200 789 "http://localhost:3001/" "Mozilla/5.0 (Macintosh; Intel Mac OS X 10_15_7) AppleWebKit/605.1.15 (KHTML, like Gecko) Version/18.5 Safari/605.1.15"
::1 - - [12/Jul/2025:16:02:54 +0000] "GET /property/all?search=&page=1&size=8&price=-1 HTTP/1.1" 200 484 "http://localhost:3001/" "Mozilla/5.0 (Macintosh; Intel Mac OS X 10_15_7) AppleWebKit/605.1.15 (KHTML, like Gecko) Version/18.5 Safari/605.1.15"
::1 - - [12/Jul/2025:16:02:54 +0000] "GET /public/uploads/1752314312295Screenshot%202025-07-12%20at%2014.27.18.png HTTP/1.1" 200 1031399 "http://localhost:3001/" "Mozilla/5.0 (Macintosh; Intel Mac OS X 10_15_7) AppleWebKit/605.1.15 (KHTML, like Gecko) Version/18.5 Safari/605.1.15"
::1 - - [12/Jul/2025:16:11:33 +0000] "GET /category?search=&page=1&size=50 HTTP/1.1" 200 789 "http://localhost:3001/" "Mozilla/5.0 (Macintosh; Intel Mac OS X 10_15_7) AppleWebKit/605.1.15 (KHTML, like Gecko) Version/18.5 Safari/605.1.15"
::1 - - [12/Jul/2025:16:11:33 +0000] "GET /property/all?page=1&size=50&price=&date= HTTP/1.1" 200 485 "http://localhost:3001/" "Mozilla/5.0 (Macintosh; Intel Mac OS X 10_15_7) AppleWebKit/605.1.15 (KHTML, like Gecko) Version/18.5 Safari/605.1.15"
::1 - - [12/Jul/2025:16:11:33 +0000] "GET /public/uploads/1752314312295Screenshot%202025-07-12%20at%2014.27.18.png HTTP/1.1" 200 1031399 "http://localhost:3001/" "Mozilla/5.0 (Macintosh; Intel Mac OS X 10_15_7) AppleWebKit/605.1.15 (KHTML, like Gecko) Version/18.5 Safari/605.1.15"
::1 - - [12/Jul/2025:16:11:37 +0000] "POST /users/logout HTTP/1.1" 200 42 "http://localhost:3001/" "Mozilla/5.0 (Macintosh; Intel Mac OS X 10_15_7) AppleWebKit/605.1.15 (KHTML, like Gecko) Version/18.5 Safari/605.1.15"
::1 - - [12/Jul/2025:16:11:38 +0000] "GET /category?search=&page=1&size=50 HTTP/1.1" 200 789 "http://localhost:3001/" "Mozilla/5.0 (Macintosh; Intel Mac OS X 10_15_7) AppleWebKit/605.1.15 (KHTML, like Gecko) Version/18.5 Safari/605.1.15"
::1 - - [12/Jul/2025:16:11:39 +0000] "GET /category?search=&page=1&size=50 HTTP/1.1" 200 789 "http://localhost:3001/" "Mozilla/5.0 (Macintosh; Intel Mac OS X 10_15_7) AppleWebKit/605.1.15 (KHTML, like Gecko) Version/18.5 Safari/605.1.15"
::1 - - [12/Jul/2025:16:11:48 +0000] "POST /users/login HTTP/1.1" 200 514 "http://localhost:3001/" "Mozilla/5.0 (Macintosh; Intel Mac OS X 10_15_7) AppleWebKit/605.1.15 (KHTML, like Gecko) Version/18.5 Safari/605.1.15"
::1 - - [12/Jul/2025:16:11:48 +0000] "GET /category?search=&page=1&size=50 HTTP/1.1" 200 789 "http://localhost:3001/" "Mozilla/5.0 (Macintosh; Intel Mac OS X 10_15_7) AppleWebKit/605.1.15 (KHTML, like Gecko) Version/18.5 Safari/605.1.15"
::1 - - [12/Jul/2025:16:11:48 +0000] "GET /property/all?search=&page=1&size=8&price=-1 HTTP/1.1" 200 484 "http://localhost:3001/" "Mozilla/5.0 (Macintosh; Intel Mac OS X 10_15_7) AppleWebKit/605.1.15 (KHTML, like Gecko) Version/18.5 Safari/605.1.15"
::1 - - [12/Jul/2025:16:11:48 +0000] "GET /public/uploads/1752314312295Screenshot%202025-07-12%20at%2014.27.18.png HTTP/1.1" 200 1031399 "http://localhost:3001/" "Mozilla/5.0 (Macintosh; Intel Mac OS X 10_15_7) AppleWebKit/605.1.15 (KHTML, like Gecko) Version/18.5 Safari/605.1.15"
::1 - - [12/Jul/2025:16:11:48 +0000] "GET /property/all?search=&page=1&size=10 HTTP/1.1" 200 485 "http://localhost:3001/" "Mozilla/5.0 (Macintosh; Intel Mac OS X 10_15_7) AppleWebKit/605.1.15 (KHTML, like Gecko) Version/18.5 Safari/605.1.15"
::1 - - [12/Jul/2025:16:11:48 +0000] "GET /category?search=&page=1&size=10 HTTP/1.1" 200 789 "http://localhost:3001/" "Mozilla/5.0 (Macintosh; Intel Mac OS X 10_15_7) AppleWebKit/605.1.15 (KHTML, like Gecko) Version/18.5 Safari/605.1.15"
::1 - - [12/Jul/2025:16:11:48 +0000] "GET /carts/admin/order?search=&page=1&size=10 HTTP/1.1" 200 79 "http://localhost:3001/" "Mozilla/5.0 (Macintosh; Intel Mac OS X 10_15_7) AppleWebKit/605.1.15 (KHTML, like Gecko) Version/18.5 Safari/605.1.15"
::1 - - [12/Jul/2025:16:11:50 +0000] "GET /property/all?search=&page=1&size=10 HTTP/1.1" 200 485 "http://localhost:3001/" "Mozilla/5.0 (Macintosh; Intel Mac OS X 10_15_7) AppleWebKit/605.1.15 (KHTML, like Gecko) Version/18.5 Safari/605.1.15"
::1 - - [12/Jul/2025:16:11:50 +0000] "GET /public/uploads/1752314312295Screenshot%202025-07-12%20at%2014.27.18.png HTTP/1.1" 200 1031399 "http://localhost:3001/" "Mozilla/5.0 (Macintosh; Intel Mac OS X 10_15_7) AppleWebKit/605.1.15 (KHTML, like Gecko) Version/18.5 Safari/605.1.15"
::1 - - [12/Jul/2025:16:11:51 +0000] "GET /category HTTP/1.1" 200 785 "http://localhost:3001/" "Mozilla/5.0 (Macintosh; Intel Mac OS X 10_15_7) AppleWebKit/605.1.15 (KHTML, like Gecko) Version/18.5 Safari/605.1.15"
::1 - - [12/Jul/2025:16:12:18 +0000] "POST /property/add HTTP/1.1" 200 383 "http://localhost:3001/" "Mozilla/5.0 (Macintosh; Intel Mac OS X 10_15_7) AppleWebKit/605.1.15 (KHTML, like Gecko) Version/18.5 Safari/605.1.15"
::1 - - [12/Jul/2025:16:12:18 +0000] "GET /property/all?search=&page=1&size=10 HTTP/1.1" 200 877 "http://localhost:3001/" "Mozilla/5.0 (Macintosh; Intel Mac OS X 10_15_7) AppleWebKit/605.1.15 (KHTML, like Gecko) Version/18.5 Safari/605.1.15"
::1 - - [12/Jul/2025:16:12:18 +0000] "GET /public/uploads/1752314312295Screenshot%202025-07-12%20at%2014.27.18.png HTTP/1.1" 200 1031399 "http://localhost:3001/" "Mozilla/5.0 (Macintosh; Intel Mac OS X 10_15_7) AppleWebKit/605.1.15 (KHTML, like Gecko) Version/18.5 Safari/605.1.15"
::1 - - [12/Jul/2025:16:12:18 +0000] "GET /public/uploads/1752336738190APPLICATION%20OF%20PASSWORD%20SECURITY%20-%20visual%20selection.png HTTP/1.1" 200 240388 "http://localhost:3001/" "Mozilla/5.0 (Macintosh; Intel Mac OS X 10_15_7) AppleWebKit/605.1.15 (KHTML, like Gecko) Version/18.5 Safari/605.1.15"
::1 - - [12/Jul/2025:16:17:47 +0000] "POST /users/login HTTP/1.1" 200 623 "http://localhost:3001/" "Mozilla/5.0 (Macintosh; Intel Mac OS X 10_15_7) AppleWebKit/605.1.15 (KHTML, like Gecko) Version/18.5 Safari/605.1.15"
::1 - - [12/Jul/2025:16:17:47 +0000] "GET /category?search=&page=1&size=50 HTTP/1.1" 200 789 "http://localhost:3001/" "Mozilla/5.0 (Macintosh; Intel Mac OS X 10_15_7) AppleWebKit/605.1.15 (KHTML, like Gecko) Version/18.5 Safari/605.1.15"
::1 - - [12/Jul/2025:16:17:47 +0000] "GET /property/all?search=&page=1&size=8&price=-1 HTTP/1.1" 200 876 "http://localhost:3001/" "Mozilla/5.0 (Macintosh; Intel Mac OS X 10_15_7) AppleWebKit/605.1.15 (KHTML, like Gecko) Version/18.5 Safari/605.1.15"
::1 - - [12/Jul/2025:16:17:47 +0000] "GET /public/uploads/1752314312295Screenshot%202025-07-12%20at%2014.27.18.png HTTP/1.1" 200 1031399 "http://localhost:3001/" "Mozilla/5.0 (Macintosh; Intel Mac OS X 10_15_7) AppleWebKit/605.1.15 (KHTML, like Gecko) Version/18.5 Safari/605.1.15"
::1 - - [12/Jul/2025:16:17:47 +0000] "GET /public/uploads/1752336738190APPLICATION%20OF%20PASSWORD%20SECURITY%20-%20visual%20selection.png HTTP/1.1" 200 240388 "http://localhost:3001/" "Mozilla/5.0 (Macintosh; Intel Mac OS X 10_15_7) AppleWebKit/605.1.15 (KHTML, like Gecko) Version/18.5 Safari/605.1.15"
::1 - - [12/Jul/2025:16:18:35 +0000] "GET /category?search=&page=1&size=50 HTTP/1.1" 200 789 "http://localhost:3001/" "Mozilla/5.0 (Macintosh; Intel Mac OS X 10_15_7) AppleWebKit/605.1.15 (KHTML, like Gecko) Version/18.5 Safari/605.1.15"
::1 - - [12/Jul/2025:16:18:35 +0000] "GET /property/all?search=&page=1&size=8&price=-1 HTTP/1.1" 200 876 "http://localhost:3001/" "Mozilla/5.0 (Macintosh; Intel Mac OS X 10_15_7) AppleWebKit/605.1.15 (KHTML, like Gecko) Version/18.5 Safari/605.1.15"
::1 - - [12/Jul/2025:16:18:35 +0000] "GET /public/uploads/1752314312295Screenshot%202025-07-12%20at%2014.27.18.png HTTP/1.1" 200 1031399 "http://localhost:3001/" "Mozilla/5.0 (Macintosh; Intel Mac OS X 10_15_7) AppleWebKit/605.1.15 (KHTML, like Gecko) Version/18.5 Safari/605.1.15"
::1 - - [12/Jul/2025:16:18:35 +0000] "GET /public/uploads/1752336738190APPLICATION%20OF%20PASSWORD%20SECURITY%20-%20visual%20selection.png HTTP/1.1" 200 240388 "http://localhost:3001/" "Mozilla/5.0 (Macintosh; Intel Mac OS X 10_15_7) AppleWebKit/605.1.15 (KHTML, like Gecko) Version/18.5 Safari/605.1.15"
::1 - - [12/Jul/2025:16:18:39 +0000] "GET /users/all?search=&page=1&size=10 HTTP/1.1" - - "http://localhost:3001/" "Mozilla/5.0 (Macintosh; Intel Mac OS X 10_15_7) AppleWebKit/605.1.15 (KHTML, like Gecko) Version/18.5 Safari/605.1.15"
::1 - - [12/Jul/2025:16:18:40 +0000] "GET /category?search=&page=1&size=50 HTTP/1.1" 200 789 "http://localhost:3001/" "Mozilla/5.0 (Macintosh; Intel Mac OS X 10_15_7) AppleWebKit/605.1.15 (KHTML, like Gecko) Version/18.5 Safari/605.1.15"
::1 - - [12/Jul/2025:16:18:40 +0000] "GET /property/all?search=&page=1&size=8&price=-1 HTTP/1.1" 200 876 "http://localhost:3001/" "Mozilla/5.0 (Macintosh; Intel Mac OS X 10_15_7) AppleWebKit/605.1.15 (KHTML, like Gecko) Version/18.5 Safari/605.1.15"
::1 - - [12/Jul/2025:16:18:40 +0000] "GET /public/uploads/1752314312295Screenshot%202025-07-12%20at%2014.27.18.png HTTP/1.1" 200 1031399 "http://localhost:3001/" "Mozilla/5.0 (Macintosh; Intel Mac OS X 10_15_7) AppleWebKit/605.1.15 (KHTML, like Gecko) Version/18.5 Safari/605.1.15"
::1 - - [12/Jul/2025:16:18:40 +0000] "GET /public/uploads/1752336738190APPLICATION%20OF%20PASSWORD%20SECURITY%20-%20visual%20selection.png HTTP/1.1" 200 240388 "http://localhost:3001/" "Mozilla/5.0 (Macintosh; Intel Mac OS X 10_15_7) AppleWebKit/605.1.15 (KHTML, like Gecko) Version/18.5 Safari/605.1.15"
::1 - - [12/Jul/2025:16:18:45 +0000] "GET /category?search=&page=1&size=50 HTTP/1.1" 200 789 "http://localhost:3001/" "Mozilla/5.0 (Macintosh; Intel Mac OS X 10_15_7) AppleWebKit/605.1.15 (KHTML, like Gecko) Version/18.5 Safari/605.1.15"
::1 - - [12/Jul/2025:16:18:45 +0000] "GET /property/all?search=&page=1&size=8&price=-1 HTTP/1.1" 200 876 "http://localhost:3001/" "Mozilla/5.0 (Macintosh; Intel Mac OS X 10_15_7) AppleWebKit/605.1.15 (KHTML, like Gecko) Version/18.5 Safari/605.1.15"
::1 - - [12/Jul/2025:16:18:45 +0000] "GET /public/uploads/1752314312295Screenshot%202025-07-12%20at%2014.27.18.png HTTP/1.1" 200 1031399 "http://localhost:3001/" "Mozilla/5.0 (Macintosh; Intel Mac OS X 10_15_7) AppleWebKit/605.1.15 (KHTML, like Gecko) Version/18.5 Safari/605.1.15"
::1 - - [12/Jul/2025:16:18:45 +0000] "GET /public/uploads/1752336738190APPLICATION%20OF%20PASSWORD%20SECURITY%20-%20visual%20selection.png HTTP/1.1" 200 240388 "http://localhost:3001/" "Mozilla/5.0 (Macintosh; Intel Mac OS X 10_15_7) AppleWebKit/605.1.15 (KHTML, like Gecko) Version/18.5 Safari/605.1.15"
::1 - - [12/Jul/2025:16:18:47 +0000] "GET /category?search=&page=1&size=50 HTTP/1.1" 200 789 "http://localhost:3001/" "Mozilla/5.0 (Macintosh; Intel Mac OS X 10_15_7) AppleWebKit/605.1.15 (KHTML, like Gecko) Version/18.5 Safari/605.1.15"
::1 - - [12/Jul/2025:16:27:41 +0000] "POST /users/logout HTTP/1.1" 200 42 "http://localhost:3001/" "Mozilla/5.0 (Macintosh; Intel Mac OS X 10_15_7) AppleWebKit/605.1.15 (KHTML, like Gecko) Version/18.5 Safari/605.1.15"
::1 - - [12/Jul/2025:16:27:42 +0000] "GET /category?search=&page=1&size=50 HTTP/1.1" 200 789 "http://localhost:3001/" "Mozilla/5.0 (Macintosh; Intel Mac OS X 10_15_7) AppleWebKit/605.1.15 (KHTML, like Gecko) Version/18.5 Safari/605.1.15"
::1 - - [12/Jul/2025:16:28:47 +0000] "GET /category?search=&page=1&size=50 HTTP/1.1" 200 789 "http://localhost:3001/" "Mozilla/5.0 (Macintosh; Intel Mac OS X 10_15_7) AppleWebKit/605.1.15 (KHTML, like Gecko) Version/18.5 Safari/605.1.15"
::1 - - [12/Jul/2025:16:31:11 +0000] "GET /category?search=&page=1&size=50 HTTP/1.1" 200 789 "http://localhost:3001/" "Mozilla/5.0 (Macintosh; Intel Mac OS X 10_15_7) AppleWebKit/605.1.15 (KHTML, like Gecko) Version/18.5 Safari/605.1.15"
::1 - - [12/Jul/2025:16:31:19 +0000] "POST /users/login HTTP/1.1" 200 514 "http://localhost:3001/" "Mozilla/5.0 (Macintosh; Intel Mac OS X 10_15_7) AppleWebKit/605.1.15 (KHTML, like Gecko) Version/18.5 Safari/605.1.15"
::1 - - [12/Jul/2025:16:31:19 +0000] "GET /category?search=&page=1&size=50 HTTP/1.1" 200 789 "http://localhost:3001/" "Mozilla/5.0 (Macintosh; Intel Mac OS X 10_15_7) AppleWebKit/605.1.15 (KHTML, like Gecko) Version/18.5 Safari/605.1.15"
::1 - - [12/Jul/2025:16:31:19 +0000] "GET /property/all?search=&page=1&size=8&price=-1 HTTP/1.1" 200 876 "http://localhost:3001/" "Mozilla/5.0 (Macintosh; Intel Mac OS X 10_15_7) AppleWebKit/605.1.15 (KHTML, like Gecko) Version/18.5 Safari/605.1.15"
::1 - - [12/Jul/2025:16:31:19 +0000] "GET /public/uploads/1752336738190APPLICATION%20OF%20PASSWORD%20SECURITY%20-%20visual%20selection.png HTTP/1.1" 200 240388 "http://localhost:3001/" "Mozilla/5.0 (Macintosh; Intel Mac OS X 10_15_7) AppleWebKit/605.1.15 (KHTML, like Gecko) Version/18.5 Safari/605.1.15"
::1 - - [12/Jul/2025:16:31:19 +0000] "GET /public/uploads/1752314312295Screenshot%202025-07-12%20at%2014.27.18.png HTTP/1.1" 200 1031399 "http://localhost:3001/" "Mozilla/5.0 (Macintosh; Intel Mac OS X 10_15_7) AppleWebKit/605.1.15 (KHTML, like Gecko) Version/18.5 Safari/605.1.15"
::1 - - [12/Jul/2025:16:31:20 +0000] "GET /category?search=&page=1&size=10 HTTP/1.1" 200 789 "http://localhost:3001/" "Mozilla/5.0 (Macintosh; Intel Mac OS X 10_15_7) AppleWebKit/605.1.15 (KHTML, like Gecko) Version/18.5 Safari/605.1.15"
::1 - - [12/Jul/2025:16:31:20 +0000] "GET /carts/admin/order?search=&page=1&size=10 HTTP/1.1" 200 79 "http://localhost:3001/" "Mozilla/5.0 (Macintosh; Intel Mac OS X 10_15_7) AppleWebKit/605.1.15 (KHTML, like Gecko) Version/18.5 Safari/605.1.15"
::1 - - [12/Jul/2025:16:31:20 +0000] "GET /property/all?search=&page=1&size=10 HTTP/1.1" 200 877 "http://localhost:3001/" "Mozilla/5.0 (Macintosh; Intel Mac OS X 10_15_7) AppleWebKit/605.1.15 (KHTML, like Gecko) Version/18.5 Safari/605.1.15"
::1 - - [12/Jul/2025:16:31:23 +0000] "GET /property/all?search=&page=1&size=10 HTTP/1.1" 200 877 "http://localhost:3001/" "Mozilla/5.0 (Macintosh; Intel Mac OS X 10_15_7) AppleWebKit/605.1.15 (KHTML, like Gecko) Version/18.5 Safari/605.1.15"
::1 - - [12/Jul/2025:16:31:23 +0000] "GET /public/uploads/1752336738190APPLICATION%20OF%20PASSWORD%20SECURITY%20-%20visual%20selection.png HTTP/1.1" 200 240388 "http://localhost:3001/" "Mozilla/5.0 (Macintosh; Intel Mac OS X 10_15_7) AppleWebKit/605.1.15 (KHTML, like Gecko) Version/18.5 Safari/605.1.15"
::1 - - [12/Jul/2025:16:31:23 +0000] "GET /public/uploads/1752314312295Screenshot%202025-07-12%20at%2014.27.18.png HTTP/1.1" 200 1031399 "http://localhost:3001/" "Mozilla/5.0 (Macintosh; Intel Mac OS X 10_15_7) AppleWebKit/605.1.15 (KHTML, like Gecko) Version/18.5 Safari/605.1.15"
::1 - - [12/Jul/2025:16:31:25 +0000] "GET /category HTTP/1.1" 200 785 "http://localhost:3001/" "Mozilla/5.0 (Macintosh; Intel Mac OS X 10_15_7) AppleWebKit/605.1.15 (KHTML, like Gecko) Version/18.5 Safari/605.1.15"
::1 - - [12/Jul/2025:16:31:43 +0000] "POST /property/add HTTP/1.1" 200 380 "http://localhost:3001/" "Mozilla/5.0 (Macintosh; Intel Mac OS X 10_15_7) AppleWebKit/605.1.15 (KHTML, like Gecko) Version/18.5 Safari/605.1.15"
::1 - - [12/Jul/2025:16:31:43 +0000] "GET /property/all?search=&page=1&size=10 HTTP/1.1" 200 1266 "http://localhost:3001/" "Mozilla/5.0 (Macintosh; Intel Mac OS X 10_15_7) AppleWebKit/605.1.15 (KHTML, like Gecko) Version/18.5 Safari/605.1.15"
::1 - - [12/Jul/2025:16:31:43 +0000] "GET /public/uploads/1752314312295Screenshot%202025-07-12%20at%2014.27.18.png HTTP/1.1" 200 1031399 "http://localhost:3001/" "Mozilla/5.0 (Macintosh; Intel Mac OS X 10_15_7) AppleWebKit/605.1.15 (KHTML, like Gecko) Version/18.5 Safari/605.1.15"
::1 - - [12/Jul/2025:16:31:43 +0000] "GET /public/uploads/1752337903925Screenshot%202025-07-12%20at%2014.27.18.png HTTP/1.1" 200 1031399 "http://localhost:3001/" "Mozilla/5.0 (Macintosh; Intel Mac OS X 10_15_7) AppleWebKit/605.1.15 (KHTML, like Gecko) Version/18.5 Safari/605.1.15"
::1 - - [12/Jul/2025:16:31:43 +0000] "GET /public/uploads/1752336738190APPLICATION%20OF%20PASSWORD%20SECURITY%20-%20visual%20selection.png HTTP/1.1" 200 240388 "http://localhost:3001/" "Mozilla/5.0 (Macintosh; Intel Mac OS X 10_15_7) AppleWebKit/605.1.15 (KHTML, like Gecko) Version/18.5 Safari/605.1.15"
::1 - - [12/Jul/2025:17:17:30 +0000] "GET /category?search=&page=1&size=50 HTTP/1.1" 200 789 "http://localhost:3001/" "Mozilla/5.0 (Macintosh; Intel Mac OS X 10_15_7) AppleWebKit/605.1.15 (KHTML, like Gecko) Version/18.5 Safari/605.1.15"
::1 - - [12/Jul/2025:17:17:30 +0000] "GET /property/all?search=&page=1&size=10 HTTP/1.1" 200 1266 "http://localhost:3001/" "Mozilla/5.0 (Macintosh; Intel Mac OS X 10_15_7) AppleWebKit/605.1.15 (KHTML, like Gecko) Version/18.5 Safari/605.1.15"
::1 - - [12/Jul/2025:17:17:30 +0000] "GET /public/uploads/1752336738190APPLICATION%20OF%20PASSWORD%20SECURITY%20-%20visual%20selection.png HTTP/1.1" 200 240388 "http://localhost:3001/" "Mozilla/5.0 (Macintosh; Intel Mac OS X 10_15_7) AppleWebKit/605.1.15 (KHTML, like Gecko) Version/18.5 Safari/605.1.15"
::1 - - [12/Jul/2025:17:17:30 +0000] "GET /public/uploads/1752337903925Screenshot%202025-07-12%20at%2014.27.18.png HTTP/1.1" 200 1031399 "http://localhost:3001/" "Mozilla/5.0 (Macintosh; Intel Mac OS X 10_15_7) AppleWebKit/605.1.15 (KHTML, like Gecko) Version/18.5 Safari/605.1.15"
::1 - - [12/Jul/2025:17:17:30 +0000] "GET /public/uploads/1752314312295Screenshot%202025-07-12%20at%2014.27.18.png HTTP/1.1" 200 1031399 "http://localhost:3001/" "Mozilla/5.0 (Macintosh; Intel Mac OS X 10_15_7) AppleWebKit/605.1.15 (KHTML, like Gecko) Version/18.5 Safari/605.1.15"
::1 - - [12/Jul/2025:17:17:33 +0000] "GET /category?search=&page=1&size=50 HTTP/1.1" 200 789 "http://localhost:3001/" "Mozilla/5.0 (Macintosh; Intel Mac OS X 10_15_7) AppleWebKit/605.1.15 (KHTML, like Gecko) Version/18.5 Safari/605.1.15"
::1 - - [12/Jul/2025:17:17:43 +0000] "POST /users/login HTTP/1.1" 200 623 "http://localhost:3001/" "Mozilla/5.0 (Macintosh; Intel Mac OS X 10_15_7) AppleWebKit/605.1.15 (KHTML, like Gecko) Version/18.5 Safari/605.1.15"
::1 - - [12/Jul/2025:17:17:43 +0000] "GET /category?search=&page=1&size=50 HTTP/1.1" 200 789 "http://localhost:3001/" "Mozilla/5.0 (Macintosh; Intel Mac OS X 10_15_7) AppleWebKit/605.1.15 (KHTML, like Gecko) Version/18.5 Safari/605.1.15"
::1 - - [12/Jul/2025:17:17:43 +0000] "GET /property/all?search=&page=1&size=8&price=-1 HTTP/1.1" 200 1265 "http://localhost:3001/" "Mozilla/5.0 (Macintosh; Intel Mac OS X 10_15_7) AppleWebKit/605.1.15 (KHTML, like Gecko) Version/18.5 Safari/605.1.15"
::1 - - [12/Jul/2025:17:17:43 +0000] "GET /public/uploads/1752337903925Screenshot%202025-07-12%20at%2014.27.18.png HTTP/1.1" 200 1031399 "http://localhost:3001/" "Mozilla/5.0 (Macintosh; Intel Mac OS X 10_15_7) AppleWebKit/605.1.15 (KHTML, like Gecko) Version/18.5 Safari/605.1.15"
::1 - - [12/Jul/2025:17:17:43 +0000] "GET /public/uploads/1752314312295Screenshot%202025-07-12%20at%2014.27.18.png HTTP/1.1" 200 1031399 "http://localhost:3001/" "Mozilla/5.0 (Macintosh; Intel Mac OS X 10_15_7) AppleWebKit/605.1.15 (KHTML, like Gecko) Version/18.5 Safari/605.1.15"
::1 - - [12/Jul/2025:17:17:43 +0000] "GET /public/uploads/1752336738190APPLICATION%20OF%20PASSWORD%20SECURITY%20-%20visual%20selection.png HTTP/1.1" 200 240388 "http://localhost:3001/" "Mozilla/5.0 (Macintosh; Intel Mac OS X 10_15_7) AppleWebKit/605.1.15 (KHTML, like Gecko) Version/18.5 Safari/605.1.15"
::1 - - [12/Jul/2025:17:19:36 +0000] "POST /users/logout HTTP/1.1" 200 42 "http://localhost:3001/" "Mozilla/5.0 (Macintosh; Intel Mac OS X 10_15_7) AppleWebKit/605.1.15 (KHTML, like Gecko) Version/18.5 Safari/605.1.15"
::1 - - [12/Jul/2025:17:19:37 +0000] "GET /category?search=&page=1&size=50 HTTP/1.1" 200 789 "http://localhost:3001/" "Mozilla/5.0 (Macintosh; Intel Mac OS X 10_15_7) AppleWebKit/605.1.15 (KHTML, like Gecko) Version/18.5 Safari/605.1.15"
::1 - - [12/Jul/2025:17:20:59 +0000] "GET /category?search=&page=1&size=50 HTTP/1.1" 200 789 "http://localhost:3001/" "Mozilla/5.0 (Macintosh; Intel Mac OS X 10_15_7) AppleWebKit/605.1.15 (KHTML, like Gecko) Version/18.5 Safari/605.1.15"
::1 - - [12/Jul/2025:17:22:06 +0000] "POST /users/login HTTP/1.1" 200 623 "http://localhost:3001/" "Mozilla/5.0 (Macintosh; Intel Mac OS X 10_15_7) AppleWebKit/605.1.15 (KHTML, like Gecko) Version/18.5 Safari/605.1.15"
::1 - - [12/Jul/2025:17:22:06 +0000] "GET /category?search=&page=1&size=50 HTTP/1.1" 200 789 "http://localhost:3001/" "Mozilla/5.0 (Macintosh; Intel Mac OS X 10_15_7) AppleWebKit/605.1.15 (KHTML, like Gecko) Version/18.5 Safari/605.1.15"
::1 - - [12/Jul/2025:17:22:06 +0000] "GET /property/all?search=&page=1&size=8&price=-1 HTTP/1.1" 200 1265 "http://localhost:3001/" "Mozilla/5.0 (Macintosh; Intel Mac OS X 10_15_7) AppleWebKit/605.1.15 (KHTML, like Gecko) Version/18.5 Safari/605.1.15"
::1 - - [12/Jul/2025:17:22:06 +0000] "GET /public/uploads/1752314312295Screenshot%202025-07-12%20at%2014.27.18.png HTTP/1.1" 200 1031399 "http://localhost:3001/" "Mozilla/5.0 (Macintosh; Intel Mac OS X 10_15_7) AppleWebKit/605.1.15 (KHTML, like Gecko) Version/18.5 Safari/605.1.15"
::1 - - [12/Jul/2025:17:22:06 +0000] "GET /public/uploads/1752336738190APPLICATION%20OF%20PASSWORD%20SECURITY%20-%20visual%20selection.png HTTP/1.1" 200 240388 "http://localhost:3001/" "Mozilla/5.0 (Macintosh; Intel Mac OS X 10_15_7) AppleWebKit/605.1.15 (KHTML, like Gecko) Version/18.5 Safari/605.1.15"
::1 - - [12/Jul/2025:17:22:06 +0000] "GET /public/uploads/1752337903925Screenshot%202025-07-12%20at%2014.27.18.png HTTP/1.1" 200 1031399 "http://localhost:3001/" "Mozilla/5.0 (Macintosh; Intel Mac OS X 10_15_7) AppleWebKit/605.1.15 (KHTML, like Gecko) Version/18.5 Safari/605.1.15"
::1 - - [12/Jul/2025:17:22:10 +0000] "GET /category?search=&page=1&size=50 HTTP/1.1" 200 789 "http://localhost:3001/" "Mozilla/5.0 (Macintosh; Intel Mac OS X 10_15_7) AppleWebKit/605.1.15 (KHTML, like Gecko) Version/18.5 Safari/605.1.15"
::1 - - [12/Jul/2025:17:22:10 +0000] "GET /property/all?search=&page=1&size=8&price=-1 HTTP/1.1" 200 1265 "http://localhost:3001/" "Mozilla/5.0 (Macintosh; Intel Mac OS X 10_15_7) AppleWebKit/605.1.15 (KHTML, like Gecko) Version/18.5 Safari/605.1.15"
::1 - - [12/Jul/2025:17:22:10 +0000] "GET /public/uploads/1752337903925Screenshot%202025-07-12%20at%2014.27.18.png HTTP/1.1" 200 1031399 "http://localhost:3001/" "Mozilla/5.0 (Macintosh; Intel Mac OS X 10_15_7) AppleWebKit/605.1.15 (KHTML, like Gecko) Version/18.5 Safari/605.1.15"
::1 - - [12/Jul/2025:17:22:10 +0000] "GET /public/uploads/1752314312295Screenshot%202025-07-12%20at%2014.27.18.png HTTP/1.1" 200 1031399 "http://localhost:3001/" "Mozilla/5.0 (Macintosh; Intel Mac OS X 10_15_7) AppleWebKit/605.1.15 (KHTML, like Gecko) Version/18.5 Safari/605.1.15"
::1 - - [12/Jul/2025:17:22:10 +0000] "GET /public/uploads/1752336738190APPLICATION%20OF%20PASSWORD%20SECURITY%20-%20visual%20selection.png HTTP/1.1" 200 240388 "http://localhost:3001/" "Mozilla/5.0 (Macintosh; Intel Mac OS X 10_15_7) AppleWebKit/605.1.15 (KHTML, like Gecko) Version/18.5 Safari/605.1.15"
::1 - - [12/Jul/2025:17:23:02 +0000] "GET /category?search=&page=1&size=50 HTTP/1.1" 200 789 "http://localhost:3001/" "Mozilla/5.0 (Macintosh; Intel Mac OS X 10_15_7) AppleWebKit/605.1.15 (KHTML, like Gecko) Version/18.5 Safari/605.1.15"
::1 - - [12/Jul/2025:17:24:04 +0000] "GET /users/my-profile/ HTTP/1.1" 200 358 "http://localhost:3001/" "Mozilla/5.0 (Macintosh; Intel Mac OS X 10_15_7) AppleWebKit/605.1.15 (KHTML, like Gecko) Version/18.5 Safari/605.1.15"
::1 - - [12/Jul/2025:17:24:04 +0000] "GET /category?search=&page=1&size=50 HTTP/1.1" 200 789 "http://localhost:3001/" "Mozilla/5.0 (Macintosh; Intel Mac OS X 10_15_7) AppleWebKit/605.1.15 (KHTML, like Gecko) Version/18.5 Safari/605.1.15"
::1 - - [12/Jul/2025:17:24:04 +0000] "GET /carts/my-order/ HTTP/1.1" 200 44 "http://localhost:3001/" "Mozilla/5.0 (Macintosh; Intel Mac OS X 10_15_7) AppleWebKit/605.1.15 (KHTML, like Gecko) Version/18.5 Safari/605.1.15"
