::1 - - [12/Jul/2025:20:39:05 +0000] "POST /users/logout HTTP/1.1" 200 42 "http://localhost:3001/" "Mozilla/5.0 (Macintosh; Intel Mac OS X 10_15_7) AppleWebKit/605.1.15 (KHTML, like Gecko) Version/18.5 Safari/605.1.15"
::1 - - [12/Jul/2025:20:39:06 +0000] "GET /category?search=&page=1&size=50 HTTP/1.1" 200 789 "http://localhost:3001/" "Mozilla/5.0 (Macintosh; Intel Mac OS X 10_15_7) AppleWebKit/605.1.15 (KHTML, like Gecko) Version/18.5 Safari/605.1.15"
::1 - - [12/Jul/2025:20:39:39 +0000] "POST /users/register HTTP/1.1" 200 46 "http://localhost:3001/" "Mozilla/5.0 (Macintosh; Intel Mac OS X 10_15_7) AppleWebKit/605.1.15 (KHTML, like Gecko) Version/18.5 Safari/605.1.15"
::1 - - [12/Jul/2025:20:40:00 +0000] "POST /users/verify-otp HTTP/1.1" 400 25 "http://localhost:3001/" "Mozilla/5.0 (Macintosh; Intel Mac OS X 10_15_7) AppleWebKit/605.1.15 (KHTML, like Gecko) Version/18.5 Safari/605.1.15"
::1 - - [12/Jul/2025:20:40:14 +0000] "POST /users/verify-otp HTTP/1.1" 400 25 "http://localhost:3001/" "Mozilla/5.0 (Macintosh; Intel Mac OS X 10_15_7) AppleWebKit/605.1.15 (KHTML, like Gecko) Version/18.5 Safari/605.1.15"
::1 - - [12/Jul/2025:20:40:59 +0000] "POST /users/verify-otp HTTP/1.1" 200 41 "http://localhost:3001/" "Mozilla/5.0 (Macintosh; Intel Mac OS X 10_15_7) AppleWebKit/605.1.15 (KHTML, like Gecko) Version/18.5 Safari/605.1.15"
::1 - - [12/Jul/2025:20:41:00 +0000] "GET /category?search=&page=1&size=50 HTTP/1.1" 200 789 "http://localhost:3001/" "Mozilla/5.0 (Macintosh; Intel Mac OS X 10_15_7) AppleWebKit/605.1.15 (KHTML, like Gecko) Version/18.5 Safari/605.1.15"
::1 - - [12/Jul/2025:20:41:20 +0000] "POST /users/login HTTP/1.1" 200 621 "http://localhost:3001/" "Mozilla/5.0 (Macintosh; Intel Mac OS X 10_15_7) AppleWebKit/605.1.15 (KHTML, like Gecko) Version/18.5 Safari/605.1.15"
::1 - - [12/Jul/2025:20:41:20 +0000] "GET /category?search=&page=1&size=50 HTTP/1.1" 200 789 "http://localhost:3001/" "Mozilla/5.0 (Macintosh; Intel Mac OS X 10_15_7) AppleWebKit/605.1.15 (KHTML, like Gecko) Version/18.5 Safari/605.1.15"
::1 - - [12/Jul/2025:20:41:20 +0000] "GET /property/all?search=&page=1&size=8&price=-1 HTTP/1.1" 200 1265 "http://localhost:3001/" "Mozilla/5.0 (Macintosh; Intel Mac OS X 10_15_7) AppleWebKit/605.1.15 (KHTML, like Gecko) Version/18.5 Safari/605.1.15"
::1 - - [12/Jul/2025:20:41:20 +0000] "GET /public/uploads/1752337903925Screenshot%202025-07-12%20at%2014.27.18.png HTTP/1.1" 200 1031399 "http://localhost:3001/" "Mozilla/5.0 (Macintosh; Intel Mac OS X 10_15_7) AppleWebKit/605.1.15 (KHTML, like Gecko) Version/18.5 Safari/605.1.15"
::1 - - [12/Jul/2025:20:41:20 +0000] "GET /public/uploads/1752314312295Screenshot%202025-07-12%20at%2014.27.18.png HTTP/1.1" 200 1031399 "http://localhost:3001/" "Mozilla/5.0 (Macintosh; Intel Mac OS X 10_15_7) AppleWebKit/605.1.15 (KHTML, like Gecko) Version/18.5 Safari/605.1.15"
::1 - - [12/Jul/2025:20:41:20 +0000] "GET /public/uploads/1752336738190APPLICATION%20OF%20PASSWORD%20SECURITY%20-%20visual%20selection.png HTTP/1.1" 200 240388 "http://localhost:3001/" "Mozilla/5.0 (Macintosh; Intel Mac OS X 10_15_7) AppleWebKit/605.1.15 (KHTML, like Gecko) Version/18.5 Safari/605.1.15"
::1 - - [12/Jul/2025:20:44:48 +0000] "GET /category?search=&page=1&size=50 HTTP/1.1" 200 789 "http://localhost:3001/" "Mozilla/5.0 (Macintosh; Intel Mac OS X 10_15_7) AppleWebKit/605.1.15 (KHTML, like Gecko) Version/18.5 Safari/605.1.15"
::1 - - [12/Jul/2025:20:44:48 +0000] "GET /property/all?search=&page=1&size=8&price=-1 HTTP/1.1" 200 1265 "http://localhost:3001/" "Mozilla/5.0 (Macintosh; Intel Mac OS X 10_15_7) AppleWebKit/605.1.15 (KHTML, like Gecko) Version/18.5 Safari/605.1.15"
::1 - - [12/Jul/2025:20:44:48 +0000] "GET /public/uploads/1752337903925Screenshot%202025-07-12%20at%2014.27.18.png HTTP/1.1" 200 1031399 "http://localhost:3001/" "Mozilla/5.0 (Macintosh; Intel Mac OS X 10_15_7) AppleWebKit/605.1.15 (KHTML, like Gecko) Version/18.5 Safari/605.1.15"
::1 - - [12/Jul/2025:20:44:48 +0000] "GET /public/uploads/1752314312295Screenshot%202025-07-12%20at%2014.27.18.png HTTP/1.1" 200 1031399 "http://localhost:3001/" "Mozilla/5.0 (Macintosh; Intel Mac OS X 10_15_7) AppleWebKit/605.1.15 (KHTML, like Gecko) Version/18.5 Safari/605.1.15"
::1 - - [12/Jul/2025:20:44:48 +0000] "GET /public/uploads/1752336738190APPLICATION%20OF%20PASSWORD%20SECURITY%20-%20visual%20selection.png HTTP/1.1" 200 240388 "http://localhost:3001/" "Mozilla/5.0 (Macintosh; Intel Mac OS X 10_15_7) AppleWebKit/605.1.15 (KHTML, like Gecko) Version/18.5 Safari/605.1.15"
::1 - - [12/Jul/2025:20:45:53 +0000] "POST /users/logout HTTP/1.1" 200 42 "http://localhost:3001/" "Mozilla/5.0 (Macintosh; Intel Mac OS X 10_15_7) AppleWebKit/605.1.15 (KHTML, like Gecko) Version/18.5 Safari/605.1.15"
::1 - - [12/Jul/2025:20:45:53 +0000] "GET /category?search=&page=1&size=50 HTTP/1.1" 200 789 "http://localhost:3001/" "Mozilla/5.0 (Macintosh; Intel Mac OS X 10_15_7) AppleWebKit/605.1.15 (KHTML, like Gecko) Version/18.5 Safari/605.1.15"
::1 - - [12/Jul/2025:20:45:54 +0000] "GET /category?search=&page=1&size=50 HTTP/1.1" 200 789 "http://localhost:3001/" "Mozilla/5.0 (Macintosh; Intel Mac OS X 10_15_7) AppleWebKit/605.1.15 (KHTML, like Gecko) Version/18.5 Safari/605.1.15"
::1 - - [12/Jul/2025:20:46:16 +0000] "POST /users/login HTTP/1.1" 401 44 "http://localhost:3001/" "Mozilla/5.0 (Macintosh; Intel Mac OS X 10_15_7) AppleWebKit/605.1.15 (KHTML, like Gecko) Version/18.5 Safari/605.1.15"
::1 - - [12/Jul/2025:20:46:24 +0000] "POST /users/login HTTP/1.1" 403 72 "http://localhost:3001/" "Mozilla/5.0 (Macintosh; Intel Mac OS X 10_15_7) AppleWebKit/605.1.15 (KHTML, like Gecko) Version/18.5 Safari/605.1.15"
::1 - - [12/Jul/2025:20:46:28 +0000] "GET /category?search=&page=1&size=50 HTTP/1.1" 200 789 "http://localhost:3001/" "Mozilla/5.0 (Macintosh; Intel Mac OS X 10_15_7) AppleWebKit/605.1.15 (KHTML, like Gecko) Version/18.5 Safari/605.1.15"
::1 - - [12/Jul/2025:20:46:52 +0000] "POST /users/login HTTP/1.1" 200 621 "http://localhost:3001/" "Mozilla/5.0 (Macintosh; Intel Mac OS X 10_15_7) AppleWebKit/605.1.15 (KHTML, like Gecko) Version/18.5 Safari/605.1.15"
::1 - - [12/Jul/2025:20:46:52 +0000] "GET /category?search=&page=1&size=50 HTTP/1.1" 200 789 "http://localhost:3001/" "Mozilla/5.0 (Macintosh; Intel Mac OS X 10_15_7) AppleWebKit/605.1.15 (KHTML, like Gecko) Version/18.5 Safari/605.1.15"
::1 - - [12/Jul/2025:20:46:52 +0000] "GET /property/all?search=&page=1&size=8&price=-1 HTTP/1.1" 200 1265 "http://localhost:3001/" "Mozilla/5.0 (Macintosh; Intel Mac OS X 10_15_7) AppleWebKit/605.1.15 (KHTML, like Gecko) Version/18.5 Safari/605.1.15"
::1 - - [12/Jul/2025:20:46:52 +0000] "GET /public/uploads/1752337903925Screenshot%202025-07-12%20at%2014.27.18.png HTTP/1.1" 200 1031399 "http://localhost:3001/" "Mozilla/5.0 (Macintosh; Intel Mac OS X 10_15_7) AppleWebKit/605.1.15 (KHTML, like Gecko) Version/18.5 Safari/605.1.15"
::1 - - [12/Jul/2025:20:46:52 +0000] "GET /public/uploads/1752314312295Screenshot%202025-07-12%20at%2014.27.18.png HTTP/1.1" 200 1031399 "http://localhost:3001/" "Mozilla/5.0 (Macintosh; Intel Mac OS X 10_15_7) AppleWebKit/605.1.15 (KHTML, like Gecko) Version/18.5 Safari/605.1.15"
::1 - - [12/Jul/2025:20:46:52 +0000] "GET /public/uploads/1752336738190APPLICATION%20OF%20PASSWORD%20SECURITY%20-%20visual%20selection.png HTTP/1.1" 200 240388 "http://localhost:3001/" "Mozilla/5.0 (Macintosh; Intel Mac OS X 10_15_7) AppleWebKit/605.1.15 (KHTML, like Gecko) Version/18.5 Safari/605.1.15"
::1 - - [12/Jul/2025:23:14:00 +0000] "GET /category?search=&page=1&size=50 HTTP/1.1" 200 789 "https://localhost:3001/" "Mozilla/5.0 (Macintosh; Intel Mac OS X 10_15_7) AppleWebKit/605.1.15 (KHTML, like Gecko) Version/18.5 Safari/605.1.15"
::1 - - [12/Jul/2025:23:14:00 +0000] "GET /property/all?search=&page=1&size=8&price=-1 HTTP/1.1" 200 1265 "https://localhost:3001/" "Mozilla/5.0 (Macintosh; Intel Mac OS X 10_15_7) AppleWebKit/605.1.15 (KHTML, like Gecko) Version/18.5 Safari/605.1.15"
::1 - - [12/Jul/2025:23:14:00 +0000] "GET /public/uploads/1752314312295Screenshot%202025-07-12%20at%2014.27.18.png HTTP/1.1" 200 1031399 "https://localhost:3001/" "Mozilla/5.0 (Macintosh; Intel Mac OS X 10_15_7) AppleWebKit/605.1.15 (KHTML, like Gecko) Version/18.5 Safari/605.1.15"
::1 - - [12/Jul/2025:23:14:00 +0000] "GET /public/uploads/1752337903925Screenshot%202025-07-12%20at%2014.27.18.png HTTP/1.1" 200 1031399 "https://localhost:3001/" "Mozilla/5.0 (Macintosh; Intel Mac OS X 10_15_7) AppleWebKit/605.1.15 (KHTML, like Gecko) Version/18.5 Safari/605.1.15"
::1 - - [12/Jul/2025:23:14:00 +0000] "GET /public/uploads/1752336738190APPLICATION%20OF%20PASSWORD%20SECURITY%20-%20visual%20selection.png HTTP/1.1" 200 240388 "https://localhost:3001/" "Mozilla/5.0 (Macintosh; Intel Mac OS X 10_15_7) AppleWebKit/605.1.15 (KHTML, like Gecko) Version/18.5 Safari/605.1.15"
::1 - - [12/Jul/2025:23:14:03 +0000] "GET /category?search=&page=1&size=50 HTTP/1.1" 200 789 "https://localhost:3001/" "Mozilla/5.0 (Macintosh; Intel Mac OS X 10_15_7) AppleWebKit/605.1.15 (KHTML, like Gecko) Version/18.5 Safari/605.1.15"
::1 - - [12/Jul/2025:23:14:03 +0000] "GET /property/all?page=1&size=50&price=&date= HTTP/1.1" 200 1266 "https://localhost:3001/" "Mozilla/5.0 (Macintosh; Intel Mac OS X 10_15_7) AppleWebKit/605.1.15 (KHTML, like Gecko) Version/18.5 Safari/605.1.15"
::1 - - [12/Jul/2025:23:14:03 +0000] "GET /public/uploads/1752337903925Screenshot%202025-07-12%20at%2014.27.18.png HTTP/1.1" 200 1031399 "https://localhost:3001/" "Mozilla/5.0 (Macintosh; Intel Mac OS X 10_15_7) AppleWebKit/605.1.15 (KHTML, like Gecko) Version/18.5 Safari/605.1.15"
::1 - - [12/Jul/2025:23:14:03 +0000] "GET /public/uploads/1752336738190APPLICATION%20OF%20PASSWORD%20SECURITY%20-%20visual%20selection.png HTTP/1.1" 200 240388 "https://localhost:3001/" "Mozilla/5.0 (Macintosh; Intel Mac OS X 10_15_7) AppleWebKit/605.1.15 (KHTML, like Gecko) Version/18.5 Safari/605.1.15"
::1 - - [12/Jul/2025:23:14:03 +0000] "GET /public/uploads/1752314312295Screenshot%202025-07-12%20at%2014.27.18.png HTTP/1.1" 200 1031399 "https://localhost:3001/" "Mozilla/5.0 (Macintosh; Intel Mac OS X 10_15_7) AppleWebKit/605.1.15 (KHTML, like Gecko) Version/18.5 Safari/605.1.15"
::1 - - [12/Jul/2025:23:14:07 +0000] "GET /category?search=&page=1&size=50 HTTP/1.1" 200 789 "https://localhost:3001/" "Mozilla/5.0 (Macintosh; Intel Mac OS X 10_15_7) AppleWebKit/605.1.15 (KHTML, like Gecko) Version/18.5 Safari/605.1.15"
::1 - - [12/Jul/2025:23:14:23 +0000] "GET /category?search=&page=1&size=50 HTTP/1.1" 200 789 "https://localhost:3001/" "Mozilla/5.0 (Macintosh; Intel Mac OS X 10_15_7) AppleWebKit/605.1.15 (KHTML, like Gecko) Version/18.5 Safari/605.1.15"
::1 - - [12/Jul/2025:23:14:41 +0000] "POST /users/login HTTP/1.1" 200 621 "https://localhost:3001/" "Mozilla/5.0 (Macintosh; Intel Mac OS X 10_15_7) AppleWebKit/605.1.15 (KHTML, like Gecko) Version/18.5 Safari/605.1.15"
::1 - - [12/Jul/2025:23:14:41 +0000] "GET /category?search=&page=1&size=50 HTTP/1.1" 200 789 "https://localhost:3001/" "Mozilla/5.0 (Macintosh; Intel Mac OS X 10_15_7) AppleWebKit/605.1.15 (KHTML, like Gecko) Version/18.5 Safari/605.1.15"
::1 - - [12/Jul/2025:23:14:41 +0000] "GET /property/all?search=&page=1&size=8&price=-1 HTTP/1.1" 200 1265 "https://localhost:3001/" "Mozilla/5.0 (Macintosh; Intel Mac OS X 10_15_7) AppleWebKit/605.1.15 (KHTML, like Gecko) Version/18.5 Safari/605.1.15"
::1 - - [12/Jul/2025:23:14:41 +0000] "GET /public/uploads/1752314312295Screenshot%202025-07-12%20at%2014.27.18.png HTTP/1.1" 200 1031399 "https://localhost:3001/" "Mozilla/5.0 (Macintosh; Intel Mac OS X 10_15_7) AppleWebKit/605.1.15 (KHTML, like Gecko) Version/18.5 Safari/605.1.15"
::1 - - [12/Jul/2025:23:14:41 +0000] "GET /public/uploads/1752337903925Screenshot%202025-07-12%20at%2014.27.18.png HTTP/1.1" 200 1031399 "https://localhost:3001/" "Mozilla/5.0 (Macintosh; Intel Mac OS X 10_15_7) AppleWebKit/605.1.15 (KHTML, like Gecko) Version/18.5 Safari/605.1.15"
::1 - - [12/Jul/2025:23:14:41 +0000] "GET /public/uploads/1752336738190APPLICATION%20OF%20PASSWORD%20SECURITY%20-%20visual%20selection.png HTTP/1.1" 200 240388 "https://localhost:3001/" "Mozilla/5.0 (Macintosh; Intel Mac OS X 10_15_7) AppleWebKit/605.1.15 (KHTML, like Gecko) Version/18.5 Safari/605.1.15"
::1 - - [13/Jul/2025:06:50:25 +0000] "GET /category?search=&page=1&size=50 HTTP/1.1" 200 789 "https://localhost:3001/" "Mozilla/5.0 (Macintosh; Intel Mac OS X 10_15_7) AppleWebKit/605.1.15 (KHTML, like Gecko) Version/18.5 Safari/605.1.15"
::1 - - [13/Jul/2025:06:50:25 +0000] "GET /property/all?search=&page=1&size=8&price=-1 HTTP/1.1" 200 1265 "https://localhost:3001/" "Mozilla/5.0 (Macintosh; Intel Mac OS X 10_15_7) AppleWebKit/605.1.15 (KHTML, like Gecko) Version/18.5 Safari/605.1.15"
::1 - - [13/Jul/2025:06:50:25 +0000] "GET /public/uploads/1752337903925Screenshot%202025-07-12%20at%2014.27.18.png HTTP/1.1" 200 1031399 "https://localhost:3001/" "Mozilla/5.0 (Macintosh; Intel Mac OS X 10_15_7) AppleWebKit/605.1.15 (KHTML, like Gecko) Version/18.5 Safari/605.1.15"
::1 - - [13/Jul/2025:06:50:25 +0000] "GET /public/uploads/1752314312295Screenshot%202025-07-12%20at%2014.27.18.png HTTP/1.1" 200 1031399 "https://localhost:3001/" "Mozilla/5.0 (Macintosh; Intel Mac OS X 10_15_7) AppleWebKit/605.1.15 (KHTML, like Gecko) Version/18.5 Safari/605.1.15"
::1 - - [13/Jul/2025:06:50:25 +0000] "GET /public/uploads/1752336738190APPLICATION%20OF%20PASSWORD%20SECURITY%20-%20visual%20selection.png HTTP/1.1" 200 240388 "https://localhost:3001/" "Mozilla/5.0 (Macintosh; Intel Mac OS X 10_15_7) AppleWebKit/605.1.15 (KHTML, like Gecko) Version/18.5 Safari/605.1.15"
::1 - - [13/Jul/2025:06:50:29 +0000] "GET /category?search=&page=1&size=50 HTTP/1.1" 200 789 "https://localhost:3001/" "Mozilla/5.0 (Macintosh; Intel Mac OS X 10_15_7) AppleWebKit/605.1.15 (KHTML, like Gecko) Version/18.5 Safari/605.1.15"
::1 - - [13/Jul/2025:06:50:29 +0000] "GET /property/all?page=1&size=50&price=&category=686fe8918c1d21bde54c546a&date= HTTP/1.1" 200 485 "https://localhost:3001/" "Mozilla/5.0 (Macintosh; Intel Mac OS X 10_15_7) AppleWebKit/605.1.15 (KHTML, like Gecko) Version/18.5 Safari/605.1.15"
::1 - - [13/Jul/2025:06:50:29 +0000] "GET /public/uploads/1752314312295Screenshot%202025-07-12%20at%2014.27.18.png HTTP/1.1" 200 1031399 "https://localhost:3001/" "Mozilla/5.0 (Macintosh; Intel Mac OS X 10_15_7) AppleWebKit/605.1.15 (KHTML, like Gecko) Version/18.5 Safari/605.1.15"
::1 - - [13/Jul/2025:06:50:31 +0000] "GET /property/all?page=1&size=50&price=&category=686fe8898c1d21bde54c5461&date= HTTP/1.1" 200 881 "https://localhost:3001/" "Mozilla/5.0 (Macintosh; Intel Mac OS X 10_15_7) AppleWebKit/605.1.15 (KHTML, like Gecko) Version/18.5 Safari/605.1.15"
::1 - - [13/Jul/2025:06:50:31 +0000] "GET /public/uploads/1752336738190APPLICATION%20OF%20PASSWORD%20SECURITY%20-%20visual%20selection.png HTTP/1.1" 200 240388 "https://localhost:3001/" "Mozilla/5.0 (Macintosh; Intel Mac OS X 10_15_7) AppleWebKit/605.1.15 (KHTML, like Gecko) Version/18.5 Safari/605.1.15"
::1 - - [13/Jul/2025:06:50:31 +0000] "GET /public/uploads/1752337903925Screenshot%202025-07-12%20at%2014.27.18.png HTTP/1.1" 200 1031399 "https://localhost:3001/" "Mozilla/5.0 (Macintosh; Intel Mac OS X 10_15_7) AppleWebKit/605.1.15 (KHTML, like Gecko) Version/18.5 Safari/605.1.15"
::1 - - [13/Jul/2025:06:50:31 +0000] "GET /property/all?page=1&size=50&price=&category=686fe8818c1d21bde54c5459&date= HTTP/1.1" 200 101 "https://localhost:3001/" "Mozilla/5.0 (Macintosh; Intel Mac OS X 10_15_7) AppleWebKit/605.1.15 (KHTML, like Gecko) Version/18.5 Safari/605.1.15"
::1 - - [13/Jul/2025:06:50:32 +0000] "GET /property/all?page=1&size=50&price=&category=686fe84a8c1d21bde54c5452&date= HTTP/1.1" 200 101 "https://localhost:3001/" "Mozilla/5.0 (Macintosh; Intel Mac OS X 10_15_7) AppleWebKit/605.1.15 (KHTML, like Gecko) Version/18.5 Safari/605.1.15"
::1 - - [13/Jul/2025:06:50:33 +0000] "GET /property/all?page=1&size=50&price=&date= HTTP/1.1" 200 1266 "https://localhost:3001/" "Mozilla/5.0 (Macintosh; Intel Mac OS X 10_15_7) AppleWebKit/605.1.15 (KHTML, like Gecko) Version/18.5 Safari/605.1.15"
::1 - - [13/Jul/2025:06:50:33 +0000] "GET /public/uploads/1752337903925Screenshot%202025-07-12%20at%2014.27.18.png HTTP/1.1" 200 1031399 "https://localhost:3001/" "Mozilla/5.0 (Macintosh; Intel Mac OS X 10_15_7) AppleWebKit/605.1.15 (KHTML, like Gecko) Version/18.5 Safari/605.1.15"
::1 - - [13/Jul/2025:06:50:33 +0000] "GET /public/uploads/1752336738190APPLICATION%20OF%20PASSWORD%20SECURITY%20-%20visual%20selection.png HTTP/1.1" 200 240388 "https://localhost:3001/" "Mozilla/5.0 (Macintosh; Intel Mac OS X 10_15_7) AppleWebKit/605.1.15 (KHTML, like Gecko) Version/18.5 Safari/605.1.15"
::1 - - [13/Jul/2025:06:50:33 +0000] "GET /public/uploads/1752314312295Screenshot%202025-07-12%20at%2014.27.18.png HTTP/1.1" 200 1031399 "https://localhost:3001/" "Mozilla/5.0 (Macintosh; Intel Mac OS X 10_15_7) AppleWebKit/605.1.15 (KHTML, like Gecko) Version/18.5 Safari/605.1.15"
::1 - - [13/Jul/2025:06:50:38 +0000] "GET /category?search=&page=1&size=50 HTTP/1.1" 200 789 "https://localhost:3001/" "Mozilla/5.0 (Macintosh; Intel Mac OS X 10_15_7) AppleWebKit/605.1.15 (KHTML, like Gecko) Version/18.5 Safari/605.1.15"
::1 - - [13/Jul/2025:06:50:38 +0000] "GET /property/all?search=&page=1&size=8&price=-1 HTTP/1.1" 200 1265 "https://localhost:3001/" "Mozilla/5.0 (Macintosh; Intel Mac OS X 10_15_7) AppleWebKit/605.1.15 (KHTML, like Gecko) Version/18.5 Safari/605.1.15"
::1 - - [13/Jul/2025:06:50:38 +0000] "GET /public/uploads/1752314312295Screenshot%202025-07-12%20at%2014.27.18.png HTTP/1.1" 200 1031399 "https://localhost:3001/" "Mozilla/5.0 (Macintosh; Intel Mac OS X 10_15_7) AppleWebKit/605.1.15 (KHTML, like Gecko) Version/18.5 Safari/605.1.15"
::1 - - [13/Jul/2025:06:50:38 +0000] "GET /public/uploads/1752337903925Screenshot%202025-07-12%20at%2014.27.18.png HTTP/1.1" 200 1031399 "https://localhost:3001/" "Mozilla/5.0 (Macintosh; Intel Mac OS X 10_15_7) AppleWebKit/605.1.15 (KHTML, like Gecko) Version/18.5 Safari/605.1.15"
::1 - - [13/Jul/2025:06:50:38 +0000] "GET /public/uploads/1752336738190APPLICATION%20OF%20PASSWORD%20SECURITY%20-%20visual%20selection.png HTTP/1.1" 200 240388 "https://localhost:3001/" "Mozilla/5.0 (Macintosh; Intel Mac OS X 10_15_7) AppleWebKit/605.1.15 (KHTML, like Gecko) Version/18.5 Safari/605.1.15"
::1 - - [13/Jul/2025:07:00:22 +0000] "GET /category?search=&page=1&size=50 HTTP/1.1" 200 789 "https://localhost:3001/" "Mozilla/5.0 (Macintosh; Intel Mac OS X 10_15_7) AppleWebKit/605.1.15 (KHTML, like Gecko) Version/18.5 Safari/605.1.15"
::1 - - [13/Jul/2025:07:00:22 +0000] "GET /property/all?search=&page=1&size=8&price=-1 HTTP/1.1" 200 1265 "https://localhost:3001/" "Mozilla/5.0 (Macintosh; Intel Mac OS X 10_15_7) AppleWebKit/605.1.15 (KHTML, like Gecko) Version/18.5 Safari/605.1.15"
::1 - - [13/Jul/2025:07:00:22 +0000] "GET /public/uploads/1752314312295Screenshot%202025-07-12%20at%2014.27.18.png HTTP/1.1" 200 1031399 "https://localhost:3001/" "Mozilla/5.0 (Macintosh; Intel Mac OS X 10_15_7) AppleWebKit/605.1.15 (KHTML, like Gecko) Version/18.5 Safari/605.1.15"
::1 - - [13/Jul/2025:07:00:22 +0000] "GET /public/uploads/1752337903925Screenshot%202025-07-12%20at%2014.27.18.png HTTP/1.1" 200 1031399 "https://localhost:3001/" "Mozilla/5.0 (Macintosh; Intel Mac OS X 10_15_7) AppleWebKit/605.1.15 (KHTML, like Gecko) Version/18.5 Safari/605.1.15"
::1 - - [13/Jul/2025:07:00:22 +0000] "GET /public/uploads/1752336738190APPLICATION%20OF%20PASSWORD%20SECURITY%20-%20visual%20selection.png HTTP/1.1" 200 240388 "https://localhost:3001/" "Mozilla/5.0 (Macintosh; Intel Mac OS X 10_15_7) AppleWebKit/605.1.15 (KHTML, like Gecko) Version/18.5 Safari/605.1.15"
::1 - - [13/Jul/2025:16:37:29 +0000] "GET /category?search=&page=1&size=50 HTTP/1.1" 200 789 "https://localhost:3001/" "Mozilla/5.0 (Macintosh; Intel Mac OS X 10_15_7) AppleWebKit/605.1.15 (KHTML, like Gecko) Version/18.5 Safari/605.1.15"
::1 - - [13/Jul/2025:16:37:29 +0000] "GET /property/all?search=&page=1&size=8&price=-1 HTTP/1.1" 200 1265 "https://localhost:3001/" "Mozilla/5.0 (Macintosh; Intel Mac OS X 10_15_7) AppleWebKit/605.1.15 (KHTML, like Gecko) Version/18.5 Safari/605.1.15"
::1 - - [13/Jul/2025:16:37:29 +0000] "GET /public/uploads/1752314312295Screenshot%202025-07-12%20at%2014.27.18.png HTTP/1.1" 200 1031399 "https://localhost:3001/" "Mozilla/5.0 (Macintosh; Intel Mac OS X 10_15_7) AppleWebKit/605.1.15 (KHTML, like Gecko) Version/18.5 Safari/605.1.15"
::1 - - [13/Jul/2025:16:37:29 +0000] "GET /public/uploads/1752337903925Screenshot%202025-07-12%20at%2014.27.18.png HTTP/1.1" 200 1031399 "https://localhost:3001/" "Mozilla/5.0 (Macintosh; Intel Mac OS X 10_15_7) AppleWebKit/605.1.15 (KHTML, like Gecko) Version/18.5 Safari/605.1.15"
::1 - - [13/Jul/2025:16:37:29 +0000] "GET /public/uploads/1752336738190APPLICATION%20OF%20PASSWORD%20SECURITY%20-%20visual%20selection.png HTTP/1.1" 200 240388 "https://localhost:3001/" "Mozilla/5.0 (Macintosh; Intel Mac OS X 10_15_7) AppleWebKit/605.1.15 (KHTML, like Gecko) Version/18.5 Safari/605.1.15"
::1 - - [13/Jul/2025:16:38:54 +0000] "GET /category?search=&page=1&size=50 HTTP/1.1" 200 789 "https://localhost:3001/" "Mozilla/5.0 (Macintosh; Intel Mac OS X 10_15_7) AppleWebKit/605.1.15 (KHTML, like Gecko) Version/18.5 Safari/605.1.15"
::1 - - [13/Jul/2025:16:38:54 +0000] "GET /property/all?search=&page=1&size=8&price=-1 HTTP/1.1" 200 1265 "https://localhost:3001/" "Mozilla/5.0 (Macintosh; Intel Mac OS X 10_15_7) AppleWebKit/605.1.15 (KHTML, like Gecko) Version/18.5 Safari/605.1.15"
::1 - - [13/Jul/2025:16:38:55 +0000] "GET /public/uploads/1752314312295Screenshot%202025-07-12%20at%2014.27.18.png HTTP/1.1" 200 1031399 "https://localhost:3001/" "Mozilla/5.0 (Macintosh; Intel Mac OS X 10_15_7) AppleWebKit/605.1.15 (KHTML, like Gecko) Version/18.5 Safari/605.1.15"
::1 - - [13/Jul/2025:16:38:55 +0000] "GET /public/uploads/1752337903925Screenshot%202025-07-12%20at%2014.27.18.png HTTP/1.1" 200 1031399 "https://localhost:3001/" "Mozilla/5.0 (Macintosh; Intel Mac OS X 10_15_7) AppleWebKit/605.1.15 (KHTML, like Gecko) Version/18.5 Safari/605.1.15"
::1 - - [13/Jul/2025:16:38:55 +0000] "GET /public/uploads/1752336738190APPLICATION%20OF%20PASSWORD%20SECURITY%20-%20visual%20selection.png HTTP/1.1" 200 240388 "https://localhost:3001/" "Mozilla/5.0 (Macintosh; Intel Mac OS X 10_15_7) AppleWebKit/605.1.15 (KHTML, like Gecko) Version/18.5 Safari/605.1.15"
::1 - - [13/Jul/2025:16:40:18 +0000] "GET /category?search=&page=1&size=50 HTTP/1.1" 200 789 "https://localhost:3001/" "Mozilla/5.0 (Macintosh; Intel Mac OS X 10_15_7) AppleWebKit/605.1.15 (KHTML, like Gecko) Version/18.5 Safari/605.1.15"
::1 - - [13/Jul/2025:16:40:18 +0000] "GET /property/all?search=&page=1&size=8&price=-1 HTTP/1.1" 200 1265 "https://localhost:3001/" "Mozilla/5.0 (Macintosh; Intel Mac OS X 10_15_7) AppleWebKit/605.1.15 (KHTML, like Gecko) Version/18.5 Safari/605.1.15"
::1 - - [13/Jul/2025:16:40:18 +0000] "GET /public/uploads/1752314312295Screenshot%202025-07-12%20at%2014.27.18.png HTTP/1.1" 200 1031399 "https://localhost:3001/" "Mozilla/5.0 (Macintosh; Intel Mac OS X 10_15_7) AppleWebKit/605.1.15 (KHTML, like Gecko) Version/18.5 Safari/605.1.15"
::1 - - [13/Jul/2025:16:40:18 +0000] "GET /public/uploads/1752337903925Screenshot%202025-07-12%20at%2014.27.18.png HTTP/1.1" 200 1031399 "https://localhost:3001/" "Mozilla/5.0 (Macintosh; Intel Mac OS X 10_15_7) AppleWebKit/605.1.15 (KHTML, like Gecko) Version/18.5 Safari/605.1.15"
::1 - - [13/Jul/2025:16:40:18 +0000] "GET /public/uploads/1752336738190APPLICATION%20OF%20PASSWORD%20SECURITY%20-%20visual%20selection.png HTTP/1.1" 200 240388 "https://localhost:3001/" "Mozilla/5.0 (Macintosh; Intel Mac OS X 10_15_7) AppleWebKit/605.1.15 (KHTML, like Gecko) Version/18.5 Safari/605.1.15"
::1 - - [13/Jul/2025:16:40:32 +0000] "GET /category?search=&page=1&size=50 HTTP/1.1" 200 789 "https://localhost:3001/" "Mozilla/5.0 (Macintosh; Intel Mac OS X 10_15_7) AppleWebKit/605.1.15 (KHTML, like Gecko) Version/18.5 Safari/605.1.15"
::1 - - [13/Jul/2025:16:40:32 +0000] "GET /property/all?search=&page=1&size=8&price=-1 HTTP/1.1" 200 1265 "https://localhost:3001/" "Mozilla/5.0 (Macintosh; Intel Mac OS X 10_15_7) AppleWebKit/605.1.15 (KHTML, like Gecko) Version/18.5 Safari/605.1.15"
::1 - - [13/Jul/2025:16:40:32 +0000] "GET /public/uploads/1752314312295Screenshot%202025-07-12%20at%2014.27.18.png HTTP/1.1" 200 1031399 "https://localhost:3001/" "Mozilla/5.0 (Macintosh; Intel Mac OS X 10_15_7) AppleWebKit/605.1.15 (KHTML, like Gecko) Version/18.5 Safari/605.1.15"
::1 - - [13/Jul/2025:16:40:32 +0000] "GET /public/uploads/1752337903925Screenshot%202025-07-12%20at%2014.27.18.png HTTP/1.1" 200 1031399 "https://localhost:3001/" "Mozilla/5.0 (Macintosh; Intel Mac OS X 10_15_7) AppleWebKit/605.1.15 (KHTML, like Gecko) Version/18.5 Safari/605.1.15"
::1 - - [13/Jul/2025:16:40:32 +0000] "GET /public/uploads/1752336738190APPLICATION%20OF%20PASSWORD%20SECURITY%20-%20visual%20selection.png HTTP/1.1" 200 240388 "https://localhost:3001/" "Mozilla/5.0 (Macintosh; Intel Mac OS X 10_15_7) AppleWebKit/605.1.15 (KHTML, like Gecko) Version/18.5 Safari/605.1.15"
::1 - - [13/Jul/2025:16:40:41 +0000] "GET /category?search=&page=1&size=50 HTTP/1.1" 200 789 "https://localhost:3001/" "Mozilla/5.0 (Macintosh; Intel Mac OS X 10_15_7) AppleWebKit/605.1.15 (KHTML, like Gecko) Version/18.5 Safari/605.1.15"
::1 - - [13/Jul/2025:16:40:41 +0000] "GET /property/all?search=&page=1&size=8&price=-1 HTTP/1.1" 200 1265 "https://localhost:3001/" "Mozilla/5.0 (Macintosh; Intel Mac OS X 10_15_7) AppleWebKit/605.1.15 (KHTML, like Gecko) Version/18.5 Safari/605.1.15"
::1 - - [13/Jul/2025:16:40:41 +0000] "GET /public/uploads/1752314312295Screenshot%202025-07-12%20at%2014.27.18.png HTTP/1.1" 200 1031399 "https://localhost:3001/" "Mozilla/5.0 (Macintosh; Intel Mac OS X 10_15_7) AppleWebKit/605.1.15 (KHTML, like Gecko) Version/18.5 Safari/605.1.15"
::1 - - [13/Jul/2025:16:40:41 +0000] "GET /public/uploads/1752337903925Screenshot%202025-07-12%20at%2014.27.18.png HTTP/1.1" 200 1031399 "https://localhost:3001/" "Mozilla/5.0 (Macintosh; Intel Mac OS X 10_15_7) AppleWebKit/605.1.15 (KHTML, like Gecko) Version/18.5 Safari/605.1.15"
::1 - - [13/Jul/2025:16:40:41 +0000] "GET /public/uploads/1752336738190APPLICATION%20OF%20PASSWORD%20SECURITY%20-%20visual%20selection.png HTTP/1.1" 200 240388 "https://localhost:3001/" "Mozilla/5.0 (Macintosh; Intel Mac OS X 10_15_7) AppleWebKit/605.1.15 (KHTML, like Gecko) Version/18.5 Safari/605.1.15"
::1 - - [13/Jul/2025:16:42:29 +0000] "GET /public/uploads/1752314312295Screenshot%202025-07-12%20at%2014.27.18.png HTTP/1.1" 200 1031399 "https://localhost:3001/" "Mozilla/5.0 (Macintosh; Intel Mac OS X 10_15_7) AppleWebKit/605.1.15 (KHTML, like Gecko) Version/18.5 Safari/605.1.15"
::1 - - [13/Jul/2025:16:42:29 +0000] "GET /public/uploads/1752337903925Screenshot%202025-07-12%20at%2014.27.18.png HTTP/1.1" 200 1031399 "https://localhost:3001/" "Mozilla/5.0 (Macintosh; Intel Mac OS X 10_15_7) AppleWebKit/605.1.15 (KHTML, like Gecko) Version/18.5 Safari/605.1.15"
::1 - - [13/Jul/2025:16:42:29 +0000] "GET /public/uploads/1752336738190APPLICATION%20OF%20PASSWORD%20SECURITY%20-%20visual%20selection.png HTTP/1.1" 200 240388 "https://localhost:3001/" "Mozilla/5.0 (Macintosh; Intel Mac OS X 10_15_7) AppleWebKit/605.1.15 (KHTML, like Gecko) Version/18.5 Safari/605.1.15"
::1 - - [13/Jul/2025:16:42:29 +0000] "GET /category?search=&page=1&size=50 HTTP/1.1" 200 789 "https://localhost:3001/" "Mozilla/5.0 (Macintosh; Intel Mac OS X 10_15_7) AppleWebKit/605.1.15 (KHTML, like Gecko) Version/18.5 Safari/605.1.15"
::1 - - [13/Jul/2025:16:42:29 +0000] "GET /property/all?search=&page=1&size=8&price=-1 HTTP/1.1" 200 1265 "https://localhost:3001/" "Mozilla/5.0 (Macintosh; Intel Mac OS X 10_15_7) AppleWebKit/605.1.15 (KHTML, like Gecko) Version/18.5 Safari/605.1.15"
::1 - - [13/Jul/2025:16:44:16 +0000] "GET /public/uploads/1752314312295Screenshot%202025-07-12%20at%2014.27.18.png HTTP/1.1" 200 1031399 "https://localhost:3001/" "Mozilla/5.0 (Macintosh; Intel Mac OS X 10_15_7) AppleWebKit/605.1.15 (KHTML, like Gecko) Version/18.5 Safari/605.1.15"
::1 - - [13/Jul/2025:16:44:16 +0000] "GET /public/uploads/1752337903925Screenshot%202025-07-12%20at%2014.27.18.png HTTP/1.1" 200 1031399 "https://localhost:3001/" "Mozilla/5.0 (Macintosh; Intel Mac OS X 10_15_7) AppleWebKit/605.1.15 (KHTML, like Gecko) Version/18.5 Safari/605.1.15"
::1 - - [13/Jul/2025:16:44:16 +0000] "GET /public/uploads/1752336738190APPLICATION%20OF%20PASSWORD%20SECURITY%20-%20visual%20selection.png HTTP/1.1" 200 240388 "https://localhost:3001/" "Mozilla/5.0 (Macintosh; Intel Mac OS X 10_15_7) AppleWebKit/605.1.15 (KHTML, like Gecko) Version/18.5 Safari/605.1.15"
::1 - - [13/Jul/2025:16:44:16 +0000] "GET /category?search=&page=1&size=50 HTTP/1.1" 200 789 "https://localhost:3001/" "Mozilla/5.0 (Macintosh; Intel Mac OS X 10_15_7) AppleWebKit/605.1.15 (KHTML, like Gecko) Version/18.5 Safari/605.1.15"
::1 - - [13/Jul/2025:16:44:16 +0000] "GET /property/all?search=&page=1&size=8&price=-1 HTTP/1.1" 200 1265 "https://localhost:3001/" "Mozilla/5.0 (Macintosh; Intel Mac OS X 10_15_7) AppleWebKit/605.1.15 (KHTML, like Gecko) Version/18.5 Safari/605.1.15"
::1 - - [13/Jul/2025:16:44:16 +0000] "GET /public/uploads/1752336738190APPLICATION%20OF%20PASSWORD%20SECURITY%20-%20visual%20selection.png HTTP/1.1" 200 240388 "https://localhost:3001/" "Mozilla/5.0 (Macintosh; Intel Mac OS X 10_15_7) AppleWebKit/605.1.15 (KHTML, like Gecko) Version/18.5 Safari/605.1.15"
::1 - - [13/Jul/2025:16:44:16 +0000] "GET /public/uploads/1752314312295Screenshot%202025-07-12%20at%2014.27.18.png HTTP/1.1" 200 1031399 "https://localhost:3001/" "Mozilla/5.0 (Macintosh; Intel Mac OS X 10_15_7) AppleWebKit/605.1.15 (KHTML, like Gecko) Version/18.5 Safari/605.1.15"
::1 - - [13/Jul/2025:16:44:16 +0000] "GET /public/uploads/1752337903925Screenshot%202025-07-12%20at%2014.27.18.png HTTP/1.1" 200 1031399 "https://localhost:3001/" "Mozilla/5.0 (Macintosh; Intel Mac OS X 10_15_7) AppleWebKit/605.1.15 (KHTML, like Gecko) Version/18.5 Safari/605.1.15"
