::1 - - [24/Jul/2025:05:27:12 +0000] "GET /login HTTP/1.1" 404 144 "-" "PostmanRuntime/7.43.3"
::1 - - [24/Jul/2025:05:29:11 +0000] "GET /login HTTP/1.1" 404 144 "-" "PostmanRuntime/7.43.3"
::1 - - [24/Jul/2025:05:29:13 +0000] "GET /login HTTP/1.1" 404 144 "-" "PostmanRuntime/7.43.3"
::1 - - [24/Jul/2025:05:31:52 +0000] "GET /login HTTP/1.1" 404 144 "-" "PostmanRuntime/7.43.3"
::1 - - [24/Jul/2025:05:31:59 +0000] "GET /login HTTP/1.1" 404 144 "-" "PostmanRuntime/7.43.3"
::1 - - [24/Jul/2025:05:40:03 +0000] "GET /login HTTP/1.1" 404 144 "-" "PostmanRuntime/7.43.3"
::1 - - [24/Jul/2025:05:40:39 +0000] "GET /login HTTP/1.1" 404 144 "-" "PostmanRuntime/7.43.3"
::1 - - [24/Jul/2025:05:41:38 +0000] "GET /login HTTP/1.1" 404 144 "-" "PostmanRuntime/7.43.3"
::1 - - [24/Jul/2025:05:42:19 +0000] "POST /login HTTP/1.1" 404 145 "-" "PostmanRuntime/7.43.3"
::1 - - [24/Jul/2025:05:42:24 +0000] "POST /login HTTP/1.1" 404 145 "-" "PostmanRuntime/7.43.3"
::1 - - [24/Jul/2025:05:42:28 +0000] "POST /login HTTP/1.1" 404 145 "-" "PostmanRuntime/7.43.3"
::1 - - [24/Jul/2025:05:45:49 +0000] "POST /users/login HTTP/1.1" 403 72 "-" "PostmanRuntime/7.43.3"
::1 - - [24/Jul/2025:05:49:49 +0000] "POST /users/login HTTP/1.1" 403 72 "-" "PostmanRuntime/7.43.3"
::1 - - [24/Jul/2025:05:49:59 +0000] "POST /users/login HTTP/1.1" 403 72 "-" "PostmanRuntime/7.43.3"
::1 - - [24/Jul/2025:05:50:54 +0000] "POST /users/login HTTP/1.1" 403 72 "-" "PostmanRuntime/7.43.3"
::1 - - [24/Jul/2025:05:51:47 +0000] "POST /users/login HTTP/1.1" 429 95 "-" "PostmanRuntime/7.43.3"
::1 - - [24/Jul/2025:05:51:59 +0000] "POST /users/login HTTP/1.1" 403 72 "-" "PostmanRuntime/7.43.3"
::1 - - [24/Jul/2025:05:54:53 +0000] "POST /users/login HTTP/1.1" 400 54 "-" "PostmanRuntime/7.43.3"
::1 - - [24/Jul/2025:05:55:49 +0000] "POST /users/login HTTP/1.1" - - "-" "PostmanRuntime/7.43.3"
::1 - - [24/Jul/2025:05:55:57 +0000] "POST /users/login HTTP/1.1" 403 72 "-" "PostmanRuntime/7.43.3"
::1 - - [24/Jul/2025:05:56:00 +0000] "POST /users/login HTTP/1.1" 403 72 "-" "PostmanRuntime/7.43.3"
::1 - - [24/Jul/2025:05:56:00 +0000] "POST /users/login HTTP/1.1" 429 95 "-" "PostmanRuntime/7.43.3"
::1 - - [24/Jul/2025:05:56:01 +0000] "POST /users/login HTTP/1.1" 429 95 "-" "PostmanRuntime/7.43.3"
::1 - - [24/Jul/2025:05:56:08 +0000] "POST /users/login HTTP/1.1" 403 72 "-" "PostmanRuntime/7.43.3"
::1 - - [24/Jul/2025:05:57:07 +0000] "POST /users/login HTTP/1.1" 403 72 "-" "PostmanRuntime/7.43.3"
::1 - - [24/Jul/2025:05:57:13 +0000] "POST /users/login HTTP/1.1" 403 72 "-" "PostmanRuntime/7.43.3"
::1 - - [24/Jul/2025:05:58:25 +0000] "POST /users/login HTTP/1.1" 403 72 "-" "PostmanRuntime/7.43.3"
::1 - - [24/Jul/2025:06:36:21 +0000] "GET /category?search=&page=1&size=50 HTTP/1.1" 200 789 "https://localhost:3001/" "Mozilla/5.0 (Macintosh; Intel Mac OS X 10_15_7) AppleWebKit/605.1.15 (KHTML, like Gecko) Version/18.5 Safari/605.1.15"
::1 - - [24/Jul/2025:06:36:21 +0000] "GET /property/all?search=&page=1&size=8&price=-1 HTTP/1.1" 200 1265 "https://localhost:3001/" "Mozilla/5.0 (Macintosh; Intel Mac OS X 10_15_7) AppleWebKit/605.1.15 (KHTML, like Gecko) Version/18.5 Safari/605.1.15"
::1 - - [24/Jul/2025:06:36:21 +0000] "GET /public/uploads/1752314312295Screenshot%202025-07-12%20at%2014.27.18.png HTTP/1.1" 200 1031399 "https://localhost:3001/" "Mozilla/5.0 (Macintosh; Intel Mac OS X 10_15_7) AppleWebKit/605.1.15 (KHTML, like Gecko) Version/18.5 Safari/605.1.15"
::1 - - [24/Jul/2025:06:36:21 +0000] "GET /public/uploads/1752337903925Screenshot%202025-07-12%20at%2014.27.18.png HTTP/1.1" 200 1031399 "https://localhost:3001/" "Mozilla/5.0 (Macintosh; Intel Mac OS X 10_15_7) AppleWebKit/605.1.15 (KHTML, like Gecko) Version/18.5 Safari/605.1.15"
::1 - - [24/Jul/2025:06:36:21 +0000] "GET /public/uploads/1752336738190APPLICATION%20OF%20PASSWORD%20SECURITY%20-%20visual%20selection.png HTTP/1.1" 200 240388 "https://localhost:3001/" "Mozilla/5.0 (Macintosh; Intel Mac OS X 10_15_7) AppleWebKit/605.1.15 (KHTML, like Gecko) Version/18.5 Safari/605.1.15"
::1 - - [24/Jul/2025:06:36:24 +0000] "GET //api/csrf-token HTTP/1.1" 404 154 "https://localhost:3001/" "Mozilla/5.0 (Macintosh; Intel Mac OS X 10_15_7) AppleWebKit/605.1.15 (KHTML, like Gecko) Version/18.5 Safari/605.1.15"
::1 - - [24/Jul/2025:06:36:25 +0000] "GET //api/csrf-token HTTP/1.1" 404 154 "https://localhost:3001/" "Mozilla/5.0 (Macintosh; Intel Mac OS X 10_15_7) AppleWebKit/605.1.15 (KHTML, like Gecko) Version/18.5 Safari/605.1.15"
::1 - - [24/Jul/2025:06:36:38 +0000] "GET //api/csrf-token HTTP/1.1" 404 154 "https://localhost:3001/" "Mozilla/5.0 (Macintosh; Intel Mac OS X 10_15_7) AppleWebKit/605.1.15 (KHTML, like Gecko) Version/18.5 Safari/605.1.15"
::1 - - [24/Jul/2025:06:44:00 +0000] "GET /category?search=&page=1&size=50 HTTP/1.1" 200 789 "https://localhost:3001/" "Mozilla/5.0 (Macintosh; Intel Mac OS X 10_15_7) AppleWebKit/605.1.15 (KHTML, like Gecko) Version/18.5 Safari/605.1.15"
::1 - - [24/Jul/2025:06:44:00 +0000] "GET /property/all?search=&page=1&size=8&price=-1 HTTP/1.1" 200 1265 "https://localhost:3001/" "Mozilla/5.0 (Macintosh; Intel Mac OS X 10_15_7) AppleWebKit/605.1.15 (KHTML, like Gecko) Version/18.5 Safari/605.1.15"
::1 - - [24/Jul/2025:06:44:03 +0000] "GET /category?search=&page=1&size=50 HTTP/1.1" 200 789 "https://localhost:3001/" "Mozilla/5.0 (Macintosh; Intel Mac OS X 10_15_7) AppleWebKit/605.1.15 (KHTML, like Gecko) Version/18.5 Safari/605.1.15"
::1 - - [24/Jul/2025:06:44:03 +0000] "GET /property/all?search=&page=1&size=8&price=-1 HTTP/1.1" 200 1265 "https://localhost:3001/" "Mozilla/5.0 (Macintosh; Intel Mac OS X 10_15_7) AppleWebKit/605.1.15 (KHTML, like Gecko) Version/18.5 Safari/605.1.15"
::1 - - [24/Jul/2025:07:08:01 +0000] "GET /category?search=&page=1&size=50 HTTP/1.1" 200 789 "https://localhost:3001/" "Mozilla/5.0 (Macintosh; Intel Mac OS X 10_15_7) AppleWebKit/605.1.15 (KHTML, like Gecko) Version/18.5 Safari/605.1.15"
::1 - - [24/Jul/2025:07:08:02 +0000] "GET /property/all?search=&page=1&size=8&price=-1 HTTP/1.1" 200 1265 "https://localhost:3001/" "Mozilla/5.0 (Macintosh; Intel Mac OS X 10_15_7) AppleWebKit/605.1.15 (KHTML, like Gecko) Version/18.5 Safari/605.1.15"
::1 - - [24/Jul/2025:07:08:05 +0000] "GET /category?search=&page=1&size=50 HTTP/1.1" 200 789 "https://localhost:3001/" "Mozilla/5.0 (Macintosh; Intel Mac OS X 10_15_7) AppleWebKit/605.1.15 (KHTML, like Gecko) Version/18.5 Safari/605.1.15"
::1 - - [24/Jul/2025:07:08:05 +0000] "GET /property/all?search=&page=1&size=8&price=-1 HTTP/1.1" 200 1265 "https://localhost:3001/" "Mozilla/5.0 (Macintosh; Intel Mac OS X 10_15_7) AppleWebKit/605.1.15 (KHTML, like Gecko) Version/18.5 Safari/605.1.15"
::1 - - [24/Jul/2025:07:08:06 +0000] "GET /category?search=&page=1&size=50 HTTP/1.1" 200 789 "https://localhost:3001/" "Mozilla/5.0 (Macintosh; Intel Mac OS X 10_15_7) AppleWebKit/605.1.15 (KHTML, like Gecko) Version/18.5 Safari/605.1.15"
::1 - - [24/Jul/2025:07:08:06 +0000] "GET /property/all?search=&page=1&size=8&price=-1 HTTP/1.1" 200 1265 "https://localhost:3001/" "Mozilla/5.0 (Macintosh; Intel Mac OS X 10_15_7) AppleWebKit/605.1.15 (KHTML, like Gecko) Version/18.5 Safari/605.1.15"
::1 - - [24/Jul/2025:07:08:22 +0000] "GET /category?search=&page=1&size=50 HTTP/1.1" 200 789 "https://localhost:3001/" "Mozilla/5.0 (Macintosh; Intel Mac OS X 10_15_7) AppleWebKit/605.1.15 (KHTML, like Gecko) Version/18.5 Safari/605.1.15"
::1 - - [24/Jul/2025:07:08:22 +0000] "GET /property/all?search=&page=1&size=8&price=-1 HTTP/1.1" 200 1265 "https://localhost:3001/" "Mozilla/5.0 (Macintosh; Intel Mac OS X 10_15_7) AppleWebKit/605.1.15 (KHTML, like Gecko) Version/18.5 Safari/605.1.15"
::1 - - [24/Jul/2025:13:58:18 +0000] "GET / HTTP/1.1" 404 139 "-" "Mozilla/5.0 (Macintosh; Intel Mac OS X 10_15_7) AppleWebKit/537.36 (KHTML, like Gecko) Chrome/138.0.0.0 Safari/537.36"
::1 - - [24/Jul/2025:15:23:00 +0000] "GET /favicon.ico HTTP/1.1" 404 150 "-" "Mozilla/5.0 (Macintosh; Intel Mac OS X 10_15_7) AppleWebKit/537.36 (KHTML, like Gecko) Chrome/138.0.0.0 Safari/537.36"
::1 - - [24/Jul/2025:16:22:36 +0000] "GET /api HTTP/1.1" 301 153 "-" "Mozilla/5.0 (Macintosh; Intel Mac OS X 10_15_7) AppleWebKit/605.1.15 (KHTML, like Gecko) Version/18.5 Safari/605.1.15"
::1 - - [24/Jul/2025:16:22:36 +0000] "GET /api/ HTTP/1.1" 404 143 "-" "Mozilla/5.0 (Macintosh; Intel Mac OS X 10_15_7) AppleWebKit/605.1.15 (KHTML, like Gecko) Version/18.5 Safari/605.1.15"
::1 - - [24/Jul/2025:16:22:42 +0000] "GET / HTTP/1.1" 404 139 "-" "Mozilla/5.0 (Macintosh; Intel Mac OS X 10_15_7) AppleWebKit/605.1.15 (KHTML, like Gecko) Version/18.5 Safari/605.1.15"
::1 - - [24/Jul/2025:16:33:57 +0000] "GET /category?search=&page=1&size=50 HTTP/1.1" 200 789 "https://localhost:3001/" "Mozilla/5.0 (Macintosh; Intel Mac OS X 10_15_7) AppleWebKit/605.1.15 (KHTML, like Gecko) Version/18.5 Safari/605.1.15"
::1 - - [24/Jul/2025:16:33:57 +0000] "GET /property/all?search=&page=1&size=8&price=-1 HTTP/1.1" 200 1265 "https://localhost:3001/" "Mozilla/5.0 (Macintosh; Intel Mac OS X 10_15_7) AppleWebKit/605.1.15 (KHTML, like Gecko) Version/18.5 Safari/605.1.15"
::1 - - [24/Jul/2025:16:33:59 +0000] "GET /property/all?page=1&size=50&price=&category=686fe8918c1d21bde54c546a&date= HTTP/1.1" 200 485 "https://localhost:3001/" "Mozilla/5.0 (Macintosh; Intel Mac OS X 10_15_7) AppleWebKit/605.1.15 (KHTML, like Gecko) Version/18.5 Safari/605.1.15"
::1 - - [24/Jul/2025:16:33:59 +0000] "GET /category?search=&page=1&size=50 HTTP/1.1" 200 789 "https://localhost:3001/" "Mozilla/5.0 (Macintosh; Intel Mac OS X 10_15_7) AppleWebKit/605.1.15 (KHTML, like Gecko) Version/18.5 Safari/605.1.15"
::1 - - [24/Jul/2025:16:40:12 +0000] "GET /category?search=&page=1&size=50 HTTP/1.1" 200 789 "https://localhost:3001/" "Mozilla/5.0 (Macintosh; Intel Mac OS X 10_15_7) AppleWebKit/605.1.15 (KHTML, like Gecko) Version/18.5 Safari/605.1.15"
::1 - - [24/Jul/2025:16:40:12 +0000] "GET /property/all?search=&page=1&size=8&price=-1 HTTP/1.1" 200 1265 "https://localhost:3001/" "Mozilla/5.0 (Macintosh; Intel Mac OS X 10_15_7) AppleWebKit/605.1.15 (KHTML, like Gecko) Version/18.5 Safari/605.1.15"
::1 - - [24/Jul/2025:16:40:15 +0000] "GET /category?search=&page=1&size=50 HTTP/1.1" 200 789 "https://localhost:3001/" "Mozilla/5.0 (Macintosh; Intel Mac OS X 10_15_7) AppleWebKit/605.1.15 (KHTML, like Gecko) Version/18.5 Safari/605.1.15"
::1 - - [24/Jul/2025:16:40:15 +0000] "GET /property/all?page=1&size=50&price=&category=686fe8918c1d21bde54c546a&date= HTTP/1.1" 200 485 "https://localhost:3001/" "Mozilla/5.0 (Macintosh; Intel Mac OS X 10_15_7) AppleWebKit/605.1.15 (KHTML, like Gecko) Version/18.5 Safari/605.1.15"
::1 - - [24/Jul/2025:16:40:27 +0000] "GET /property/all?page=1&size=50&price=&category=686fe8818c1d21bde54c5459&date= HTTP/1.1" 200 101 "https://localhost:3001/" "Mozilla/5.0 (Macintosh; Intel Mac OS X 10_15_7) AppleWebKit/605.1.15 (KHTML, like Gecko) Version/18.5 Safari/605.1.15"
::1 - - [24/Jul/2025:16:40:32 +0000] "GET /property/all?search=&page=1&size=50&price=&date= HTTP/1.1" 200 1266 "https://localhost:3001/" "Mozilla/5.0 (Macintosh; Intel Mac OS X 10_15_7) AppleWebKit/605.1.15 (KHTML, like Gecko) Version/18.5 Safari/605.1.15"
::1 - - [24/Jul/2025:16:41:09 +0000] "GET /category?search=&page=1&size=50 HTTP/1.1" 200 789 "https://localhost:3001/" "Mozilla/5.0 (Macintosh; Intel Mac OS X 10_15_7) AppleWebKit/605.1.15 (KHTML, like Gecko) Version/18.5 Safari/605.1.15"
::1 - - [24/Jul/2025:16:41:09 +0000] "GET /property/all?search=&page=1&size=8&price=-1 HTTP/1.1" 200 1265 "https://localhost:3001/" "Mozilla/5.0 (Macintosh; Intel Mac OS X 10_15_7) AppleWebKit/605.1.15 (KHTML, like Gecko) Version/18.5 Safari/605.1.15"
::1 - - [24/Jul/2025:16:41:11 +0000] "GET /category?search=&page=1&size=50 HTTP/1.1" 200 789 "https://localhost:3001/" "Mozilla/5.0 (Macintosh; Intel Mac OS X 10_15_7) AppleWebKit/605.1.15 (KHTML, like Gecko) Version/18.5 Safari/605.1.15"
::1 - - [24/Jul/2025:16:41:11 +0000] "GET /property/all?search=&page=1&size=8&price=-1 HTTP/1.1" 200 1265 "https://localhost:3001/" "Mozilla/5.0 (Macintosh; Intel Mac OS X 10_15_7) AppleWebKit/605.1.15 (KHTML, like Gecko) Version/18.5 Safari/605.1.15"
::1 - - [24/Jul/2025:16:44:30 +0000] "GET /category?search=&page=1&size=50 HTTP/1.1" 200 789 "https://localhost:3001/" "Mozilla/5.0 (Macintosh; Intel Mac OS X 10_15_7) AppleWebKit/605.1.15 (KHTML, like Gecko) Version/18.5 Safari/605.1.15"
::1 - - [24/Jul/2025:16:44:30 +0000] "GET /property/all?search=&page=1&size=8&price=-1 HTTP/1.1" 200 1265 "https://localhost:3001/" "Mozilla/5.0 (Macintosh; Intel Mac OS X 10_15_7) AppleWebKit/605.1.15 (KHTML, like Gecko) Version/18.5 Safari/605.1.15"
::1 - - [24/Jul/2025:16:44:34 +0000] "GET /category?search=&page=1&size=50 HTTP/1.1" 200 789 "https://localhost:3001/" "Mozilla/5.0 (Macintosh; Intel Mac OS X 10_15_7) AppleWebKit/605.1.15 (KHTML, like Gecko) Version/18.5 Safari/605.1.15"
::1 - - [24/Jul/2025:16:44:34 +0000] "GET /category?search=&page=1&size=50 HTTP/1.1" 200 789 "https://localhost:3001/" "Mozilla/5.0 (Macintosh; Intel Mac OS X 10_15_7) AppleWebKit/605.1.15 (KHTML, like Gecko) Version/18.5 Safari/605.1.15"
::1 - - [24/Jul/2025:16:44:34 +0000] "GET /property/all?search=&page=1&size=8&price=-1 HTTP/1.1" 200 1265 "https://localhost:3001/" "Mozilla/5.0 (Macintosh; Intel Mac OS X 10_15_7) AppleWebKit/605.1.15 (KHTML, like Gecko) Version/18.5 Safari/605.1.15"
::1 - - [24/Jul/2025:16:47:31 +0000] "GET /category?search=&page=1&size=50 HTTP/1.1" 200 789 "https://localhost:3001/" "Mozilla/5.0 (Macintosh; Intel Mac OS X 10_15_7) AppleWebKit/605.1.15 (KHTML, like Gecko) Version/18.5 Safari/605.1.15"
::1 - - [24/Jul/2025:16:47:31 +0000] "GET /property/all?search=&page=1&size=8&price=-1 HTTP/1.1" 200 1265 "https://localhost:3001/" "Mozilla/5.0 (Macintosh; Intel Mac OS X 10_15_7) AppleWebKit/605.1.15 (KHTML, like Gecko) Version/18.5 Safari/605.1.15"
::1 - - [24/Jul/2025:16:56:03 +0000] "GET /users/my-profile/ HTTP/1.1" 401 49 "https://localhost:3001/" "Mozilla/5.0 (Macintosh; Intel Mac OS X 10_15_7) AppleWebKit/605.1.15 (KHTML, like Gecko) Version/18.5 Safari/605.1.15"
::1 - - [24/Jul/2025:16:56:03 +0000] "GET /carts/my-order/ HTTP/1.1" 401 49 "https://localhost:3001/" "Mozilla/5.0 (Macintosh; Intel Mac OS X 10_15_7) AppleWebKit/605.1.15 (KHTML, like Gecko) Version/18.5 Safari/605.1.15"
::1 - - [24/Jul/2025:16:56:12 +0000] "GET /users/my-profile/ HTTP/1.1" 401 49 "https://localhost:3001/" "Mozilla/5.0 (Macintosh; Intel Mac OS X 10_15_7) AppleWebKit/605.1.15 (KHTML, like Gecko) Version/18.5 Safari/605.1.15"
::1 - - [24/Jul/2025:16:56:12 +0000] "GET /category?search=&page=1&size=50 HTTP/1.1" 200 789 "https://localhost:3001/" "Mozilla/5.0 (Macintosh; Intel Mac OS X 10_15_7) AppleWebKit/605.1.15 (KHTML, like Gecko) Version/18.5 Safari/605.1.15"
::1 - - [24/Jul/2025:16:56:12 +0000] "GET /carts/my-order/ HTTP/1.1" 401 49 "https://localhost:3001/" "Mozilla/5.0 (Macintosh; Intel Mac OS X 10_15_7) AppleWebKit/605.1.15 (KHTML, like Gecko) Version/18.5 Safari/605.1.15"
::1 - - [24/Jul/2025:16:56:13 +0000] "GET /category?search=&page=1&size=50 HTTP/1.1" 200 789 "https://localhost:3001/" "Mozilla/5.0 (Macintosh; Intel Mac OS X 10_15_7) AppleWebKit/605.1.15 (KHTML, like Gecko) Version/18.5 Safari/605.1.15"
::1 - - [24/Jul/2025:16:56:13 +0000] "GET /property/all?search=&page=1&size=8&price=-1 HTTP/1.1" 200 1265 "https://localhost:3001/" "Mozilla/5.0 (Macintosh; Intel Mac OS X 10_15_7) AppleWebKit/605.1.15 (KHTML, like Gecko) Version/18.5 Safari/605.1.15"
::1 - - [24/Jul/2025:16:56:17 +0000] "GET /category?search=&page=1&size=50 HTTP/1.1" 200 789 "https://localhost:3001/" "Mozilla/5.0 (Macintosh; Intel Mac OS X 10_15_7) AppleWebKit/605.1.15 (KHTML, like Gecko) Version/18.5 Safari/605.1.15"
::1 - - [24/Jul/2025:16:56:17 +0000] "GET /property/all?search=&page=1&size=8&price=-1 HTTP/1.1" 200 1265 "https://localhost:3001/" "Mozilla/5.0 (Macintosh; Intel Mac OS X 10_15_7) AppleWebKit/605.1.15 (KHTML, like Gecko) Version/18.5 Safari/605.1.15"
::1 - - [24/Jul/2025:16:56:17 +0000] "GET /category?search=&page=1&size=50 HTTP/1.1" 200 789 "https://localhost:3001/" "Mozilla/5.0 (Macintosh; Intel Mac OS X 10_15_7) AppleWebKit/605.1.15 (KHTML, like Gecko) Version/18.5 Safari/605.1.15"
::1 - - [24/Jul/2025:16:56:17 +0000] "GET /property/all?search=&page=1&size=8&price=-1 HTTP/1.1" 200 1265 "https://localhost:3001/" "Mozilla/5.0 (Macintosh; Intel Mac OS X 10_15_7) AppleWebKit/605.1.15 (KHTML, like Gecko) Version/18.5 Safari/605.1.15"
::1 - - [24/Jul/2025:16:56:18 +0000] "GET /category?search=&page=1&size=50 HTTP/1.1" 200 789 "https://localhost:3001/" "Mozilla/5.0 (Macintosh; Intel Mac OS X 10_15_7) AppleWebKit/605.1.15 (KHTML, like Gecko) Version/18.5 Safari/605.1.15"
::1 - - [24/Jul/2025:16:56:18 +0000] "GET /property/all?search=&page=1&size=8&price=-1 HTTP/1.1" 200 1265 "https://localhost:3001/" "Mozilla/5.0 (Macintosh; Intel Mac OS X 10_15_7) AppleWebKit/605.1.15 (KHTML, like Gecko) Version/18.5 Safari/605.1.15"
::1 - - [24/Jul/2025:16:56:38 +0000] "GET /category?search=&page=1&size=50 HTTP/1.1" 200 789 "https://localhost:3001/" "Mozilla/5.0 (Macintosh; Intel Mac OS X 10_15_7) AppleWebKit/605.1.15 (KHTML, like Gecko) Version/18.5 Safari/605.1.15"
::1 - - [24/Jul/2025:16:56:38 +0000] "GET /property/all?search=&page=1&size=8&price=-1 HTTP/1.1" 200 1265 "https://localhost:3001/" "Mozilla/5.0 (Macintosh; Intel Mac OS X 10_15_7) AppleWebKit/605.1.15 (KHTML, like Gecko) Version/18.5 Safari/605.1.15"
::1 - - [24/Jul/2025:16:56:44 +0000] "GET /category?search=&page=1&size=50 HTTP/1.1" 200 789 "https://localhost:3001/" "Mozilla/5.0 (Macintosh; Intel Mac OS X 10_15_7) AppleWebKit/605.1.15 (KHTML, like Gecko) Version/18.5 Safari/605.1.15"
::1 - - [24/Jul/2025:16:56:53 +0000] "GET /category?search=&page=1&size=50 HTTP/1.1" 200 789 "https://localhost:3001/" "Mozilla/5.0 (Macintosh; Intel Mac OS X 10_15_7) AppleWebKit/605.1.15 (KHTML, like Gecko) Version/18.5 Safari/605.1.15"
::1 - - [24/Jul/2025:16:57:37 +0000] "GET /category?search=&page=1&size=50 HTTP/1.1" 200 789 "https://localhost:3001/" "Mozilla/5.0 (Macintosh; Intel Mac OS X 10_15_7) AppleWebKit/605.1.15 (KHTML, like Gecko) Version/18.5 Safari/605.1.15"
::1 - - [24/Jul/2025:17:00:43 +0000] "GET /category?search=&page=1&size=50 HTTP/1.1" 200 789 "https://localhost:3001/" "Mozilla/5.0 (Macintosh; Intel Mac OS X 10_15_7) AppleWebKit/605.1.15 (KHTML, like Gecko) Version/18.5 Safari/605.1.15"
::1 - - [24/Jul/2025:17:05:29 +0000] "GET /category?search=&page=1&size=50 HTTP/1.1" 200 789 "https://localhost:3001/" "Mozilla/5.0 (Macintosh; Intel Mac OS X 10_15_7) AppleWebKit/605.1.15 (KHTML, like Gecko) Version/18.5 Safari/605.1.15"
::1 - - [24/Jul/2025:17:14:11 +0000] "GET /category?search=&page=1&size=50 HTTP/1.1" 200 789 "https://localhost:3001/" "Mozilla/5.0 (Macintosh; Intel Mac OS X 10_15_7) AppleWebKit/605.1.15 (KHTML, like Gecko) Version/18.5 Safari/605.1.15"
::1 - - [24/Jul/2025:17:14:36 +0000] "POST /users/login HTTP/1.1" 500 80 "https://localhost:3001/" "Mozilla/5.0 (Macintosh; Intel Mac OS X 10_15_7) AppleWebKit/605.1.15 (KHTML, like Gecko) Version/18.5 Safari/605.1.15"
::1 - - [24/Jul/2025:17:15:54 +0000] "POST /users/login HTTP/1.1" 200 642 "https://localhost:3001/" "Mozilla/5.0 (Macintosh; Intel Mac OS X 10_15_7) AppleWebKit/605.1.15 (KHTML, like Gecko) Version/18.5 Safari/605.1.15"
::1 - - [24/Jul/2025:17:15:54 +0000] "GET /category?search=&page=1&size=50 HTTP/1.1" 200 789 "https://localhost:3001/" "Mozilla/5.0 (Macintosh; Intel Mac OS X 10_15_7) AppleWebKit/605.1.15 (KHTML, like Gecko) Version/18.5 Safari/605.1.15"
::1 - - [24/Jul/2025:17:15:54 +0000] "GET /property/all?search=&page=1&size=8&price=-1 HTTP/1.1" 200 1265 "https://localhost:3001/" "Mozilla/5.0 (Macintosh; Intel Mac OS X 10_15_7) AppleWebKit/605.1.15 (KHTML, like Gecko) Version/18.5 Safari/605.1.15"
::1 - - [24/Jul/2025:17:16:30 +0000] "GET /category?search=&page=1&size=50 HTTP/1.1" 200 789 "https://localhost:3001/" "Mozilla/5.0 (Macintosh; Intel Mac OS X 10_15_7) AppleWebKit/605.1.15 (KHTML, like Gecko) Version/18.5 Safari/605.1.15"
::1 - - [24/Jul/2025:17:16:30 +0000] "GET /property/all?page=1&size=50&price=&category=686fe8918c1d21bde54c546a&date= HTTP/1.1" 200 485 "https://localhost:3001/" "Mozilla/5.0 (Macintosh; Intel Mac OS X 10_15_7) AppleWebKit/605.1.15 (KHTML, like Gecko) Version/18.5 Safari/605.1.15"
::1 - - [24/Jul/2025:17:16:42 +0000] "GET /category?search=&page=1&size=50 HTTP/1.1" 200 789 "https://localhost:3001/" "Mozilla/5.0 (Macintosh; Intel Mac OS X 10_15_7) AppleWebKit/605.1.15 (KHTML, like Gecko) Version/18.5 Safari/605.1.15"
::1 - - [24/Jul/2025:17:16:42 +0000] "GET /property/all?search=&page=1&size=8&price=-1 HTTP/1.1" 200 1265 "https://localhost:3001/" "Mozilla/5.0 (Macintosh; Intel Mac OS X 10_15_7) AppleWebKit/605.1.15 (KHTML, like Gecko) Version/18.5 Safari/605.1.15"
::1 - - [24/Jul/2025:17:16:45 +0000] "GET /property/sgaar_4229 HTTP/1.1" 200 433 "https://localhost:3001/" "Mozilla/5.0 (Macintosh; Intel Mac OS X 10_15_7) AppleWebKit/605.1.15 (KHTML, like Gecko) Version/18.5 Safari/605.1.15"
::1 - - [24/Jul/2025:17:16:45 +0000] "GET /reviews/687231c823e0d1c7affd6b2f?page=1&size=999 HTTP/1.1" 200 44 "https://localhost:3001/" "Mozilla/5.0 (Macintosh; Intel Mac OS X 10_15_7) AppleWebKit/605.1.15 (KHTML, like Gecko) Version/18.5 Safari/605.1.15"
::1 - - [24/Jul/2025:17:20:44 +0000] "GET /category?search=&page=1&size=50 HTTP/1.1" 200 789 "https://localhost:3001/" "Mozilla/5.0 (Macintosh; Intel Mac OS X 10_15_7) AppleWebKit/605.1.15 (KHTML, like Gecko) Version/18.5 Safari/605.1.15"
::1 - - [24/Jul/2025:17:20:48 +0000] "POST /users/logout HTTP/1.1" 200 42 "https://localhost:3001/" "Mozilla/5.0 (Macintosh; Intel Mac OS X 10_15_7) AppleWebKit/605.1.15 (KHTML, like Gecko) Version/18.5 Safari/605.1.15"
::1 - - [24/Jul/2025:17:20:49 +0000] "GET /category?search=&page=1&size=50 HTTP/1.1" 200 789 "https://localhost:3001/" "Mozilla/5.0 (Macintosh; Intel Mac OS X 10_15_7) AppleWebKit/605.1.15 (KHTML, like Gecko) Version/18.5 Safari/605.1.15"
::1 - - [24/Jul/2025:17:20:59 +0000] "GET /category?search=&page=1&size=50 HTTP/1.1" 200 789 "https://localhost:3001/" "Mozilla/5.0 (Macintosh; Intel Mac OS X 10_15_7) AppleWebKit/605.1.15 (KHTML, like Gecko) Version/18.5 Safari/605.1.15"
::1 - - [24/Jul/2025:17:21:17 +0000] "POST /users/login HTTP/1.1" 200 642 "https://localhost:3001/" "Mozilla/5.0 (Macintosh; Intel Mac OS X 10_15_7) AppleWebKit/605.1.15 (KHTML, like Gecko) Version/18.5 Safari/605.1.15"
::1 - - [24/Jul/2025:17:21:17 +0000] "GET /category?search=&page=1&size=50 HTTP/1.1" 200 789 "https://localhost:3001/" "Mozilla/5.0 (Macintosh; Intel Mac OS X 10_15_7) AppleWebKit/605.1.15 (KHTML, like Gecko) Version/18.5 Safari/605.1.15"
::1 - - [24/Jul/2025:17:21:17 +0000] "GET /property/all?search=&page=1&size=8&price=-1 HTTP/1.1" 200 1265 "https://localhost:3001/" "Mozilla/5.0 (Macintosh; Intel Mac OS X 10_15_7) AppleWebKit/605.1.15 (KHTML, like Gecko) Version/18.5 Safari/605.1.15"
::1 - - [24/Jul/2025:17:21:24 +0000] "GET /category?search=&page=1&size=50 HTTP/1.1" 200 789 "https://localhost:3001/" "Mozilla/5.0 (Macintosh; Intel Mac OS X 10_15_7) AppleWebKit/605.1.15 (KHTML, like Gecko) Version/18.5 Safari/605.1.15"
::1 - - [24/Jul/2025:17:21:24 +0000] "GET /property/all?search=&page=1&size=8&price=-1 HTTP/1.1" 200 1265 "https://localhost:3001/" "Mozilla/5.0 (Macintosh; Intel Mac OS X 10_15_7) AppleWebKit/605.1.15 (KHTML, like Gecko) Version/18.5 Safari/605.1.15"
::1 - - [24/Jul/2025:17:21:35 +0000] "GET /category?search=&page=1&size=50 HTTP/1.1" 200 789 "https://localhost:3001/" "Mozilla/5.0 (Macintosh; Intel Mac OS X 10_15_7) AppleWebKit/605.1.15 (KHTML, like Gecko) Version/18.5 Safari/605.1.15"
::1 - - [24/Jul/2025:17:21:35 +0000] "GET /property/all?page=1&size=50&price=&date= HTTP/1.1" 200 1266 "https://localhost:3001/" "Mozilla/5.0 (Macintosh; Intel Mac OS X 10_15_7) AppleWebKit/605.1.15 (KHTML, like Gecko) Version/18.5 Safari/605.1.15"
