::1 - - [25/Jul/2025:06:40:39 +0000] "GET /category?search=&page=1&size=50 HTTP/1.1" 200 789 "https://localhost:3001/" "Mozilla/5.0 (Macintosh; Intel Mac OS X 10_15_7) AppleWebKit/605.1.15 (KHTML, like Gecko) Version/18.5 Safari/605.1.15"
::1 - - [25/Jul/2025:06:40:40 +0000] "GET /property/all?page=1&size=50&price=&date= HTTP/1.1" 200 1266 "https://localhost:3001/" "Mozilla/5.0 (Macintosh; Intel Mac OS X 10_15_7) AppleWebKit/605.1.15 (KHTML, like Gecko) Version/18.5 Safari/605.1.15"
::1 - - [25/Jul/2025:06:40:48 +0000] "POST /users/logout HTTP/1.1" 200 42 "https://localhost:3001/" "Mozilla/5.0 (Macintosh; Intel Mac OS X 10_15_7) AppleWebKit/605.1.15 (KHTML, like Gecko) Version/18.5 Safari/605.1.15"
::1 - - [25/Jul/2025:06:40:48 +0000] "GET /category?search=&page=1&size=50 HTTP/1.1" 200 789 "https://localhost:3001/" "Mozilla/5.0 (Macintosh; Intel Mac OS X 10_15_7) AppleWebKit/605.1.15 (KHTML, like Gecko) Version/18.5 Safari/605.1.15"
::1 - - [25/Jul/2025:06:40:55 +0000] "GET /category?search=&page=1&size=50 HTTP/1.1" 200 789 "https://localhost:3001/" "Mozilla/5.0 (Macintosh; Intel Mac OS X 10_15_7) AppleWebKit/605.1.15 (KHTML, like Gecko) Version/18.5 Safari/605.1.15"
::1 - - [25/Jul/2025:06:41:11 +0000] "POST /users/login HTTP/1.1" 400 54 "https://localhost:3001/" "Mozilla/5.0 (Macintosh; Intel Mac OS X 10_15_7) AppleWebKit/605.1.15 (KHTML, like Gecko) Version/18.5 Safari/605.1.15"
::1 - - [25/Jul/2025:06:41:20 +0000] "POST /users/login HTTP/1.1" 400 54 "https://localhost:3001/" "Mozilla/5.0 (Macintosh; Intel Mac OS X 10_15_7) AppleWebKit/605.1.15 (KHTML, like Gecko) Version/18.5 Safari/605.1.15"
::1 - - [25/Jul/2025:06:42:20 +0000] "POST /users/login HTTP/1.1" 200 641 "https://localhost:3001/" "Mozilla/5.0 (Macintosh; Intel Mac OS X 10_15_7) AppleWebKit/605.1.15 (KHTML, like Gecko) Version/18.5 Safari/605.1.15"
::1 - - [25/Jul/2025:06:42:20 +0000] "GET /category?search=&page=1&size=50 HTTP/1.1" 200 789 "https://localhost:3001/" "Mozilla/5.0 (Macintosh; Intel Mac OS X 10_15_7) AppleWebKit/605.1.15 (KHTML, like Gecko) Version/18.5 Safari/605.1.15"
::1 - - [25/Jul/2025:06:42:20 +0000] "GET /property/all?search=&page=1&size=8&price=-1 HTTP/1.1" 200 1265 "https://localhost:3001/" "Mozilla/5.0 (Macintosh; Intel Mac OS X 10_15_7) AppleWebKit/605.1.15 (KHTML, like Gecko) Version/18.5 Safari/605.1.15"
::1 - - [25/Jul/2025:06:48:27 +0000] "GET /category?search=&page=1&size=50 HTTP/1.1" 200 789 "https://localhost:3001/" "Mozilla/5.0 (Macintosh; Intel Mac OS X 10_15_7) AppleWebKit/605.1.15 (KHTML, like Gecko) Version/18.5 Safari/605.1.15"
::1 - - [25/Jul/2025:06:48:27 +0000] "GET /property/all?search=&page=1&size=8&price=-1 HTTP/1.1" 200 1265 "https://localhost:3001/" "Mozilla/5.0 (Macintosh; Intel Mac OS X 10_15_7) AppleWebKit/605.1.15 (KHTML, like Gecko) Version/18.5 Safari/605.1.15"
::1 - - [25/Jul/2025:06:52:51 +0000] "GET /category?search=&page=1&size=50 HTTP/1.1" 200 789 "https://localhost:3001/" "Mozilla/5.0 (Macintosh; Intel Mac OS X 10_15_7) AppleWebKit/605.1.15 (KHTML, like Gecko) Version/18.5 Safari/605.1.15"
::1 - - [25/Jul/2025:06:52:51 +0000] "GET /property/all?search=&page=1&size=8&price=-1 HTTP/1.1" 200 1265 "https://localhost:3001/" "Mozilla/5.0 (Macintosh; Intel Mac OS X 10_15_7) AppleWebKit/605.1.15 (KHTML, like Gecko) Version/18.5 Safari/605.1.15"
::1 - - [25/Jul/2025:06:52:58 +0000] "POST /users/logout HTTP/1.1" 200 42 "https://localhost:3001/" "Mozilla/5.0 (Macintosh; Intel Mac OS X 10_15_7) AppleWebKit/605.1.15 (KHTML, like Gecko) Version/18.5 Safari/605.1.15"
::1 - - [25/Jul/2025:06:52:59 +0000] "GET /category?search=&page=1&size=50 HTTP/1.1" 200 789 "https://localhost:3001/" "Mozilla/5.0 (Macintosh; Intel Mac OS X 10_15_7) AppleWebKit/605.1.15 (KHTML, like Gecko) Version/18.5 Safari/605.1.15"
::1 - - [25/Jul/2025:06:53:00 +0000] "GET /category?search=&page=1&size=50 HTTP/1.1" 200 789 "https://localhost:3001/" "Mozilla/5.0 (Macintosh; Intel Mac OS X 10_15_7) AppleWebKit/605.1.15 (KHTML, like Gecko) Version/18.5 Safari/605.1.15"
::1 - - [25/Jul/2025:06:53:18 +0000] "POST /users/login HTTP/1.1" 200 884 "https://localhost:3001/" "Mozilla/5.0 (Macintosh; Intel Mac OS X 10_15_7) AppleWebKit/605.1.15 (KHTML, like Gecko) Version/18.5 Safari/605.1.15"
::1 - - [25/Jul/2025:06:53:18 +0000] "GET /category?search=&page=1&size=50 HTTP/1.1" 200 789 "https://localhost:3001/" "Mozilla/5.0 (Macintosh; Intel Mac OS X 10_15_7) AppleWebKit/605.1.15 (KHTML, like Gecko) Version/18.5 Safari/605.1.15"
::1 - - [25/Jul/2025:06:53:18 +0000] "GET /property/all?search=&page=1&size=8&price=-1 HTTP/1.1" 200 1265 "https://localhost:3001/" "Mozilla/5.0 (Macintosh; Intel Mac OS X 10_15_7) AppleWebKit/605.1.15 (KHTML, like Gecko) Version/18.5 Safari/605.1.15"
::1 - - [25/Jul/2025:07:43:41 +0000] "GET /category?search=&page=1&size=50 HTTP/1.1" 200 789 "https://localhost:3001/" "Mozilla/5.0 (Macintosh; Intel Mac OS X 10_15_7) AppleWebKit/605.1.15 (KHTML, like Gecko) Version/18.5 Safari/605.1.15"
::1 - - [25/Jul/2025:07:43:41 +0000] "GET /property/all?search=&page=1&size=8&price=-1 HTTP/1.1" 200 1265 "https://localhost:3001/" "Mozilla/5.0 (Macintosh; Intel Mac OS X 10_15_7) AppleWebKit/605.1.15 (KHTML, like Gecko) Version/18.5 Safari/605.1.15"
