::1 - - [14/Jul/2025:03:33:29 +0000] "GET /category?search=&page=1&size=50 HTTP/1.1" 200 789 "https://localhost:3001/" "Mozilla/5.0 (Macintosh; Intel Mac OS X 10_15_7) AppleWebKit/605.1.15 (KHTML, like Gecko) Version/18.5 Safari/605.1.15"
::1 - - [14/Jul/2025:03:33:29 +0000] "GET /property/all?search=&page=1&size=8&price=-1 HTTP/1.1" 200 1265 "https://localhost:3001/" "Mozilla/5.0 (Macintosh; Intel Mac OS X 10_15_7) AppleWebKit/605.1.15 (KHTML, like Gecko) Version/18.5 Safari/605.1.15"
::1 - - [14/Jul/2025:03:33:29 +0000] "GET /public/uploads/1752314312295Screenshot%202025-07-12%20at%2014.27.18.png HTTP/1.1" 200 1031399 "https://localhost:3001/" "Mozilla/5.0 (Macintosh; Intel Mac OS X 10_15_7) AppleWebKit/605.1.15 (KHTML, like Gecko) Version/18.5 Safari/605.1.15"
::1 - - [14/Jul/2025:03:33:29 +0000] "GET /public/uploads/1752337903925Screenshot%202025-07-12%20at%2014.27.18.png HTTP/1.1" 200 1031399 "https://localhost:3001/" "Mozilla/5.0 (Macintosh; Intel Mac OS X 10_15_7) AppleWebKit/605.1.15 (KHTML, like Gecko) Version/18.5 Safari/605.1.15"
::1 - - [14/Jul/2025:03:33:29 +0000] "GET /public/uploads/1752336738190APPLICATION%20OF%20PASSWORD%20SECURITY%20-%20visual%20selection.png HTTP/1.1" 200 240388 "https://localhost:3001/" "Mozilla/5.0 (Macintosh; Intel Mac OS X 10_15_7) AppleWebKit/605.1.15 (KHTML, like Gecko) Version/18.5 Safari/605.1.15"
::1 - - [14/Jul/2025:03:33:32 +0000] "GET /property/sgaar_4229 HTTP/1.1" 200 433 "https://localhost:3001/" "Mozilla/5.0 (Macintosh; Intel Mac OS X 10_15_7) AppleWebKit/605.1.15 (KHTML, like Gecko) Version/18.5 Safari/605.1.15"
::1 - - [14/Jul/2025:03:33:32 +0000] "GET /reviews/687231c823e0d1c7affd6b2f?page=1&size=999 HTTP/1.1" 200 44 "https://localhost:3001/" "Mozilla/5.0 (Macintosh; Intel Mac OS X 10_15_7) AppleWebKit/605.1.15 (KHTML, like Gecko) Version/18.5 Safari/605.1.15"
::1 - - [14/Jul/2025:03:33:32 +0000] "GET /public/uploads/1752314312295Screenshot%202025-07-12%20at%2014.27.18.png HTTP/1.1" 200 1031399 "https://localhost:3001/" "Mozilla/5.0 (Macintosh; Intel Mac OS X 10_15_7) AppleWebKit/605.1.15 (KHTML, like Gecko) Version/18.5 Safari/605.1.15"
::1 - - [14/Jul/2025:03:33:37 +0000] "GET /category?search=&page=1&size=50 HTTP/1.1" 200 789 "https://localhost:3001/" "Mozilla/5.0 (Macintosh; Intel Mac OS X 10_15_7) AppleWebKit/605.1.15 (KHTML, like Gecko) Version/18.5 Safari/605.1.15"
::1 - - [14/Jul/2025:03:33:37 +0000] "GET /property/all?search=&page=1&size=8&price=-1 HTTP/1.1" 200 1265 "https://localhost:3001/" "Mozilla/5.0 (Macintosh; Intel Mac OS X 10_15_7) AppleWebKit/605.1.15 (KHTML, like Gecko) Version/18.5 Safari/605.1.15"
::1 - - [14/Jul/2025:03:33:37 +0000] "GET /public/uploads/1752314312295Screenshot%202025-07-12%20at%2014.27.18.png HTTP/1.1" 200 1031399 "https://localhost:3001/" "Mozilla/5.0 (Macintosh; Intel Mac OS X 10_15_7) AppleWebKit/605.1.15 (KHTML, like Gecko) Version/18.5 Safari/605.1.15"
::1 - - [14/Jul/2025:03:33:37 +0000] "GET /public/uploads/1752337903925Screenshot%202025-07-12%20at%2014.27.18.png HTTP/1.1" 200 1031399 "https://localhost:3001/" "Mozilla/5.0 (Macintosh; Intel Mac OS X 10_15_7) AppleWebKit/605.1.15 (KHTML, like Gecko) Version/18.5 Safari/605.1.15"
::1 - - [14/Jul/2025:03:33:37 +0000] "GET /public/uploads/1752336738190APPLICATION%20OF%20PASSWORD%20SECURITY%20-%20visual%20selection.png HTTP/1.1" 200 240388 "https://localhost:3001/" "Mozilla/5.0 (Macintosh; Intel Mac OS X 10_15_7) AppleWebKit/605.1.15 (KHTML, like Gecko) Version/18.5 Safari/605.1.15"
::1 - - [14/Jul/2025:03:33:41 +0000] "GET /category?search=&page=1&size=50 HTTP/1.1" 200 789 "https://localhost:3001/" "Mozilla/5.0 (Macintosh; Intel Mac OS X 10_15_7) AppleWebKit/605.1.15 (KHTML, like Gecko) Version/18.5 Safari/605.1.15"
::1 - - [14/Jul/2025:03:33:41 +0000] "GET /property/all?page=1&size=50&price=&category=686fe8898c1d21bde54c5461&date= HTTP/1.1" 200 881 "https://localhost:3001/" "Mozilla/5.0 (Macintosh; Intel Mac OS X 10_15_7) AppleWebKit/605.1.15 (KHTML, like Gecko) Version/18.5 Safari/605.1.15"
::1 - - [14/Jul/2025:03:33:41 +0000] "GET /public/uploads/1752337903925Screenshot%202025-07-12%20at%2014.27.18.png HTTP/1.1" 200 1031399 "https://localhost:3001/" "Mozilla/5.0 (Macintosh; Intel Mac OS X 10_15_7) AppleWebKit/605.1.15 (KHTML, like Gecko) Version/18.5 Safari/605.1.15"
::1 - - [14/Jul/2025:03:33:41 +0000] "GET /public/uploads/1752336738190APPLICATION%20OF%20PASSWORD%20SECURITY%20-%20visual%20selection.png HTTP/1.1" 200 240388 "https://localhost:3001/" "Mozilla/5.0 (Macintosh; Intel Mac OS X 10_15_7) AppleWebKit/605.1.15 (KHTML, like Gecko) Version/18.5 Safari/605.1.15"
::1 - - [14/Jul/2025:03:33:42 +0000] "GET /property/all?page=1&size=50&price=&category=686fe8818c1d21bde54c5459&date= HTTP/1.1" 200 101 "https://localhost:3001/" "Mozilla/5.0 (Macintosh; Intel Mac OS X 10_15_7) AppleWebKit/605.1.15 (KHTML, like Gecko) Version/18.5 Safari/605.1.15"
::1 - - [14/Jul/2025:03:33:43 +0000] "GET /property/all?page=1&size=50&price=&category=686fe84a8c1d21bde54c5452&date= HTTP/1.1" 200 101 "https://localhost:3001/" "Mozilla/5.0 (Macintosh; Intel Mac OS X 10_15_7) AppleWebKit/605.1.15 (KHTML, like Gecko) Version/18.5 Safari/605.1.15"
::1 - - [14/Jul/2025:03:33:43 +0000] "GET /property/all?page=1&size=50&price=&category=686fe8918c1d21bde54c546a&date= HTTP/1.1" 200 485 "https://localhost:3001/" "Mozilla/5.0 (Macintosh; Intel Mac OS X 10_15_7) AppleWebKit/605.1.15 (KHTML, like Gecko) Version/18.5 Safari/605.1.15"
::1 - - [14/Jul/2025:03:33:43 +0000] "GET /public/uploads/1752314312295Screenshot%202025-07-12%20at%2014.27.18.png HTTP/1.1" 200 1031399 "https://localhost:3001/" "Mozilla/5.0 (Macintosh; Intel Mac OS X 10_15_7) AppleWebKit/605.1.15 (KHTML, like Gecko) Version/18.5 Safari/605.1.15"
::1 - - [14/Jul/2025:03:34:13 +0000] "GET /property/all?page=1&size=50&price=&category=686fe84a8c1d21bde54c5452&date= HTTP/1.1" 200 101 "https://localhost:3001/" "Mozilla/5.0 (Macintosh; Intel Mac OS X 10_15_7) AppleWebKit/605.1.15 (KHTML, like Gecko) Version/18.5 Safari/605.1.15"
::1 - - [14/Jul/2025:03:34:15 +0000] "GET /property/all?page=1&size=50&price=&category=686fe8818c1d21bde54c5459&date= HTTP/1.1" 200 101 "https://localhost:3001/" "Mozilla/5.0 (Macintosh; Intel Mac OS X 10_15_7) AppleWebKit/605.1.15 (KHTML, like Gecko) Version/18.5 Safari/605.1.15"
